[boost-interior-demo] package eeb82881a2fcf5f1… (build 384008316a39e1d5…, interior-01-1.6.2-d5d4b4557a20) · 144 files · 7385651 B · host interior-demo.boostweb.co.kr
[boost-interior-demo] store: wrangler --remote boost-sites-artifacts · concurrency 4
[boost-interior-demo] uploaded 144/144
[boost-interior-demo] verified 144/144 (sha256 + size)
[boost-interior-demo] sealed sites/boost-interior-demo/packages/eeb82881a2fcf5f10dafa1148c1e4d3eb6aef84dd4afbfa8a2af3f8c6870e44d/_package.json
[boost-interior-demo] activate: false → routing/interior-demo.boostweb.co.kr.json not read, not written
{
  "status": "uploaded",
  "siteId": "boost-interior-demo",
  "hostname": "interior-demo.boostweb.co.kr",
  "bucket": "boost-sites-artifacts",
  "packagePrefix": "sites/boost-interior-demo/packages/eeb82881a2fcf5f10dafa1148c1e4d3eb6aef84dd4afbfa8a2af3f8c6870e44d/",
  "routingKey": "routing/interior-demo.boostweb.co.kr.json",
  "packageHash": "eeb82881a2fcf5f10dafa1148c1e4d3eb6aef84dd4afbfa8a2af3f8c6870e44d",
  "buildInputId": "384008316a39e1d58a0311af2410bcb20e57afabf1c2af6836fbfeb2bdbb0924",
  "releaseId": "interior-01-1.6.2-d5d4b4557a20",
  "bakedOrigin": "https://interior-demo.boostweb.co.kr",
  "files": 144,
  "bytes": 7385651,
  "objectsPlanned": 146,
  "byContentType": {
    "text/html; charset=utf-8": 15,
    "text/plain; charset=utf-8": 57,
    "application/json": 2,
    "text/javascript; charset=utf-8": 16,
    "text/css; charset=utf-8": 1,
    "image/jpeg": 51,
    "image/svg+xml": 1,
    "application/xml": 1
  },
  "byCachePolicy": {
    "revalidate: public, max-age=0, must-revalidate": 75,
    "next-static: public, max-age=31536000, immutable": 17,
    "content-addressed: public, max-age=31536000, immutable": 52
  },
  "warnings": [],
  "upload": "uploaded",
  "uploaded": 144,
  "verified": 144,
  "pointerWrite": "not-activated"
}
