[boost-interior-demo] package eeb82881a2fcf5f1… (build 384008316a39e1d5…, interior-01-1.6.2-d5d4b4557a20) · 144 files · 7385651 B · host interior-demo.boostweb.co.kr
[boost-interior-demo] store: wrangler --remote boost-sites-artifacts · concurrency 4
[boost-interior-demo] seal present and identical → immutable skip (0 uploads)
[boost-interior-demo] routing/interior-demo.boostweb.co.kr.json → eeb82881a2fcf5f1… (previous e562dedd17e9b7ae…)
{
  "status": "published",
  "siteId": "boost-interior-demo",
  "hostname": "interior-demo.boostweb.co.kr",
  "bucket": "boost-sites-artifacts",
  "packagePrefix": "sites/boost-interior-demo/packages/eeb82881a2fcf5f10dafa1148c1e4d3eb6aef84dd4afbfa8a2af3f8c6870e44d/",
  "routingKey": "routing/interior-demo.boostweb.co.kr.json",
  "packageHash": "eeb82881a2fcf5f10dafa1148c1e4d3eb6aef84dd4afbfa8a2af3f8c6870e44d",
  "buildInputId": "384008316a39e1d58a0311af2410bcb20e57afabf1c2af6836fbfeb2bdbb0924",
  "releaseId": "interior-01-1.6.2-d5d4b4557a20",
  "bakedOrigin": "https://interior-demo.boostweb.co.kr",
  "files": 144,
  "bytes": 7385651,
  "objectsPlanned": 146,
  "byContentType": {
    "text/html; charset=utf-8": 15,
    "text/plain; charset=utf-8": 57,
    "application/json": 2,
    "text/javascript; charset=utf-8": 16,
    "text/css; charset=utf-8": 1,
    "image/jpeg": 51,
    "image/svg+xml": 1,
    "application/xml": 1
  },
  "byCachePolicy": {
    "revalidate: public, max-age=0, must-revalidate": 75,
    "next-static: public, max-age=31536000, immutable": 17,
    "content-addressed: public, max-age=31536000, immutable": 52
  },
  "warnings": [],
  "upload": "skipped-sealed",
  "uploaded": 0,
  "verified": 0,
  "pointerWrite": "written",
  "previous": {
    "siteId": "boost-interior-demo",
    "packageHash": "e562dedd17e9b7aeaf44e3c12e5474de40b155427bea97679c7ac11f57d47be8",
    "buildInputId": "01f7ac782e5c67246443ef7a074ab20a60305b10912a11512c0be3b0d5d4cd3d",
    "releaseId": "interior-01-1.6.1-8da56de8d28f",
    "publishedAt": "2026-10-01T14:10:31.215Z"
  }
}
