# STEP 1 live-vs-package parity — 2026-10-02T16:00:03.145Z
host: https://interior-demo.boostweb.co.kr   request header: Accept: */*   method: GET only
package dir: data/site-builds/boost-interior-demo/packages/384008316a39e1d58a0311af2410bcb20e57afabf1c2af6836fbfeb2bdbb0924
build-record packageHash: eeb82881a2fcf5f10dafa1148c1e4d3eb6aef84dd4afbfa8a2af3f8c6870e44d  (expected eeb82881a2fcf5f10dafa1148c1e4d3eb6aef84dd4afbfa8a2af3f8c6870e44d: MATCH)
template: interior-01-1.6.2-d5d4b4557a20
files in site/: 144
addressable files: 142
byte-identical (status 200 + sha256 equal): 142 / 142
identical by extension: {".html":13,".txt":57,".json":2,".js":16,".css":1,".jpg":51,".svg":1,".xml":1}
not addressable (checked through the 404 probe below): 404.html, _not-found.html
MISMATCH (0): []

local 404.html sha256 596464a3913eff36751709672b621fd0d31d3d940e16f431fd8b485797d60b58 (15790 B); local _not-found.html sha256 596464a3913eff36751709672b621fd0d31d3d940e16f431fd8b485797d60b58 (15790 B); identical to each other: true
404 probe /definitely-not-a-page-qa-20261003 → status 404, content-type text/html; charset=utf-8, cache-control no-store, body sha256 596464a3913eff36751709672b621fd0d31d3d940e16f431fd8b485797d60b58 (15790 B), body == 404.html: true
404 probe /portfolio/definitely-not-a-record-qa-20261003 → status 404, content-type text/html; charset=utf-8, cache-control no-store, body sha256 596464a3913eff36751709672b621fd0d31d3d940e16f431fd8b485797d60b58 (15790 B), body == 404.html: true
404 probe /404.html → status 404, content-type text/html; charset=utf-8, cache-control no-store, body sha256 596464a3913eff36751709672b621fd0d31d3d940e16f431fd8b485797d60b58 (15790 B), body == 404.html: true
404 probe /_not-found.html → status 404, content-type text/html; charset=utf-8, cache-control no-store, body sha256 596464a3913eff36751709672b621fd0d31d3d940e16f431fd8b485797d60b58 (15790 B), body == 404.html: true
404 probe /404 → status 404, content-type text/html; charset=utf-8, cache-control no-store, body sha256 596464a3913eff36751709672b621fd0d31d3d940e16f431fd8b485797d60b58 (15790 B), body == 404.html: true
404 probe /_not-found → status 404, content-type text/html; charset=utf-8, cache-control no-store, body sha256 596464a3913eff36751709672b621fd0d31d3d940e16f431fd8b485797d60b58 (15790 B), body == 404.html: true
unknown-path probes answering 404 with the 404.html body: 6 / 6 (the first two are the required check; the rest record how the non-addressable names themselves answer)

RESULT: PASS — identical 142/142 addressable, 2 non-addressable, mismatches 0

# per-file table (verdict, status, local bytes, local sha256, live path)
SAME	200	57016	6282621a1afdc4740b33c5360384c4521b216e100fd4ccab1232f3095fc0acd0	/
SAME	200	27124	3bd5575ef7374af4aeec16f74e610c46c202831f324077bad35f4a82161fbf5e	/__next.__PAGE__.txt
SAME	200	28046	cda926b5ce13d99477f1fccb363bf5c7ec24b60bb2a8d0dcd918d5aa32d32dfe	/__next._full.txt
SAME	200	308	8bbe1aafe1bb8bba3a74f97c4b147191ee7e09a028db669e979c760e0440642f	/__next._tree.txt
SAME	200	274	ef3dff6f711b5a0a31f399d2b1a89b6cf23aa50b438e3445f678af27df7b4adb	/_integration/manifest.json
SAME	200	12060	a3450a7d0cb48d8e5248c392aea6c6dc8a2ca39f448834bc252625bde218363c	/_integration/portfolio.968afbccb944940d8d3c099dd54df5be.json
SAME	200	219	9476e0afd3f9da68a64e6ec58631191fd3eaca62c9f5a377e7517fe9a89e59ea	/_next/static/384008316a39e1d58a0311af2410bcb2/_buildManifest.js
SAME	200	96	5483e3295dc35dfe29ea932efc85341c916f10ff78ff5b0e965e003710893a4a	/_next/static/384008316a39e1d58a0311af2410bcb2/_clientMiddlewareManifest.js
SAME	200	109	d5fb3470a00964f8d90d64db17b68ea25da4e2b3d6611ebdd9561582c5cc4717	/_next/static/384008316a39e1d58a0311af2410bcb2/_ssgManifest.js
SAME	200	8923	48ef51943b2c88d8fc437b64d5ce47b56aeb8dc6f3eb2a79a2aed2beb91f3e91	/_next/static/chunks/03av4zwinu01d.js
SAME	200	112594	0973c1d64c88adc8e3c950410cb58b288f72118d5965b78049438deb8f2f9683	/_next/static/chunks/0cz1d0mv5g_q7.js
SAME	200	14429	6e0e86e6055978665a1fa75585b429bf2180ca21cef2a5320453f7c1d15c83a2	/_next/static/chunks/0rnsp54yxojro.js
SAME	200	229075	493a8fb099312900b047e51a0ba656e16f7352c8ec9a3fd4667d8c7a631c78fe	/_next/static/chunks/1fx8wyr62n54x.js
SAME	200	14379	b8f8238d124348e139a4fc898e933350be5d488aa4c20a79430a0f35e85c8aaf	/_next/static/chunks/1ri8bud4-mtcj.js
SAME	200	3701	bdc0e2ecbc89a1552176379df6af601d9a6dde4767a204ef7794d70d428a1084	/_next/static/chunks/1yjyq_0ur7v-3.js
SAME	200	29003	e5b05cd975fb25b24dcaf882412328d4fd58817ada09b90346d0612588049a33	/_next/static/chunks/22lgiphrawvbj.js
SAME	200	163778	d8732d454d68d7bd6c09103fc01acbcfc448346e4e3528f41bc47c93c8dcce13	/_next/static/chunks/2fo9hoy1stmbs.js
SAME	200	23133	8ba030d7dfd589a3fa6e5da7d72b78998b47f20963289a5ae328a7a5e9536417	/_next/static/chunks/332uslzbhf388.js
SAME	200	39134	671727f759bb45c2c2b074adb17daf9fe440558d145fa5a0ef762257f56382ae	/_next/static/chunks/35196xyr996k4.css
SAME	200	12050	9c34fb7d2ea72cd732eba516a87d17d7c47b956a1c1f2844e9efa9eb4900878d	/_next/static/chunks/357lobkhknrl3.js
SAME	200	10849	0613364664f795599d55ba101454f551c6c3b0f415238c1370b27a1ee5862e5d	/_next/static/chunks/3dv1jar9uk9_d.js
SAME	200	5364	d240b1f487074dae30276381cd3620fe904fc8e3e0f982093755f0416cdec23d	/_next/static/chunks/3yh5jaalv1u8v.js
SAME	200	9652	a7fdcd6a359dc628f0004e904c61ac919b549584942547421b76f37d9ab61160	/_next/static/chunks/turbopack-3oqcsbkplb52c.js
SAME	200	9772	1cbcef2eb2d9c7467b2168f52a220c11336c01bac15528eba146199c1bae2a15	/_not-found.txt
SAME	200	9772	1cbcef2eb2d9c7467b2168f52a220c11336c01bac15528eba146199c1bae2a15	/_not-found/__next._full.txt
SAME	200	8659	ad9adb85e89eea4bc6a7431a474e9536dba2efc7ff70d7664e9ee49308b5cdb4	/_not-found/__next._not-found.__PAGE__.txt
SAME	200	386	e2a82d1e5ea1850e873d919a16817f06224fc1a6fa1b27f35904ac6eac537c73	/_not-found/__next._tree.txt
SAME	200	19483	9552a59eb5fbffc65a979380499821b0be0ebb93be4d5ce19dfecc8f2abc2dd2	/3d-portfolio
SAME	200	11638	721164e832a4f81a7011d98314908254d6ddd1d288d685d7d46de4b44ed983f6	/3d-portfolio.txt
SAME	200	11638	721164e832a4f81a7011d98314908254d6ddd1d288d685d7d46de4b44ed983f6	/3d-portfolio/__next._full.txt
SAME	200	387	93b692db2a9b2f95e9182049aef8b5e52611971252c6a6ed9a9c4e2fb4ff0cf0	/3d-portfolio/__next._tree.txt
SAME	200	10513	9a202cd85dea31a4e8ee096c4b12ad7c96adda58d9303c3dbe39e2224fa9bede	/3d-portfolio/__next.3d-portfolio.__PAGE__.txt
SAME	200	26954	d0af3e091bfa9e5cd15ce736ade464221aac4a29f3883b050a343fb6ec4d583b	/about
SAME	200	15608	1d4fce961e8ed60086dbfd4540f50397461ff543fa791d792c6677102c1ecac1	/about.txt
SAME	200	15608	1d4fce961e8ed60086dbfd4540f50397461ff543fa791d792c6677102c1ecac1	/about/__next._full.txt
SAME	200	428	289f6f3620bb8c9e1034af716dc7c2049ab40925e6439c8714224052e14a9a91	/about/__next._tree.txt
SAME	200	14519	9c718a9bbadd547f097f5d079795e15ed70b3250ad9c8aae7b720b00637ce3cc	/about/__next.about.__PAGE__.txt
SAME	200	104478	03c625140dc4df674fb8db0e33f41f9ead260515a17c45ed739a4fd08b9a6d4c	/assets/03c625140dc4df674fb8.jpg
SAME	200	121887	0600f0ac3c687ecd0dd0c970fa176c0d567c68bc1e0afcef87409f1ae7aa291b	/assets/0600f0ac3c687ecd0dd0.jpg
SAME	200	107546	07ec6b76f44294d581b49703f0e2528b643fe1dc99daa9b95e91c038e61198ec	/assets/07ec6b76f44294d581b4.jpg
SAME	200	161536	08264a88e6ee7942e6532718af74ed5a1c75fb6d41f2d53ad5f9100dc53d87fe	/assets/08264a88e6ee7942e653.jpg
SAME	200	82703	182b10d12703311adcc000dab3e14476b434702be979a791a3db817e617834c3	/assets/182b10d12703311adcc0.jpg
SAME	200	80183	199fd9974b0751f2895fcbc0780d4075010db0d56b16cf1b4ea9c5366fb09ad8	/assets/199fd9974b0751f2895f.jpg
SAME	200	117246	1c6712572d180dc7c4520e1fe09b2b9e566688e28a75334f93c4a59752a0e8f2	/assets/1c6712572d180dc7c452.jpg
SAME	200	41346	28e509d82b6fed55b059e2c6523cf65a2e52ae8e4d854f1b7efa3391f1d4d150	/assets/28e509d82b6fed55b059.jpg
SAME	200	64413	2b91ee6881f22ef144f703ca6cf82ca6d79e27ed85795210da5e22da607a2118	/assets/2b91ee6881f22ef144f7.jpg
SAME	200	101056	32ad6fbb9b421e99a85e8bee5593dda15546c4b72d644d4afee037c088d2eab4	/assets/32ad6fbb9b421e99a85e.jpg
SAME	200	113405	33888d63a7dbd1775c7862f2125714127feabc2383a7a1c4576d635692c5aee1	/assets/33888d63a7dbd1775c78.jpg
SAME	200	113234	355dc4cf898996bc71c41113225be6e506daa9afc4eee917d87d1b9fcb5c92cc	/assets/355dc4cf898996bc71c4.jpg
SAME	200	73157	35bdc95c6927ab36d473af5f8e574a455f6408119892f9a2a46e0f0199aca300	/assets/35bdc95c6927ab36d473.jpg
SAME	200	74267	4343da24fbd05fdf18033a0f52e024fda18f1b38cf0d4259702eddff1d4603e1	/assets/4343da24fbd05fdf1803.jpg
SAME	200	74411	48935a1375b5da6944fe087081da242b20b2caf9d8b9ca5afedd3c5f7e3e8a9e	/assets/48935a1375b5da6944fe.jpg
SAME	200	104536	4af2694f60ddc99e52c83c60eade6a37def10784bb8fbcb318ffd87b89ab019d	/assets/4af2694f60ddc99e52c8.jpg
SAME	200	121576	4b97ec9364e732e50f19e63326ca4f1ae263544b436eed00cff7b96e9c1646af	/assets/4b97ec9364e732e50f19.jpg
SAME	200	185197	4be5034c5e9fbb7ddbc4190fbfd0361bfd1b64aaa3c43bf0e043b470c64c61d1	/assets/4be5034c5e9fbb7ddbc4.jpg
SAME	200	90457	4e9e56896ab0d2b54fcbb1a5607b57bd092040f5a0aaa900aca0b324a63e3cde	/assets/4e9e56896ab0d2b54fcb.jpg
SAME	200	92166	56a3843724daa69373331e4ada1328487b3dca71753d3fc1d59a0794d95c5039	/assets/56a3843724daa6937333.jpg
SAME	200	70084	577175ea94dda5ded468ee9fcd181d23d1e5654e263ee1249dbd64f810a3bd36	/assets/577175ea94dda5ded468.jpg
SAME	200	79062	609e7b56f7660f5d1f9d575e3c45e3d43899ca3bcdb73d436c62f4f3d08c179c	/assets/609e7b56f7660f5d1f9d.jpg
SAME	200	103403	663c832e823436b126173dc6f79c655bbcc1f74760b8e9eddef1670ff4b43abe	/assets/663c832e823436b12617.jpg
SAME	200	94499	6cfd586c71fbe0ba477f35b12477a8e0bdc61cb54b71d695c43142aaa8f19d03	/assets/6cfd586c71fbe0ba477f.jpg
SAME	200	109938	7195aa06baefdddd0b4f7e86d0a45903f62781426559135331d34df1db7bfc79	/assets/7195aa06baefdddd0b4f.jpg
SAME	200	137779	75080da815b0adb4c7c24b0eda05c4d1de2767d953b12d7bdff606533c758546	/assets/75080da815b0adb4c7c2.jpg
SAME	200	81423	7ec4f2edabb354feed2baec3ed6e77d960d692941b5ebdff9daa8708678b0619	/assets/7ec4f2edabb354feed2b.jpg
SAME	200	210048	856ec64c8be5f611633029a530d63dd7e72088e65e8942b758ac4c74d0250468	/assets/856ec64c8be5f6116330.jpg
SAME	200	128635	8653c74f8aa70a30f10aa518feb82087f5f7e5f25226484cabb1905089505bdd	/assets/8653c74f8aa70a30f10a.jpg
SAME	200	92326	8b1f5ef894985ebb1ef9136972c3f2c8859eda04c97a2d29405debce70c686be	/assets/8b1f5ef894985ebb1ef9.jpg
SAME	200	109777	8daebf386f8059ddefbf0e1b86979126b935f73a3b83a2db1f0e0e98a246070c	/assets/8daebf386f8059ddefbf.jpg
SAME	200	80717	8f3c4902540b7804ba70318c1050d47bb4d9bb318642d00541343e283ec1d15e	/assets/8f3c4902540b7804ba70.jpg
SAME	200	97490	a0cc4c543e356c7500b0b3f52bbbb71af3463aa01eb09df0be2cebdd56e13e57	/assets/a0cc4c543e356c7500b0.jpg
SAME	200	131923	a22c7c19f9eec1cbe28c90493dc08e781ee05a1313dd18cc7412c805182a7534	/assets/a22c7c19f9eec1cbe28c.jpg
SAME	200	78799	a616c97fe4f8a313857d05c8473d1933371142800a9aa6df10de535d605ed3cf	/assets/a616c97fe4f8a313857d.jpg
SAME	200	127374	a8561a8687889c451aab4e2c3fc2b8543b7839dad4d3a1c225fc066037ff885d	/assets/a8561a8687889c451aab.jpg
SAME	200	140353	abf30eeda1c2ecb6ec9d4eba630103c7a7e856a4e749315d5bc898586110464f	/assets/abf30eeda1c2ecb6ec9d.jpg
SAME	200	108473	ae004e4b853e6c005daa1ab6274764cf41231469e3d58a67f537f8564140bc04	/assets/ae004e4b853e6c005daa.jpg
SAME	200	102996	b079d5a93c72855ef8b1bb9be3488c8a1e98afd155f23fd7bbb0b026c72ed70c	/assets/b079d5a93c72855ef8b1.jpg
SAME	200	178543	b3db719ea85bd69cade657b4b619b6bf51ffc13a0fc40ff3034a60ed5b7bb9db	/assets/b3db719ea85bd69cade6.jpg
SAME	200	51886	b5a1855e08067d3f99a68f0560c73b9928c6c687234cf7c3ab8fec151d4d05d4	/assets/b5a1855e08067d3f99a6.jpg
SAME	200	101693	b8128017c5b56ba994ef46409275945dc46e28a0d3b4d1d6d0e86e266a60d877	/assets/b8128017c5b56ba994ef.jpg
SAME	200	105675	c4b8793c0ec308e9cf15f0449c127a970069fc69e5c4340c16744f951ff0d8b7	/assets/c4b8793c0ec308e9cf15.jpg
SAME	200	103435	c562c8736b1f564a52ea6d362c06f0958eaf2412dab500716c9ac2709c6208bb	/assets/c562c8736b1f564a52ea.jpg
SAME	200	96324	c57b5e6d1063af11ee9de790d124f27ccad2c41c1ad9fbc282cabef4391ad101	/assets/c57b5e6d1063af11ee9d.jpg
SAME	200	76842	cd3e8a9229bd532c8354823bf602fa4c6f4b0c97596816d7ae5bc71e21efad34	/assets/cd3e8a9229bd532c8354.jpg
SAME	200	169480	e3bde7e30b04ce357a9fe36fde1a8378ea6cfa2479b9d37cbefdad55fbeda2fa	/assets/e3bde7e30b04ce357a9f.jpg
SAME	200	108458	eedea9f15df0a895a8d60e80b880d608ee72c1d14653f12d0771c7f001b5793f	/assets/eedea9f15df0a895a8d6.jpg
SAME	200	145581	f0e9c3eb5d869b3fc459b7163c9e714801175e6ee864ad54b0e3174547870a14	/assets/f0e9c3eb5d869b3fc459.jpg
SAME	200	86069	f7772497b1c65dd3709413d784bd25fd1aba773c0faf9dab29dbf169daf19214	/assets/f7772497b1c65dd37094.jpg
SAME	200	625	f7fc7d18036335e53d7b8e0728ebb24b4f7130b2e93ae987c84ef52ae468688b	/assets/f7fc7d18036335e53d7b.svg
SAME	200	138810	fe692f4427f5f1c8f80fa2988dcd375c787596d2dce80cc4a076ac28b441d5e2	/assets/fe692f4427f5f1c8f80f.jpg
SAME	200	24649	2eb28c896ce49b5461ae6adf32ee2b62aba5abb110ef4e73e638e8362f6afc01	/contact
SAME	200	13147	73428ebb68b2a3980a0d407b16be8b7145bcfc46d3099650df90a29ab186b758	/contact.txt
SAME	200	13147	73428ebb68b2a3980a0d407b16be8b7145bcfc46d3099650df90a29ab186b758	/contact/__next._full.txt
SAME	200	382	0ef8a19d2ac94770146d7c7b0961de7580cf4f8c559af9422555227861c534b4	/contact/__next._tree.txt
SAME	200	12105	4fa435d70157cf788f79517e9a540897f38645d673d43e937641d8a6a07bda41	/contact/__next.contact.__PAGE__.txt
SAME	200	28046	cda926b5ce13d99477f1fccb363bf5c7ec24b60bb2a8d0dcd918d5aa32d32dfe	/index.txt
SAME	200	43835	342874a8991525a229f4be3cd3a50adf0b91bb92c8df8cd23afd52542c07ed6d	/portfolio
SAME	200	23929	04d5f951bf7bfe99c77446ae430c7ec0d7387b92654142052662282feed41ff1	/portfolio.txt
SAME	200	23929	04d5f951bf7bfe99c77446ae430c7ec0d7387b92654142052662282feed41ff1	/portfolio/__next._full.txt
SAME	200	432	418003ef5d5ee2a02849025c2484f686ec4e0b91f645116b85bfc1440abda628	/portfolio/__next._tree.txt
SAME	200	22832	09413771258a67ad71f2196fd3830bc6d5ee52afa8feed89b35882d3b9756567	/portfolio/__next.portfolio.__PAGE__.txt
SAME	200	38579	9950c319fe6d09ddfa3be0e012e5612fa8fdb6998e01aaa1d69adbbaafb44cde	/portfolio/buk-32py-kitchen-bathroom-renewal
SAME	200	17366	51c6084885096c58dc52ba5ee8045f71362dab40d84979847984627a116bb4d6	/portfolio/buk-32py-kitchen-bathroom-renewal.txt
SAME	200	17366	51c6084885096c58dc52ba5ee8045f71362dab40d84979847984627a116bb4d6	/portfolio/buk-32py-kitchen-bathroom-renewal/__next._full.txt
SAME	200	519	743635ed0f57c0c8d429558470c1c019d2e3728b76ab28ed6bcfb274ecc28e95	/portfolio/buk-32py-kitchen-bathroom-renewal/__next._tree.txt
SAME	200	15939	ad40ce7aa6004ef447a805af1c0522e931467a17f521962af9c143e4d67a4c99	/portfolio/buk-32py-kitchen-bathroom-renewal/__next.portfolio.$d$slug.__PAGE__.txt
SAME	200	35515	47e673258a4218645e4692c090039646c997745512f33eae34c2b09d69b39824	/portfolio/dalseo-24py-white-natural-newlywed-home
SAME	200	17282	4162da9f1853f993fd13eb439805cbee4b29b3837c5b68db47e36ce5409a3cc1	/portfolio/dalseo-24py-white-natural-newlywed-home.txt
SAME	200	17282	4162da9f1853f993fd13eb439805cbee4b29b3837c5b68db47e36ce5409a3cc1	/portfolio/dalseo-24py-white-natural-newlywed-home/__next._full.txt
SAME	200	525	e45b68dc30cf344043dc0de79e0fe9a357a97cc98283cd162848f28915fd845a	/portfolio/dalseo-24py-white-natural-newlywed-home/__next._tree.txt
SAME	200	15809	27fec177da9fda3349843a5d60d67caa39250fde18af5c6758dca3c5d494aa8e	/portfolio/dalseo-24py-white-natural-newlywed-home/__next.portfolio.$d$slug.__PAGE__.txt
SAME	200	34330	8ef5535391053c39aedc5b0207f508fa5c836c77e9a27395be23b085451a7431	/portfolio/dong-29py-bright-natural-remodeling
SAME	200	16681	df2872d45b9df4855fb173a2f590469fa02fc0ed75fe32d0b9318e98cd67f701	/portfolio/dong-29py-bright-natural-remodeling.txt
SAME	200	16681	df2872d45b9df4855fb173a2f590469fa02fc0ed75fe32d0b9318e98cd67f701	/portfolio/dong-29py-bright-natural-remodeling/__next._full.txt
SAME	200	521	155f9a1d84d5330f3ec1e636957fcac63fc315b7195bf75d4ce258cf462e9bb7	/portfolio/dong-29py-bright-natural-remodeling/__next._tree.txt
SAME	200	15204	dadfb5ed141940a57ba3ec715b10f2c61e6b7e607c6348625d81cb3d28f7025f	/portfolio/dong-29py-bright-natural-remodeling/__next.portfolio.$d$slug.__PAGE__.txt
SAME	200	35751	82090a5661c05da374bfefdf26125c7dae7edf17a921d0e60dd93de38ee29693	/portfolio/gyeongsan-34py-entrance-living-remodeling
SAME	200	17213	35272823fb262eb27a5c5c571b93feb9e843819189e557a834388bd75a837556	/portfolio/gyeongsan-34py-entrance-living-remodeling.txt
SAME	200	17213	35272823fb262eb27a5c5c571b93feb9e843819189e557a834388bd75a837556	/portfolio/gyeongsan-34py-entrance-living-remodeling/__next._full.txt
SAME	200	527	a585e912a6d7cd3a89dfe9d9614cdb55f34ba28dbb9933e7ffc23620d3c64779	/portfolio/gyeongsan-34py-entrance-living-remodeling/__next._tree.txt
SAME	200	15746	d9bf456ec2bf3f473428f387c721a1d0de8158dff8527c1a20d9b726831d78a3	/portfolio/gyeongsan-34py-entrance-living-remodeling/__next.portfolio.$d$slug.__PAGE__.txt
SAME	200	34755	afe54d665e5a302a1f3a5564ba135ffcc9323bbc12e86c99ca9323031b10b7ad	/portfolio/jung-19py-compact-white-minimal-remodeling
SAME	200	16972	9a7f20a72d7e4d67dd22e43d4009b26704c3476eb60ef30bbe6ea4a0c2066348	/portfolio/jung-19py-compact-white-minimal-remodeling.txt
SAME	200	16972	9a7f20a72d7e4d67dd22e43d4009b26704c3476eb60ef30bbe6ea4a0c2066348	/portfolio/jung-19py-compact-white-minimal-remodeling/__next._full.txt
SAME	200	528	749b3fbd2f9f29bdc48516e052bb74349617461c421ad028964fb28c0e848bf6	/portfolio/jung-19py-compact-white-minimal-remodeling/__next._tree.txt
SAME	200	15483	69fae99343d9384fa4c01ba74580ca064309ea895c5ffdeb29f941ca2785daa6	/portfolio/jung-19py-compact-white-minimal-remodeling/__next.portfolio.$d$slug.__PAGE__.txt
SAME	200	37616	df9503b877e841e5783e43703ace8d8365af3d890b43bcccdbae600b77eaa1b4	/portfolio/suseong-42py-family-storage-remodeling
SAME	200	17773	ba945236cf646815141e3919dc96eb36142ef9dee95131f541e4888a3f19031b	/portfolio/suseong-42py-family-storage-remodeling.txt
SAME	200	17773	ba945236cf646815141e3919dc96eb36142ef9dee95131f541e4888a3f19031b	/portfolio/suseong-42py-family-storage-remodeling/__next._full.txt
SAME	200	524	8f04722b7bdf837a722765ad677cb1e1585de3d8bf1a28dc9ca4a82bae7b5754	/portfolio/suseong-42py-family-storage-remodeling/__next._tree.txt
SAME	200	16280	911b9a14e1e74ba3b5734726ad9d5f8f92d08af326786daa55da0c534c150e7a	/portfolio/suseong-42py-family-storage-remodeling/__next.portfolio.$d$slug.__PAGE__.txt
SAME	200	34251	cfd00b35e003e92b5bd81454e11f387bb6b0829244c5e235111e90cc98d73c34	/portfolio/suseong-51py-new-apartment-home-styling
SAME	200	16707	b7929f0e24d56470b3063c004dc8e7f2198cb7266f8195d011489475b210ffef	/portfolio/suseong-51py-new-apartment-home-styling.txt
SAME	200	16707	b7929f0e24d56470b3063c004dc8e7f2198cb7266f8195d011489475b210ffef	/portfolio/suseong-51py-new-apartment-home-styling/__next._full.txt
SAME	200	525	ff6f2b15a807198366703e2a52bc324be49e3d0357ac9b474050cf97b188077c	/portfolio/suseong-51py-new-apartment-home-styling/__next._tree.txt
SAME	200	15222	9dc363c49b55b887662ef1fb0f6203b98b3d2b605f39c55c55e2f96945b8bc75	/portfolio/suseong-51py-new-apartment-home-styling/__next.portfolio.$d$slug.__PAGE__.txt
SAME	200	53101	720925a00c361d0deef0e9a69ee9ae1a003280389aec341a1aed9895c9fcf32a	/portfolio/suseong-white-34py-apartment-remodeling
SAME	200	20044	84a4931ac8b3a570e0127ed0523bef1678660e81054170b83f6f733d713ba599	/portfolio/suseong-white-34py-apartment-remodeling.txt
SAME	200	20044	84a4931ac8b3a570e0127ed0523bef1678660e81054170b83f6f733d713ba599	/portfolio/suseong-white-34py-apartment-remodeling/__next._full.txt
SAME	200	525	1a3401c4a4688e552d5eb23e52b3bdc5feaf0261a336534c5199abeddfe2150b	/portfolio/suseong-white-34py-apartment-remodeling/__next._tree.txt
SAME	200	18369	8d025d03aceabe5f266d3dee7e5bddef81ca8787c669f0e726587757f856e616	/portfolio/suseong-white-34py-apartment-remodeling/__next.portfolio.$d$slug.__PAGE__.txt
SAME	200	82	d69335aeda39e41342d5c5700e249ef0f2ae644acca360bd28b37f3643654f74	/robots.txt
SAME	200	1335	2275b9c84a8e356c20a8f994d8c57081218e3802247f25873e54c795b0bfb37c	/sitemap.xml
