[boost-interior-demo] release interior-01-1.6.1-8da56de8d28f · buildInputId 43ee5eb0197def64…
[boost-interior-demo] pruned routes with no page: portfolio.page
[boost-interior-demo] integration: 19 records → _integration/portfolio.d95b5cb5f8f05e50e624eb44d39393f5.json (158 ms)
[boost-interior-demo] built in 7s → data/site-builds/boost-interior-demo/packages/43ee5eb0197def645204b0ea203d226121da0c6c59548bbaffc48d12558b99d9
{
  "status": "built",
  "siteId": "boost-interior-demo",
  "buildInputId": "43ee5eb0197def645204b0ea203d226121da0c6c59548bbaffc48d12558b99d9",
  "releaseId": "interior-01-1.6.1-8da56de8d28f",
  "templateSourceHash": "b30123b6ce349b43ceaed173292cef86fdd3fac30e5706efcae0dfb5b4b1ba7a",
  "packageHash": "34e7b92533b8ca898764c6f25b96c95fbcb3a25fa04b32174ae671cc13407013",
  "durationMs": {
    "total": 7438,
    "install": 1516,
    "preflight": 215,
    "nextBuild": 5195,
    "qa": 31
  },
  "qa": {
    "pass": true,
    "files": 199,
    "bytes": 8313468,
    "htmlPages": 26
  },
  "routes": {
    "home": 1,
    "portfolio.index": 1,
    "portfolio.page": 0,
    "portfolio.detail": 19,
    "portfolio3d": 1,
    "about": 1,
    "contact": 1
  },
  "pruned": [
    "portfolio.page"
  ],
  "warnings": [],
  "previous": "32303241c78f10e5edc3a42686680aa5238a8aa76c3192795dc351ffbe55c650"
}
