[boost-interior-demo] release interior-01-1.6.1-8da56de8d28f · buildInputId 3a897d2efbe04357…
[boost-interior-demo] pruned routes with no page: portfolio.page
[boost-interior-demo] integration: 19 records → _integration/portfolio.d95b5cb5f8f05e50e624eb44d39393f5.json (162 ms)
[boost-interior-demo] built in 7s → data/site-builds/boost-interior-demo/packages/3a897d2efbe04357071a8c633a7723f6ed169e7471c96c64258c2577bd026395
{
  "status": "built",
  "siteId": "boost-interior-demo",
  "buildInputId": "3a897d2efbe04357071a8c633a7723f6ed169e7471c96c64258c2577bd026395",
  "releaseId": "interior-01-1.6.1-8da56de8d28f",
  "templateSourceHash": "b30123b6ce349b43ceaed173292cef86fdd3fac30e5706efcae0dfb5b4b1ba7a",
  "packageHash": "480e5e65b0611ab280de8ae0c242e050a5a9711bbeb7f0e90c46c9f5c107298c",
  "durationMs": {
    "total": 7226,
    "install": 1376,
    "preflight": 219,
    "nextBuild": 5142,
    "qa": 29
  },
  "qa": {
    "pass": true,
    "files": 199,
    "bytes": 8313468,
    "htmlPages": 26
  },
  "routes": {
    "home": 1,
    "portfolio.index": 1,
    "portfolio.page": 0,
    "portfolio.detail": 19,
    "portfolio3d": 1,
    "about": 1,
    "contact": 1
  },
  "pruned": [
    "portfolio.page"
  ],
  "warnings": [],
  "previous": "32303241c78f10e5edc3a42686680aa5238a8aa76c3192795dc351ffbe55c650"
}
