[boost-interior-demo] package 480e5e65b0611ab2… (build 3a897d2efbe04357…, interior-01-1.6.1-8da56de8d28f) · 199 files · 8313468 B · host interior-demo.boostweb.co.kr
[boost-interior-demo] store: wrangler --remote boost-sites-artifacts · concurrency 4
[boost-interior-demo] seal present and identical → immutable skip (0 uploads)
[boost-interior-demo] routing/interior-demo.boostweb.co.kr.json → 480e5e65b0611ab2… (previous ada03d20d4c06883…)
{
  "status": "published",
  "siteId": "boost-interior-demo",
  "hostname": "interior-demo.boostweb.co.kr",
  "bucket": "boost-sites-artifacts",
  "packagePrefix": "sites/boost-interior-demo/packages/480e5e65b0611ab280de8ae0c242e050a5a9711bbeb7f0e90c46c9f5c107298c/",
  "routingKey": "routing/interior-demo.boostweb.co.kr.json",
  "packageHash": "480e5e65b0611ab280de8ae0c242e050a5a9711bbeb7f0e90c46c9f5c107298c",
  "buildInputId": "3a897d2efbe04357071a8c633a7723f6ed169e7471c96c64258c2577bd026395",
  "releaseId": "interior-01-1.6.1-8da56de8d28f",
  "bakedOrigin": "https://interior-demo.boostweb.co.kr",
  "files": 199,
  "bytes": 8313468,
  "objectsPlanned": 201,
  "byContentType": {
    "text/html; charset=utf-8": 26,
    "text/plain; charset=utf-8": 101,
    "application/json": 2,
    "text/javascript; charset=utf-8": 16,
    "text/css; charset=utf-8": 1,
    "image/jpeg": 51,
    "image/svg+xml": 1,
    "application/xml": 1
  },
  "byCachePolicy": {
    "revalidate: public, max-age=0, must-revalidate": 130,
    "next-static: public, max-age=31536000, immutable": 17,
    "content-addressed: public, max-age=31536000, immutable": 52
  },
  "warnings": [],
  "upload": "skipped-sealed",
  "uploaded": 0,
  "verified": 0,
  "pointerWrite": "written",
  "previous": {
    "siteId": "boost-interior-demo",
    "packageHash": "ada03d20d4c0688316e274a724d4298aa031128098ed23b591a5b65c004a25d6",
    "buildInputId": "32303241c78f10e5edc3a42686680aa5238a8aa76c3192795dc351ffbe55c650",
    "releaseId": "interior-01-1.6.1-8da56de8d28f",
    "publishedAt": "2026-09-28T14:28:47.096Z"
  }
}
