[boost-interior-demo] release interior-01-1.6.1-8da56de8d28f · buildInputId 71a906c1f284a94f…
[boost-interior-demo] pruned routes with no page: portfolio.page
[boost-interior-demo] integration: 8 records → _integration/portfolio.968afbccb944940d8d3c099dd54df5be.json (147 ms)
[boost-interior-demo] built in 7s → data/site-builds/boost-interior-demo/packages/71a906c1f284a94f22146096313421b0c5c519ee524468c4e602b0f037a0ada8
{
  "status": "built",
  "siteId": "boost-interior-demo",
  "buildInputId": "71a906c1f284a94f22146096313421b0c5c519ee524468c4e602b0f037a0ada8",
  "releaseId": "interior-01-1.6.1-8da56de8d28f",
  "templateSourceHash": "b30123b6ce349b43ceaed173292cef86fdd3fac30e5706efcae0dfb5b4b1ba7a",
  "packageHash": "9d4036baeaa81ad4ec5c05eac230846a61267a2eb1a0c44b87b9a6e510f22819",
  "durationMs": {
    "total": 6985,
    "install": 1300,
    "preflight": 196,
    "nextBuild": 5020,
    "qa": 21
  },
  "qa": {
    "pass": true,
    "files": 144,
    "bytes": 7374877,
    "htmlPages": 15
  },
  "routes": {
    "home": 1,
    "portfolio.index": 1,
    "portfolio.page": 0,
    "portfolio.detail": 8,
    "portfolio3d": 1,
    "about": 1,
    "contact": 1
  },
  "pruned": [
    "portfolio.page"
  ],
  "warnings": [],
  "previous": "71f7e5f3d1a1f6e7773153a1ec091e66b5cfd7d47687af16e94a5ef3c2379407"
}
