[boost-interior-demo] package 9d4036baeaa81ad4… (build 71a906c1f284a94f…, interior-01-1.6.1-8da56de8d28f) · 144 files · 7374877 B · host interior-demo.boostweb.co.kr
[boost-interior-demo] store: wrangler --remote boost-sites-artifacts · concurrency 4
[boost-interior-demo] uploaded 144/144
[boost-interior-demo] verified 144/144 (sha256 + size)
[boost-interior-demo] sealed sites/boost-interior-demo/packages/9d4036baeaa81ad4ec5c05eac230846a61267a2eb1a0c44b87b9a6e510f22819/_package.json
[boost-interior-demo] activate: false → routing/interior-demo.boostweb.co.kr.json not read, not written
{
  "status": "uploaded",
  "siteId": "boost-interior-demo",
  "hostname": "interior-demo.boostweb.co.kr",
  "bucket": "boost-sites-artifacts",
  "packagePrefix": "sites/boost-interior-demo/packages/9d4036baeaa81ad4ec5c05eac230846a61267a2eb1a0c44b87b9a6e510f22819/",
  "routingKey": "routing/interior-demo.boostweb.co.kr.json",
  "packageHash": "9d4036baeaa81ad4ec5c05eac230846a61267a2eb1a0c44b87b9a6e510f22819",
  "buildInputId": "71a906c1f284a94f22146096313421b0c5c519ee524468c4e602b0f037a0ada8",
  "releaseId": "interior-01-1.6.1-8da56de8d28f",
  "bakedOrigin": "https://interior-demo.boostweb.co.kr",
  "files": 144,
  "bytes": 7374877,
  "objectsPlanned": 146,
  "byContentType": {
    "text/html; charset=utf-8": 15,
    "text/plain; charset=utf-8": 57,
    "application/json": 2,
    "text/javascript; charset=utf-8": 16,
    "text/css; charset=utf-8": 1,
    "image/jpeg": 51,
    "image/svg+xml": 1,
    "application/xml": 1
  },
  "byCachePolicy": {
    "revalidate: public, max-age=0, must-revalidate": 75,
    "next-static: public, max-age=31536000, immutable": 17,
    "content-addressed: public, max-age=31536000, immutable": 52
  },
  "warnings": [],
  "upload": "uploaded",
  "uploaded": 144,
  "verified": 144,
  "pointerWrite": "not-activated"
}
exit=0
