# live HTTP checks 2026-09-29T08:29:43Z
manifest: {"schemaVersion":"0.1","site":{"id":"boost-interior-demo","publicOrigin":"https://interior-demo.boostweb.co.kr","locale":"ko-KR"},"resources":{"portfolio":{"href":"/_integration/portfolio.968afbccb944940d8d3c099dd54df5be.json","version":"968afbccb944940d8d3c099dd54df5be"}}}
sitemap <loc> total: 13 ; portfolio detail locs: 8
listing distinct detail hrefs: 8
home distinct detail hrefs: href="/portfolio/buk-32py-kitchen-bathroom-renewal" href="/portfolio/dalseo-24py-white-natural-newlywed-home" href="/portfolio/dong-29py-bright-natural-remodeling" href="/portfolio/gyeongsan-34py-entrance-living-remodeling" href="/portfolio/jung-19py-compact-white-minimal-remodeling" href="/portfolio/suseong-42py-family-storage-remodeling" href="/portfolio/suseong-51py-new-apartment-home-styling" href="/portfolio/suseong-white-34py-apartment-remodeling" 
removed dalseo-34py-value-full-remodeling → 404
removed suseong-34py-expansion-windows-full-remodeling → 404
removed buk-20py-villa-full-remodeling → 404
removed dong-26py-warm-wood-full-remodeling → 404
removed suseong-48py-large-apartment-full-remodeling → 404
removed dalseo-84m2-kitchen-only-renewal → 404
removed jung-single-bathroom-renewal → 404
removed gyeongsan-38py-kitchen-two-bathrooms-renewal → 404
removed buk-112m2-living-room-flooring-renewal → 404
removed seo-30py-entrance-storage-renewal → 404
removed dalseong-32py-whole-flat-wallpaper-flooring → 404
prod suseong-white-34py-apartment-remodeling → 200
prod dalseo-24py-white-natural-newlywed-home → 200
prod suseong-42py-family-storage-remodeling → 200
prod buk-32py-kitchen-bathroom-renewal → 200
prod dong-29py-bright-natural-remodeling → 200
prod gyeongsan-34py-entrance-living-remodeling → 200
prod jung-19py-compact-white-minimal-remodeling → 200
prod suseong-51py-new-apartment-home-styling → 200
old doc 856361f5 → 404
new doc 968afbcc → 200
synthetic titles on listing: 0
