[boost-interior-demo] release interior-01-1.6.1-8da56de8d28f · buildInputId 71f7e5f3d1a1f6e7…
[boost-interior-demo] pruned routes with no page: portfolio.page
[boost-interior-demo] integration: 19 records → _integration/portfolio.856361f52e3f1b5022cce13a31afc171.json (159 ms)
[boost-interior-demo] built in 7s → data/site-builds/boost-interior-demo/packages/71f7e5f3d1a1f6e7773153a1ec091e66b5cfd7d47687af16e94a5ef3c2379407
{
  "status": "built",
  "siteId": "boost-interior-demo",
  "buildInputId": "71f7e5f3d1a1f6e7773153a1ec091e66b5cfd7d47687af16e94a5ef3c2379407",
  "releaseId": "interior-01-1.6.1-8da56de8d28f",
  "templateSourceHash": "b30123b6ce349b43ceaed173292cef86fdd3fac30e5706efcae0dfb5b4b1ba7a",
  "packageHash": "77cc7f9f47adda09d119c6ec5a02626624b4e068b546e15185d39c1658bdbda0",
  "durationMs": {
    "total": 7082,
    "install": 1348,
    "preflight": 198,
    "nextBuild": 5048,
    "qa": 29
  },
  "qa": {
    "pass": true,
    "files": 199,
    "bytes": 8311830,
    "htmlPages": 26
  },
  "routes": {
    "home": 1,
    "portfolio.index": 1,
    "portfolio.page": 0,
    "portfolio.detail": 19,
    "portfolio3d": 1,
    "about": 1,
    "contact": 1
  },
  "pruned": [
    "portfolio.page"
  ],
  "warnings": [],
  "previous": "3a897d2efbe04357071a8c633a7723f6ed169e7471c96c64258c2577bd026395"
}
exit=0
