[boost-interior-demo] package 77cc7f9f47adda09… (build 71f7e5f3d1a1f6e7…, interior-01-1.6.1-8da56de8d28f) · 199 files · 8311830 B · host interior-demo.boostweb.co.kr
[boost-interior-demo] store: wrangler --remote boost-sites-artifacts · concurrency 4
[boost-interior-demo] uploaded 199/199
[boost-interior-demo] verified 199/199 (sha256 + size)
[boost-interior-demo] sealed sites/boost-interior-demo/packages/77cc7f9f47adda09d119c6ec5a02626624b4e068b546e15185d39c1658bdbda0/_package.json
[boost-interior-demo] activate: false → routing/interior-demo.boostweb.co.kr.json not read, not written
{
  "status": "uploaded",
  "siteId": "boost-interior-demo",
  "hostname": "interior-demo.boostweb.co.kr",
  "bucket": "boost-sites-artifacts",
  "packagePrefix": "sites/boost-interior-demo/packages/77cc7f9f47adda09d119c6ec5a02626624b4e068b546e15185d39c1658bdbda0/",
  "routingKey": "routing/interior-demo.boostweb.co.kr.json",
  "packageHash": "77cc7f9f47adda09d119c6ec5a02626624b4e068b546e15185d39c1658bdbda0",
  "buildInputId": "71f7e5f3d1a1f6e7773153a1ec091e66b5cfd7d47687af16e94a5ef3c2379407",
  "releaseId": "interior-01-1.6.1-8da56de8d28f",
  "bakedOrigin": "https://interior-demo.boostweb.co.kr",
  "files": 199,
  "bytes": 8311830,
  "objectsPlanned": 201,
  "byContentType": {
    "text/html; charset=utf-8": 26,
    "text/plain; charset=utf-8": 101,
    "application/json": 2,
    "text/javascript; charset=utf-8": 16,
    "text/css; charset=utf-8": 1,
    "image/jpeg": 51,
    "image/svg+xml": 1,
    "application/xml": 1
  },
  "byCachePolicy": {
    "revalidate: public, max-age=0, must-revalidate": 130,
    "next-static: public, max-age=31536000, immutable": 17,
    "content-addressed: public, max-age=31536000, immutable": 52
  },
  "warnings": [],
  "upload": "uploaded",
  "uploaded": 199,
  "verified": 199,
  "pointerWrite": "not-activated"
}
