[boost-interior-demo] release interior-01-1.5.2-d87807590d64 · buildInputId 0f80b2395724a721…
[boost-interior-demo] pruned routes with no page: portfolio.page
[boost-interior-demo] integration: 8 records → _integration/portfolio.6346c472e162ae07b76a4686fce54c51.json (193 ms)
[boost-interior-demo] built in 8s → data/site-builds/boost-interior-demo/packages/0f80b2395724a721024bd43bcfdac383ba5328e820f2210eebe595002727127a
{
  "status": "built",
  "siteId": "boost-interior-demo",
  "buildInputId": "0f80b2395724a721024bd43bcfdac383ba5328e820f2210eebe595002727127a",
  "releaseId": "interior-01-1.5.2-d87807590d64",
  "templateSourceHash": "2f675577f95459c38c4399300014a25271363d3ecbfbf88100e095417d5e19c3",
  "packageHash": "286d44ab7d1f0c1202e992d8e17e384c6391d5c59d1a1eb321808f0dcc468e9e",
  "durationMs": {
    "total": 7951,
    "install": 1547,
    "preflight": 275,
    "nextBuild": 5560,
    "qa": 21
  },
  "qa": {
    "pass": true,
    "files": 158,
    "bytes": 7396044,
    "htmlPages": 15
  },
  "routes": {
    "home": 1,
    "portfolio.index": 1,
    "portfolio.page": 0,
    "portfolio.detail": 8,
    "portfolio3d": 1,
    "about": 1,
    "contact": 1
  },
  "pruned": [
    "portfolio.page"
  ],
  "warnings": [],
  "previous": "18c0a5eff5abce3fef1cc3f86c0498a3a49dbd03350245eb84e56b46dc60911f"
}
exit 0
