[boost-interior-demo] package 3d2501990056f8da… (build 8a0c21182f47bd45…, interior-01-1.6.3-93977937c0b4) · 144 files · 7391324 B · host interior-demo.boostweb.co.kr

DRY RUN — nothing written. Target bucket: boost-sites-artifacts (remote)
store consulted READ-ONLY (wrangler --remote boost-sites-artifacts [read-only]): seal absent → would upload 144, would skip 0; host serves eeb82881a2fcf5f10dafa1148c1e4d3eb6aef84dd4afbfa8a2af3f8c6870e44d (interior-01-1.6.2-d5d4b4557a20) → pointer write
key	content-type	cache-control	size
sites/boost-interior-demo/packages/3d2501990056f8da6d5e2d9cbed8491a518ca7934bb55309956cd721ad04733b/3d-portfolio.html	text/html; charset=utf-8	public, max-age=0, must-revalidate	19483
sites/boost-interior-demo/packages/3d2501990056f8da6d5e2d9cbed8491a518ca7934bb55309956cd721ad04733b/3d-portfolio.txt	text/plain; charset=utf-8	public, max-age=0, must-revalidate	11638
sites/boost-interior-demo/packages/3d2501990056f8da6d5e2d9cbed8491a518ca7934bb55309956cd721ad04733b/3d-portfolio/__next.3d-portfolio.__PAGE__.txt	text/plain; charset=utf-8	public, max-age=0, must-revalidate	10513
sites/boost-interior-demo/packages/3d2501990056f8da6d5e2d9cbed8491a518ca7934bb55309956cd721ad04733b/3d-portfolio/__next._full.txt	text/plain; charset=utf-8	public, max-age=0, must-revalidate	11638
sites/boost-interior-demo/packages/3d2501990056f8da6d5e2d9cbed8491a518ca7934bb55309956cd721ad04733b/3d-portfolio/__next._tree.txt	text/plain; charset=utf-8	public, max-age=0, must-revalidate	387
sites/boost-interior-demo/packages/3d2501990056f8da6d5e2d9cbed8491a518ca7934bb55309956cd721ad04733b/404.html	text/html; charset=utf-8	public, max-age=0, must-revalidate	15790
sites/boost-interior-demo/packages/3d2501990056f8da6d5e2d9cbed8491a518ca7934bb55309956cd721ad04733b/__next.__PAGE__.txt	text/plain; charset=utf-8	public, max-age=0, must-revalidate	27124
sites/boost-interior-demo/packages/3d2501990056f8da6d5e2d9cbed8491a518ca7934bb55309956cd721ad04733b/__next._full.txt	text/plain; charset=utf-8	public, max-age=0, must-revalidate	28046
sites/boost-interior-demo/packages/3d2501990056f8da6d5e2d9cbed8491a518ca7934bb55309956cd721ad04733b/__next._tree.txt	text/plain; charset=utf-8	public, max-age=0, must-revalidate	308
sites/boost-interior-demo/packages/3d2501990056f8da6d5e2d9cbed8491a518ca7934bb55309956cd721ad04733b/_integration/manifest.json	application/json	public, max-age=0, must-revalidate	274
sites/boost-interior-demo/packages/3d2501990056f8da6d5e2d9cbed8491a518ca7934bb55309956cd721ad04733b/_integration/portfolio.968afbccb944940d8d3c099dd54df5be.json	application/json	public, max-age=0, must-revalidate	12060
sites/boost-interior-demo/packages/3d2501990056f8da6d5e2d9cbed8491a518ca7934bb55309956cd721ad04733b/_next/static/8a0c21182f47bd45bc26f087da4538fe/_buildManifest.js	text/javascript; charset=utf-8	public, max-age=31536000, immutable	219
sites/boost-interior-demo/packages/3d2501990056f8da6d5e2d9cbed8491a518ca7934bb55309956cd721ad04733b/_next/static/8a0c21182f47bd45bc26f087da4538fe/_clientMiddlewareManifest.js	text/javascript; charset=utf-8	public, max-age=31536000, immutable	96
sites/boost-interior-demo/packages/3d2501990056f8da6d5e2d9cbed8491a518ca7934bb55309956cd721ad04733b/_next/static/8a0c21182f47bd45bc26f087da4538fe/_ssgManifest.js	text/javascript; charset=utf-8	public, max-age=31536000, immutable	109
sites/boost-interior-demo/packages/3d2501990056f8da6d5e2d9cbed8491a518ca7934bb55309956cd721ad04733b/_next/static/chunks/03av4zwinu01d.js	text/javascript; charset=utf-8	public, max-age=31536000, immutable	8923
sites/boost-interior-demo/packages/3d2501990056f8da6d5e2d9cbed8491a518ca7934bb55309956cd721ad04733b/_next/static/chunks/0cz1d0mv5g_q7.js	text/javascript; charset=utf-8	public, max-age=31536000, immutable	112594
sites/boost-interior-demo/packages/3d2501990056f8da6d5e2d9cbed8491a518ca7934bb55309956cd721ad04733b/_next/static/chunks/0hyfkvg55a3sz.js	text/javascript; charset=utf-8	public, max-age=31536000, immutable	15226
sites/boost-interior-demo/packages/3d2501990056f8da6d5e2d9cbed8491a518ca7934bb55309956cd721ad04733b/_next/static/chunks/0jhoke8k60_va.css	text/css; charset=utf-8	public, max-age=31536000, immutable	39375
sites/boost-interior-demo/packages/3d2501990056f8da6d5e2d9cbed8491a518ca7934bb55309956cd721ad04733b/_next/static/chunks/0rnsp54yxojro.js	text/javascript; charset=utf-8	public, max-age=31536000, immutable	14429
sites/boost-interior-demo/packages/3d2501990056f8da6d5e2d9cbed8491a518ca7934bb55309956cd721ad04733b/_next/static/chunks/1fx8wyr62n54x.js	text/javascript; charset=utf-8	public, max-age=31536000, immutable	229075
sites/boost-interior-demo/packages/3d2501990056f8da6d5e2d9cbed8491a518ca7934bb55309956cd721ad04733b/_next/static/chunks/1ri8bud4-mtcj.js	text/javascript; charset=utf-8	public, max-age=31536000, immutable	14379
sites/boost-interior-demo/packages/3d2501990056f8da6d5e2d9cbed8491a518ca7934bb55309956cd721ad04733b/_next/static/chunks/1yjyq_0ur7v-3.js	text/javascript; charset=utf-8	public, max-age=31536000, immutable	3701
sites/boost-interior-demo/packages/3d2501990056f8da6d5e2d9cbed8491a518ca7934bb55309956cd721ad04733b/_next/static/chunks/22lgiphrawvbj.js	text/javascript; charset=utf-8	public, max-age=31536000, immutable	29003
sites/boost-interior-demo/packages/3d2501990056f8da6d5e2d9cbed8491a518ca7934bb55309956cd721ad04733b/_next/static/chunks/2fo9hoy1stmbs.js	text/javascript; charset=utf-8	public, max-age=31536000, immutable	163778
sites/boost-interior-demo/packages/3d2501990056f8da6d5e2d9cbed8491a518ca7934bb55309956cd721ad04733b/_next/static/chunks/332uslzbhf388.js	text/javascript; charset=utf-8	public, max-age=31536000, immutable	23133
sites/boost-interior-demo/packages/3d2501990056f8da6d5e2d9cbed8491a518ca7934bb55309956cd721ad04733b/_next/static/chunks/3dv1jar9uk9_d.js	text/javascript; charset=utf-8	public, max-age=31536000, immutable	10849
sites/boost-interior-demo/packages/3d2501990056f8da6d5e2d9cbed8491a518ca7934bb55309956cd721ad04733b/_next/static/chunks/3yh5jaalv1u8v.js	text/javascript; charset=utf-8	public, max-age=31536000, immutable	5364
sites/boost-interior-demo/packages/3d2501990056f8da6d5e2d9cbed8491a518ca7934bb55309956cd721ad04733b/_next/static/chunks/turbopack-3oqcsbkplb52c.js	text/javascript; charset=utf-8	public, max-age=31536000, immutable	9652
sites/boost-interior-demo/packages/3d2501990056f8da6d5e2d9cbed8491a518ca7934bb55309956cd721ad04733b/_not-found.html	text/html; charset=utf-8	public, max-age=0, must-revalidate	15790
sites/boost-interior-demo/packages/3d2501990056f8da6d5e2d9cbed8491a518ca7934bb55309956cd721ad04733b/_not-found.txt	text/plain; charset=utf-8	public, max-age=0, must-revalidate	9772
sites/boost-interior-demo/packages/3d2501990056f8da6d5e2d9cbed8491a518ca7934bb55309956cd721ad04733b/_not-found/__next._full.txt	text/plain; charset=utf-8	public, max-age=0, must-revalidate	9772
sites/boost-interior-demo/packages/3d2501990056f8da6d5e2d9cbed8491a518ca7934bb55309956cd721ad04733b/_not-found/__next._not-found.__PAGE__.txt	text/plain; charset=utf-8	public, max-age=0, must-revalidate	8659
sites/boost-interior-demo/packages/3d2501990056f8da6d5e2d9cbed8491a518ca7934bb55309956cd721ad04733b/_not-found/__next._tree.txt	text/plain; charset=utf-8	public, max-age=0, must-revalidate	386
sites/boost-interior-demo/packages/3d2501990056f8da6d5e2d9cbed8491a518ca7934bb55309956cd721ad04733b/about.html	text/html; charset=utf-8	public, max-age=0, must-revalidate	26954
sites/boost-interior-demo/packages/3d2501990056f8da6d5e2d9cbed8491a518ca7934bb55309956cd721ad04733b/about.txt	text/plain; charset=utf-8	public, max-age=0, must-revalidate	15608
sites/boost-interior-demo/packages/3d2501990056f8da6d5e2d9cbed8491a518ca7934bb55309956cd721ad04733b/about/__next._full.txt	text/plain; charset=utf-8	public, max-age=0, must-revalidate	15608
sites/boost-interior-demo/packages/3d2501990056f8da6d5e2d9cbed8491a518ca7934bb55309956cd721ad04733b/about/__next._tree.txt	text/plain; charset=utf-8	public, max-age=0, must-revalidate	428
sites/boost-interior-demo/packages/3d2501990056f8da6d5e2d9cbed8491a518ca7934bb55309956cd721ad04733b/about/__next.about.__PAGE__.txt	text/plain; charset=utf-8	public, max-age=0, must-revalidate	14519
sites/boost-interior-demo/packages/3d2501990056f8da6d5e2d9cbed8491a518ca7934bb55309956cd721ad04733b/assets/03c625140dc4df674fb8.jpg	image/jpeg	public, max-age=31536000, immutable	104478
sites/boost-interior-demo/packages/3d2501990056f8da6d5e2d9cbed8491a518ca7934bb55309956cd721ad04733b/assets/0600f0ac3c687ecd0dd0.jpg	image/jpeg	public, max-age=31536000, immutable	121887
sites/boost-interior-demo/packages/3d2501990056f8da6d5e2d9cbed8491a518ca7934bb55309956cd721ad04733b/assets/07ec6b76f44294d581b4.jpg	image/jpeg	public, max-age=31536000, immutable	107546
sites/boost-interior-demo/packages/3d2501990056f8da6d5e2d9cbed8491a518ca7934bb55309956cd721ad04733b/assets/08264a88e6ee7942e653.jpg	image/jpeg	public, max-age=31536000, immutable	161536
sites/boost-interior-demo/packages/3d2501990056f8da6d5e2d9cbed8491a518ca7934bb55309956cd721ad04733b/assets/182b10d12703311adcc0.jpg	image/jpeg	public, max-age=31536000, immutable	82703
sites/boost-interior-demo/packages/3d2501990056f8da6d5e2d9cbed8491a518ca7934bb55309956cd721ad04733b/assets/199fd9974b0751f2895f.jpg	image/jpeg	public, max-age=31536000, immutable	80183
sites/boost-interior-demo/packages/3d2501990056f8da6d5e2d9cbed8491a518ca7934bb55309956cd721ad04733b/assets/1c6712572d180dc7c452.jpg	image/jpeg	public, max-age=31536000, immutable	117246
sites/boost-interior-demo/packages/3d2501990056f8da6d5e2d9cbed8491a518ca7934bb55309956cd721ad04733b/assets/28e509d82b6fed55b059.jpg	image/jpeg	public, max-age=31536000, immutable	41346
sites/boost-interior-demo/packages/3d2501990056f8da6d5e2d9cbed8491a518ca7934bb55309956cd721ad04733b/assets/2b91ee6881f22ef144f7.jpg	image/jpeg	public, max-age=31536000, immutable	64413
sites/boost-interior-demo/packages/3d2501990056f8da6d5e2d9cbed8491a518ca7934bb55309956cd721ad04733b/assets/32ad6fbb9b421e99a85e.jpg	image/jpeg	public, max-age=31536000, immutable	101056
sites/boost-interior-demo/packages/3d2501990056f8da6d5e2d9cbed8491a518ca7934bb55309956cd721ad04733b/assets/33888d63a7dbd1775c78.jpg	image/jpeg	public, max-age=31536000, immutable	113405
sites/boost-interior-demo/packages/3d2501990056f8da6d5e2d9cbed8491a518ca7934bb55309956cd721ad04733b/assets/355dc4cf898996bc71c4.jpg	image/jpeg	public, max-age=31536000, immutable	113234
sites/boost-interior-demo/packages/3d2501990056f8da6d5e2d9cbed8491a518ca7934bb55309956cd721ad04733b/assets/35bdc95c6927ab36d473.jpg	image/jpeg	public, max-age=31536000, immutable	73157
sites/boost-interior-demo/packages/3d2501990056f8da6d5e2d9cbed8491a518ca7934bb55309956cd721ad04733b/assets/4343da24fbd05fdf1803.jpg	image/jpeg	public, max-age=31536000, immutable	74267
sites/boost-interior-demo/packages/3d2501990056f8da6d5e2d9cbed8491a518ca7934bb55309956cd721ad04733b/assets/48935a1375b5da6944fe.jpg	image/jpeg	public, max-age=31536000, immutable	74411
sites/boost-interior-demo/packages/3d2501990056f8da6d5e2d9cbed8491a518ca7934bb55309956cd721ad04733b/assets/4af2694f60ddc99e52c8.jpg	image/jpeg	public, max-age=31536000, immutable	104536
sites/boost-interior-demo/packages/3d2501990056f8da6d5e2d9cbed8491a518ca7934bb55309956cd721ad04733b/assets/4b97ec9364e732e50f19.jpg	image/jpeg	public, max-age=31536000, immutable	121576
sites/boost-interior-demo/packages/3d2501990056f8da6d5e2d9cbed8491a518ca7934bb55309956cd721ad04733b/assets/4be5034c5e9fbb7ddbc4.jpg	image/jpeg	public, max-age=31536000, immutable	185197
sites/boost-interior-demo/packages/3d2501990056f8da6d5e2d9cbed8491a518ca7934bb55309956cd721ad04733b/assets/4e9e56896ab0d2b54fcb.jpg	image/jpeg	public, max-age=31536000, immutable	90457
sites/boost-interior-demo/packages/3d2501990056f8da6d5e2d9cbed8491a518ca7934bb55309956cd721ad04733b/assets/56a3843724daa6937333.jpg	image/jpeg	public, max-age=31536000, immutable	92166
sites/boost-interior-demo/packages/3d2501990056f8da6d5e2d9cbed8491a518ca7934bb55309956cd721ad04733b/assets/577175ea94dda5ded468.jpg	image/jpeg	public, max-age=31536000, immutable	70084
sites/boost-interior-demo/packages/3d2501990056f8da6d5e2d9cbed8491a518ca7934bb55309956cd721ad04733b/assets/609e7b56f7660f5d1f9d.jpg	image/jpeg	public, max-age=31536000, immutable	79062
sites/boost-interior-demo/packages/3d2501990056f8da6d5e2d9cbed8491a518ca7934bb55309956cd721ad04733b/assets/663c832e823436b12617.jpg	image/jpeg	public, max-age=31536000, immutable	103403
sites/boost-interior-demo/packages/3d2501990056f8da6d5e2d9cbed8491a518ca7934bb55309956cd721ad04733b/assets/6cfd586c71fbe0ba477f.jpg	image/jpeg	public, max-age=31536000, immutable	94499
sites/boost-interior-demo/packages/3d2501990056f8da6d5e2d9cbed8491a518ca7934bb55309956cd721ad04733b/assets/7195aa06baefdddd0b4f.jpg	image/jpeg	public, max-age=31536000, immutable	109938
sites/boost-interior-demo/packages/3d2501990056f8da6d5e2d9cbed8491a518ca7934bb55309956cd721ad04733b/assets/75080da815b0adb4c7c2.jpg	image/jpeg	public, max-age=31536000, immutable	137779
sites/boost-interior-demo/packages/3d2501990056f8da6d5e2d9cbed8491a518ca7934bb55309956cd721ad04733b/assets/7ec4f2edabb354feed2b.jpg	image/jpeg	public, max-age=31536000, immutable	81423
sites/boost-interior-demo/packages/3d2501990056f8da6d5e2d9cbed8491a518ca7934bb55309956cd721ad04733b/assets/856ec64c8be5f6116330.jpg	image/jpeg	public, max-age=31536000, immutable	210048
sites/boost-interior-demo/packages/3d2501990056f8da6d5e2d9cbed8491a518ca7934bb55309956cd721ad04733b/assets/8653c74f8aa70a30f10a.jpg	image/jpeg	public, max-age=31536000, immutable	128635
sites/boost-interior-demo/packages/3d2501990056f8da6d5e2d9cbed8491a518ca7934bb55309956cd721ad04733b/assets/8b1f5ef894985ebb1ef9.jpg	image/jpeg	public, max-age=31536000, immutable	92326
sites/boost-interior-demo/packages/3d2501990056f8da6d5e2d9cbed8491a518ca7934bb55309956cd721ad04733b/assets/8daebf386f8059ddefbf.jpg	image/jpeg	public, max-age=31536000, immutable	109777
sites/boost-interior-demo/packages/3d2501990056f8da6d5e2d9cbed8491a518ca7934bb55309956cd721ad04733b/assets/8f3c4902540b7804ba70.jpg	image/jpeg	public, max-age=31536000, immutable	80717
sites/boost-interior-demo/packages/3d2501990056f8da6d5e2d9cbed8491a518ca7934bb55309956cd721ad04733b/assets/a0cc4c543e356c7500b0.jpg	image/jpeg	public, max-age=31536000, immutable	97490
sites/boost-interior-demo/packages/3d2501990056f8da6d5e2d9cbed8491a518ca7934bb55309956cd721ad04733b/assets/a22c7c19f9eec1cbe28c.jpg	image/jpeg	public, max-age=31536000, immutable	131923
sites/boost-interior-demo/packages/3d2501990056f8da6d5e2d9cbed8491a518ca7934bb55309956cd721ad04733b/assets/a616c97fe4f8a313857d.jpg	image/jpeg	public, max-age=31536000, immutable	78799
sites/boost-interior-demo/packages/3d2501990056f8da6d5e2d9cbed8491a518ca7934bb55309956cd721ad04733b/assets/a8561a8687889c451aab.jpg	image/jpeg	public, max-age=31536000, immutable	127374
sites/boost-interior-demo/packages/3d2501990056f8da6d5e2d9cbed8491a518ca7934bb55309956cd721ad04733b/assets/abf30eeda1c2ecb6ec9d.jpg	image/jpeg	public, max-age=31536000, immutable	140353
sites/boost-interior-demo/packages/3d2501990056f8da6d5e2d9cbed8491a518ca7934bb55309956cd721ad04733b/assets/ae004e4b853e6c005daa.jpg	image/jpeg	public, max-age=31536000, immutable	108473
sites/boost-interior-demo/packages/3d2501990056f8da6d5e2d9cbed8491a518ca7934bb55309956cd721ad04733b/assets/b079d5a93c72855ef8b1.jpg	image/jpeg	public, max-age=31536000, immutable	102996
sites/boost-interior-demo/packages/3d2501990056f8da6d5e2d9cbed8491a518ca7934bb55309956cd721ad04733b/assets/b3db719ea85bd69cade6.jpg	image/jpeg	public, max-age=31536000, immutable	178543
sites/boost-interior-demo/packages/3d2501990056f8da6d5e2d9cbed8491a518ca7934bb55309956cd721ad04733b/assets/b5a1855e08067d3f99a6.jpg	image/jpeg	public, max-age=31536000, immutable	51886
sites/boost-interior-demo/packages/3d2501990056f8da6d5e2d9cbed8491a518ca7934bb55309956cd721ad04733b/assets/b8128017c5b56ba994ef.jpg	image/jpeg	public, max-age=31536000, immutable	101693
sites/boost-interior-demo/packages/3d2501990056f8da6d5e2d9cbed8491a518ca7934bb55309956cd721ad04733b/assets/c4b8793c0ec308e9cf15.jpg	image/jpeg	public, max-age=31536000, immutable	105675
sites/boost-interior-demo/packages/3d2501990056f8da6d5e2d9cbed8491a518ca7934bb55309956cd721ad04733b/assets/c562c8736b1f564a52ea.jpg	image/jpeg	public, max-age=31536000, immutable	103435
sites/boost-interior-demo/packages/3d2501990056f8da6d5e2d9cbed8491a518ca7934bb55309956cd721ad04733b/assets/c57b5e6d1063af11ee9d.jpg	image/jpeg	public, max-age=31536000, immutable	96324
sites/boost-interior-demo/packages/3d2501990056f8da6d5e2d9cbed8491a518ca7934bb55309956cd721ad04733b/assets/cd3e8a9229bd532c8354.jpg	image/jpeg	public, max-age=31536000, immutable	76842
sites/boost-interior-demo/packages/3d2501990056f8da6d5e2d9cbed8491a518ca7934bb55309956cd721ad04733b/assets/e3bde7e30b04ce357a9f.jpg	image/jpeg	public, max-age=31536000, immutable	169480
sites/boost-interior-demo/packages/3d2501990056f8da6d5e2d9cbed8491a518ca7934bb55309956cd721ad04733b/assets/eedea9f15df0a895a8d6.jpg	image/jpeg	public, max-age=31536000, immutable	108458
sites/boost-interior-demo/packages/3d2501990056f8da6d5e2d9cbed8491a518ca7934bb55309956cd721ad04733b/assets/f0e9c3eb5d869b3fc459.jpg	image/jpeg	public, max-age=31536000, immutable	145581
sites/boost-interior-demo/packages/3d2501990056f8da6d5e2d9cbed8491a518ca7934bb55309956cd721ad04733b/assets/f7772497b1c65dd37094.jpg	image/jpeg	public, max-age=31536000, immutable	86069
sites/boost-interior-demo/packages/3d2501990056f8da6d5e2d9cbed8491a518ca7934bb55309956cd721ad04733b/assets/f7fc7d18036335e53d7b.svg	image/svg+xml	public, max-age=31536000, immutable	625
sites/boost-interior-demo/packages/3d2501990056f8da6d5e2d9cbed8491a518ca7934bb55309956cd721ad04733b/assets/fe692f4427f5f1c8f80f.jpg	image/jpeg	public, max-age=31536000, immutable	138810
sites/boost-interior-demo/packages/3d2501990056f8da6d5e2d9cbed8491a518ca7934bb55309956cd721ad04733b/contact.html	text/html; charset=utf-8	public, max-age=0, must-revalidate	25226
sites/boost-interior-demo/packages/3d2501990056f8da6d5e2d9cbed8491a518ca7934bb55309956cd721ad04733b/contact.txt	text/plain; charset=utf-8	public, max-age=0, must-revalidate	13690
sites/boost-interior-demo/packages/3d2501990056f8da6d5e2d9cbed8491a518ca7934bb55309956cd721ad04733b/contact/__next._full.txt	text/plain; charset=utf-8	public, max-age=0, must-revalidate	13690
sites/boost-interior-demo/packages/3d2501990056f8da6d5e2d9cbed8491a518ca7934bb55309956cd721ad04733b/contact/__next._tree.txt	text/plain; charset=utf-8	public, max-age=0, must-revalidate	382
sites/boost-interior-demo/packages/3d2501990056f8da6d5e2d9cbed8491a518ca7934bb55309956cd721ad04733b/contact/__next.contact.__PAGE__.txt	text/plain; charset=utf-8	public, max-age=0, must-revalidate	12698
sites/boost-interior-demo/packages/3d2501990056f8da6d5e2d9cbed8491a518ca7934bb55309956cd721ad04733b/index.html	text/html; charset=utf-8	public, max-age=0, must-revalidate	57016
sites/boost-interior-demo/packages/3d2501990056f8da6d5e2d9cbed8491a518ca7934bb55309956cd721ad04733b/index.txt	text/plain; charset=utf-8	public, max-age=0, must-revalidate	28046
sites/boost-interior-demo/packages/3d2501990056f8da6d5e2d9cbed8491a518ca7934bb55309956cd721ad04733b/portfolio.html	text/html; charset=utf-8	public, max-age=0, must-revalidate	43835
sites/boost-interior-demo/packages/3d2501990056f8da6d5e2d9cbed8491a518ca7934bb55309956cd721ad04733b/portfolio.txt	text/plain; charset=utf-8	public, max-age=0, must-revalidate	23929
sites/boost-interior-demo/packages/3d2501990056f8da6d5e2d9cbed8491a518ca7934bb55309956cd721ad04733b/portfolio/__next._full.txt	text/plain; charset=utf-8	public, max-age=0, must-revalidate	23929
sites/boost-interior-demo/packages/3d2501990056f8da6d5e2d9cbed8491a518ca7934bb55309956cd721ad04733b/portfolio/__next._tree.txt	text/plain; charset=utf-8	public, max-age=0, must-revalidate	432
sites/boost-interior-demo/packages/3d2501990056f8da6d5e2d9cbed8491a518ca7934bb55309956cd721ad04733b/portfolio/__next.portfolio.__PAGE__.txt	text/plain; charset=utf-8	public, max-age=0, must-revalidate	22832
sites/boost-interior-demo/packages/3d2501990056f8da6d5e2d9cbed8491a518ca7934bb55309956cd721ad04733b/portfolio/buk-32py-kitchen-bathroom-renewal.html	text/html; charset=utf-8	public, max-age=0, must-revalidate	38579
sites/boost-interior-demo/packages/3d2501990056f8da6d5e2d9cbed8491a518ca7934bb55309956cd721ad04733b/portfolio/buk-32py-kitchen-bathroom-renewal.txt	text/plain; charset=utf-8	public, max-age=0, must-revalidate	17366
sites/boost-interior-demo/packages/3d2501990056f8da6d5e2d9cbed8491a518ca7934bb55309956cd721ad04733b/portfolio/buk-32py-kitchen-bathroom-renewal/__next._full.txt	text/plain; charset=utf-8	public, max-age=0, must-revalidate	17366
sites/boost-interior-demo/packages/3d2501990056f8da6d5e2d9cbed8491a518ca7934bb55309956cd721ad04733b/portfolio/buk-32py-kitchen-bathroom-renewal/__next._tree.txt	text/plain; charset=utf-8	public, max-age=0, must-revalidate	519
sites/boost-interior-demo/packages/3d2501990056f8da6d5e2d9cbed8491a518ca7934bb55309956cd721ad04733b/portfolio/buk-32py-kitchen-bathroom-renewal/__next.portfolio.$d$slug.__PAGE__.txt	text/plain; charset=utf-8	public, max-age=0, must-revalidate	15939
sites/boost-interior-demo/packages/3d2501990056f8da6d5e2d9cbed8491a518ca7934bb55309956cd721ad04733b/portfolio/dalseo-24py-white-natural-newlywed-home.html	text/html; charset=utf-8	public, max-age=0, must-revalidate	35515
sites/boost-interior-demo/packages/3d2501990056f8da6d5e2d9cbed8491a518ca7934bb55309956cd721ad04733b/portfolio/dalseo-24py-white-natural-newlywed-home.txt	text/plain; charset=utf-8	public, max-age=0, must-revalidate	17282
sites/boost-interior-demo/packages/3d2501990056f8da6d5e2d9cbed8491a518ca7934bb55309956cd721ad04733b/portfolio/dalseo-24py-white-natural-newlywed-home/__next._full.txt	text/plain; charset=utf-8	public, max-age=0, must-revalidate	17282
sites/boost-interior-demo/packages/3d2501990056f8da6d5e2d9cbed8491a518ca7934bb55309956cd721ad04733b/portfolio/dalseo-24py-white-natural-newlywed-home/__next._tree.txt	text/plain; charset=utf-8	public, max-age=0, must-revalidate	525
sites/boost-interior-demo/packages/3d2501990056f8da6d5e2d9cbed8491a518ca7934bb55309956cd721ad04733b/portfolio/dalseo-24py-white-natural-newlywed-home/__next.portfolio.$d$slug.__PAGE__.txt	text/plain; charset=utf-8	public, max-age=0, must-revalidate	15809
sites/boost-interior-demo/packages/3d2501990056f8da6d5e2d9cbed8491a518ca7934bb55309956cd721ad04733b/portfolio/dong-29py-bright-natural-remodeling.html	text/html; charset=utf-8	public, max-age=0, must-revalidate	34330
sites/boost-interior-demo/packages/3d2501990056f8da6d5e2d9cbed8491a518ca7934bb55309956cd721ad04733b/portfolio/dong-29py-bright-natural-remodeling.txt	text/plain; charset=utf-8	public, max-age=0, must-revalidate	16681
sites/boost-interior-demo/packages/3d2501990056f8da6d5e2d9cbed8491a518ca7934bb55309956cd721ad04733b/portfolio/dong-29py-bright-natural-remodeling/__next._full.txt	text/plain; charset=utf-8	public, max-age=0, must-revalidate	16681
sites/boost-interior-demo/packages/3d2501990056f8da6d5e2d9cbed8491a518ca7934bb55309956cd721ad04733b/portfolio/dong-29py-bright-natural-remodeling/__next._tree.txt	text/plain; charset=utf-8	public, max-age=0, must-revalidate	521
sites/boost-interior-demo/packages/3d2501990056f8da6d5e2d9cbed8491a518ca7934bb55309956cd721ad04733b/portfolio/dong-29py-bright-natural-remodeling/__next.portfolio.$d$slug.__PAGE__.txt	text/plain; charset=utf-8	public, max-age=0, must-revalidate	15204
sites/boost-interior-demo/packages/3d2501990056f8da6d5e2d9cbed8491a518ca7934bb55309956cd721ad04733b/portfolio/gyeongsan-34py-entrance-living-remodeling.html	text/html; charset=utf-8	public, max-age=0, must-revalidate	35751
sites/boost-interior-demo/packages/3d2501990056f8da6d5e2d9cbed8491a518ca7934bb55309956cd721ad04733b/portfolio/gyeongsan-34py-entrance-living-remodeling.txt	text/plain; charset=utf-8	public, max-age=0, must-revalidate	17213
sites/boost-interior-demo/packages/3d2501990056f8da6d5e2d9cbed8491a518ca7934bb55309956cd721ad04733b/portfolio/gyeongsan-34py-entrance-living-remodeling/__next._full.txt	text/plain; charset=utf-8	public, max-age=0, must-revalidate	17213
sites/boost-interior-demo/packages/3d2501990056f8da6d5e2d9cbed8491a518ca7934bb55309956cd721ad04733b/portfolio/gyeongsan-34py-entrance-living-remodeling/__next._tree.txt	text/plain; charset=utf-8	public, max-age=0, must-revalidate	527
sites/boost-interior-demo/packages/3d2501990056f8da6d5e2d9cbed8491a518ca7934bb55309956cd721ad04733b/portfolio/gyeongsan-34py-entrance-living-remodeling/__next.portfolio.$d$slug.__PAGE__.txt	text/plain; charset=utf-8	public, max-age=0, must-revalidate	15746
sites/boost-interior-demo/packages/3d2501990056f8da6d5e2d9cbed8491a518ca7934bb55309956cd721ad04733b/portfolio/jung-19py-compact-white-minimal-remodeling.html	text/html; charset=utf-8	public, max-age=0, must-revalidate	34755
sites/boost-interior-demo/packages/3d2501990056f8da6d5e2d9cbed8491a518ca7934bb55309956cd721ad04733b/portfolio/jung-19py-compact-white-minimal-remodeling.txt	text/plain; charset=utf-8	public, max-age=0, must-revalidate	16972
sites/boost-interior-demo/packages/3d2501990056f8da6d5e2d9cbed8491a518ca7934bb55309956cd721ad04733b/portfolio/jung-19py-compact-white-minimal-remodeling/__next._full.txt	text/plain; charset=utf-8	public, max-age=0, must-revalidate	16972
sites/boost-interior-demo/packages/3d2501990056f8da6d5e2d9cbed8491a518ca7934bb55309956cd721ad04733b/portfolio/jung-19py-compact-white-minimal-remodeling/__next._tree.txt	text/plain; charset=utf-8	public, max-age=0, must-revalidate	528
sites/boost-interior-demo/packages/3d2501990056f8da6d5e2d9cbed8491a518ca7934bb55309956cd721ad04733b/portfolio/jung-19py-compact-white-minimal-remodeling/__next.portfolio.$d$slug.__PAGE__.txt	text/plain; charset=utf-8	public, max-age=0, must-revalidate	15483
sites/boost-interior-demo/packages/3d2501990056f8da6d5e2d9cbed8491a518ca7934bb55309956cd721ad04733b/portfolio/suseong-42py-family-storage-remodeling.html	text/html; charset=utf-8	public, max-age=0, must-revalidate	37616
sites/boost-interior-demo/packages/3d2501990056f8da6d5e2d9cbed8491a518ca7934bb55309956cd721ad04733b/portfolio/suseong-42py-family-storage-remodeling.txt	text/plain; charset=utf-8	public, max-age=0, must-revalidate	17773
sites/boost-interior-demo/packages/3d2501990056f8da6d5e2d9cbed8491a518ca7934bb55309956cd721ad04733b/portfolio/suseong-42py-family-storage-remodeling/__next._full.txt	text/plain; charset=utf-8	public, max-age=0, must-revalidate	17773
sites/boost-interior-demo/packages/3d2501990056f8da6d5e2d9cbed8491a518ca7934bb55309956cd721ad04733b/portfolio/suseong-42py-family-storage-remodeling/__next._tree.txt	text/plain; charset=utf-8	public, max-age=0, must-revalidate	524
sites/boost-interior-demo/packages/3d2501990056f8da6d5e2d9cbed8491a518ca7934bb55309956cd721ad04733b/portfolio/suseong-42py-family-storage-remodeling/__next.portfolio.$d$slug.__PAGE__.txt	text/plain; charset=utf-8	public, max-age=0, must-revalidate	16280
sites/boost-interior-demo/packages/3d2501990056f8da6d5e2d9cbed8491a518ca7934bb55309956cd721ad04733b/portfolio/suseong-51py-new-apartment-home-styling.html	text/html; charset=utf-8	public, max-age=0, must-revalidate	34251
sites/boost-interior-demo/packages/3d2501990056f8da6d5e2d9cbed8491a518ca7934bb55309956cd721ad04733b/portfolio/suseong-51py-new-apartment-home-styling.txt	text/plain; charset=utf-8	public, max-age=0, must-revalidate	16707
sites/boost-interior-demo/packages/3d2501990056f8da6d5e2d9cbed8491a518ca7934bb55309956cd721ad04733b/portfolio/suseong-51py-new-apartment-home-styling/__next._full.txt	text/plain; charset=utf-8	public, max-age=0, must-revalidate	16707
sites/boost-interior-demo/packages/3d2501990056f8da6d5e2d9cbed8491a518ca7934bb55309956cd721ad04733b/portfolio/suseong-51py-new-apartment-home-styling/__next._tree.txt	text/plain; charset=utf-8	public, max-age=0, must-revalidate	525
sites/boost-interior-demo/packages/3d2501990056f8da6d5e2d9cbed8491a518ca7934bb55309956cd721ad04733b/portfolio/suseong-51py-new-apartment-home-styling/__next.portfolio.$d$slug.__PAGE__.txt	text/plain; charset=utf-8	public, max-age=0, must-revalidate	15222
sites/boost-interior-demo/packages/3d2501990056f8da6d5e2d9cbed8491a518ca7934bb55309956cd721ad04733b/portfolio/suseong-white-34py-apartment-remodeling.html	text/html; charset=utf-8	public, max-age=0, must-revalidate	53101
sites/boost-interior-demo/packages/3d2501990056f8da6d5e2d9cbed8491a518ca7934bb55309956cd721ad04733b/portfolio/suseong-white-34py-apartment-remodeling.txt	text/plain; charset=utf-8	public, max-age=0, must-revalidate	20044
sites/boost-interior-demo/packages/3d2501990056f8da6d5e2d9cbed8491a518ca7934bb55309956cd721ad04733b/portfolio/suseong-white-34py-apartment-remodeling/__next._full.txt	text/plain; charset=utf-8	public, max-age=0, must-revalidate	20044
sites/boost-interior-demo/packages/3d2501990056f8da6d5e2d9cbed8491a518ca7934bb55309956cd721ad04733b/portfolio/suseong-white-34py-apartment-remodeling/__next._tree.txt	text/plain; charset=utf-8	public, max-age=0, must-revalidate	525
sites/boost-interior-demo/packages/3d2501990056f8da6d5e2d9cbed8491a518ca7934bb55309956cd721ad04733b/portfolio/suseong-white-34py-apartment-remodeling/__next.portfolio.$d$slug.__PAGE__.txt	text/plain; charset=utf-8	public, max-age=0, must-revalidate	18369
sites/boost-interior-demo/packages/3d2501990056f8da6d5e2d9cbed8491a518ca7934bb55309956cd721ad04733b/robots.txt	text/plain; charset=utf-8	public, max-age=0, must-revalidate	82
sites/boost-interior-demo/packages/3d2501990056f8da6d5e2d9cbed8491a518ca7934bb55309956cd721ad04733b/sitemap.xml	application/xml	public, max-age=0, must-revalidate	1335
sites/boost-interior-demo/packages/3d2501990056f8da6d5e2d9cbed8491a518ca7934bb55309956cd721ad04733b/_package.json	application/json	no-store	40593	(SEAL, written last)
routing/interior-demo.boostweb.co.kr.json	application/json	no-store	-	(POINTER, written after the verified seal)
{
  "schemaVersion": 1,
  "hostname": "interior-demo.boostweb.co.kr",
  "siteId": "boost-interior-demo",
  "packageHash": "3d2501990056f8da6d5e2d9cbed8491a518ca7934bb55309956cd721ad04733b",
  "buildInputId": "8a0c21182f47bd45bc26f087da4538fe101d8411445de2fe2e7a71ad41effd60",
  "releaseId": "interior-01-1.6.3-93977937c0b4",
  "publishedAt": "<set at publish time>",
  "previous": {
    "siteId": "boost-interior-demo",
    "packageHash": "eeb82881a2fcf5f10dafa1148c1e4d3eb6aef84dd4afbfa8a2af3f8c6870e44d",
    "buildInputId": "384008316a39e1d58a0311af2410bcb20e57afabf1c2af6836fbfeb2bdbb0924",
    "releaseId": "interior-01-1.6.2-d5d4b4557a20",
    "publishedAt": "2026-10-02T15:57:14.186Z"
  }
}
{
  "status": "dry-run",
  "siteId": "boost-interior-demo",
  "hostname": "interior-demo.boostweb.co.kr",
  "bucket": "boost-sites-artifacts",
  "packagePrefix": "sites/boost-interior-demo/packages/3d2501990056f8da6d5e2d9cbed8491a518ca7934bb55309956cd721ad04733b/",
  "routingKey": "routing/interior-demo.boostweb.co.kr.json",
  "packageHash": "3d2501990056f8da6d5e2d9cbed8491a518ca7934bb55309956cd721ad04733b",
  "buildInputId": "8a0c21182f47bd45bc26f087da4538fe101d8411445de2fe2e7a71ad41effd60",
  "releaseId": "interior-01-1.6.3-93977937c0b4",
  "bakedOrigin": "https://interior-demo.boostweb.co.kr",
  "files": 144,
  "bytes": 7391324,
  "objectsPlanned": 146,
  "byContentType": {
    "text/html; charset=utf-8": 15,
    "text/plain; charset=utf-8": 57,
    "application/json": 2,
    "text/javascript; charset=utf-8": 16,
    "text/css; charset=utf-8": 1,
    "image/jpeg": 51,
    "image/svg+xml": 1,
    "application/xml": 1
  },
  "byCachePolicy": {
    "revalidate: public, max-age=0, must-revalidate": 75,
    "next-static: public, max-age=31536000, immutable": 17,
    "content-addressed: public, max-age=31536000, immutable": 52
  },
  "warnings": [],
  "storeCheck": {
    "store": "wrangler --remote boost-sites-artifacts [read-only]",
    "seal": "absent",
    "wouldUpload": 144,
    "wouldSkip": 0,
    "live": {
      "siteId": "boost-interior-demo",
      "packageHash": "eeb82881a2fcf5f10dafa1148c1e4d3eb6aef84dd4afbfa8a2af3f8c6870e44d",
      "buildInputId": "384008316a39e1d58a0311af2410bcb20e57afabf1c2af6836fbfeb2bdbb0924",
      "releaseId": "interior-01-1.6.2-d5d4b4557a20",
      "publishedAt": "2026-10-02T15:57:14.186Z"
    },
    "pointerAction": "write"
  }
}
