[boost-interior-demo] package 3d2501990056f8da… (build 8a0c21182f47bd45…, interior-01-1.6.3-93977937c0b4) · 144 files · 7391324 B · host interior-demo.boostweb.co.kr
[boost-interior-demo] store: wrangler --remote boost-sites-artifacts · concurrency 4
[boost-interior-demo] uploaded 144/144
[boost-interior-demo] verified 144/144 (sha256 + size)
[boost-interior-demo] sealed sites/boost-interior-demo/packages/3d2501990056f8da6d5e2d9cbed8491a518ca7934bb55309956cd721ad04733b/_package.json
[boost-interior-demo] activate: false → routing/interior-demo.boostweb.co.kr.json not read, not written
{
  "status": "uploaded",
  "siteId": "boost-interior-demo",
  "hostname": "interior-demo.boostweb.co.kr",
  "bucket": "boost-sites-artifacts",
  "packagePrefix": "sites/boost-interior-demo/packages/3d2501990056f8da6d5e2d9cbed8491a518ca7934bb55309956cd721ad04733b/",
  "routingKey": "routing/interior-demo.boostweb.co.kr.json",
  "packageHash": "3d2501990056f8da6d5e2d9cbed8491a518ca7934bb55309956cd721ad04733b",
  "buildInputId": "8a0c21182f47bd45bc26f087da4538fe101d8411445de2fe2e7a71ad41effd60",
  "releaseId": "interior-01-1.6.3-93977937c0b4",
  "bakedOrigin": "https://interior-demo.boostweb.co.kr",
  "files": 144,
  "bytes": 7391324,
  "objectsPlanned": 146,
  "byContentType": {
    "text/html; charset=utf-8": 15,
    "text/plain; charset=utf-8": 57,
    "application/json": 2,
    "text/javascript; charset=utf-8": 16,
    "text/css; charset=utf-8": 1,
    "image/jpeg": 51,
    "image/svg+xml": 1,
    "application/xml": 1
  },
  "byCachePolicy": {
    "revalidate: public, max-age=0, must-revalidate": 75,
    "next-static: public, max-age=31536000, immutable": 17,
    "content-addressed: public, max-age=31536000, immutable": 52
  },
  "warnings": [],
  "upload": "uploaded",
  "uploaded": 144,
  "verified": 144,
  "pointerWrite": "not-activated"
}
