[boost-interior-demo] package 3d2501990056f8da… (build 8a0c21182f47bd45…, interior-01-1.6.3-93977937c0b4) · 144 files · 7391324 B · host interior-demo.boostweb.co.kr
[boost-interior-demo] store: wrangler --remote boost-sites-artifacts · concurrency 4
[boost-interior-demo] seal present and identical → immutable skip (0 uploads)
[boost-interior-demo] routing/interior-demo.boostweb.co.kr.json → 3d2501990056f8da… (previous eeb82881a2fcf5f1…)
{
  "status": "published",
  "siteId": "boost-interior-demo",
  "hostname": "interior-demo.boostweb.co.kr",
  "bucket": "boost-sites-artifacts",
  "packagePrefix": "sites/boost-interior-demo/packages/3d2501990056f8da6d5e2d9cbed8491a518ca7934bb55309956cd721ad04733b/",
  "routingKey": "routing/interior-demo.boostweb.co.kr.json",
  "packageHash": "3d2501990056f8da6d5e2d9cbed8491a518ca7934bb55309956cd721ad04733b",
  "buildInputId": "8a0c21182f47bd45bc26f087da4538fe101d8411445de2fe2e7a71ad41effd60",
  "releaseId": "interior-01-1.6.3-93977937c0b4",
  "bakedOrigin": "https://interior-demo.boostweb.co.kr",
  "files": 144,
  "bytes": 7391324,
  "objectsPlanned": 146,
  "byContentType": {
    "text/html; charset=utf-8": 15,
    "text/plain; charset=utf-8": 57,
    "application/json": 2,
    "text/javascript; charset=utf-8": 16,
    "text/css; charset=utf-8": 1,
    "image/jpeg": 51,
    "image/svg+xml": 1,
    "application/xml": 1
  },
  "byCachePolicy": {
    "revalidate: public, max-age=0, must-revalidate": 75,
    "next-static: public, max-age=31536000, immutable": 17,
    "content-addressed: public, max-age=31536000, immutable": 52
  },
  "warnings": [],
  "upload": "skipped-sealed",
  "uploaded": 0,
  "verified": 0,
  "pointerWrite": "written",
  "previous": {
    "siteId": "boost-interior-demo",
    "packageHash": "eeb82881a2fcf5f10dafa1148c1e4d3eb6aef84dd4afbfa8a2af3f8c6870e44d",
    "buildInputId": "384008316a39e1d58a0311af2410bcb20e57afabf1c2af6836fbfeb2bdbb0924",
    "releaseId": "interior-01-1.6.2-d5d4b4557a20",
    "publishedAt": "2026-10-02T15:57:14.186Z"
  }
}
