[boost-interior-demo] release interior-01-1.6.1-8da56de8d28f · buildInputId 01133db1b5b982af…
[boost-interior-demo] pruned routes with no page: portfolio.page
[boost-interior-demo] integration: 19 records → _integration/portfolio.d56509c8100a56fdf9644baff78ff9e1.json (190 ms)
[boost-interior-demo] built in 8s → data/site-builds/boost-interior-demo/packages/01133db1b5b982afaf6f0f42f4d91907a4345273bb6f175c9ec966cbdaf8a409
{
  "status": "built",
  "siteId": "boost-interior-demo",
  "buildInputId": "01133db1b5b982afaf6f0f42f4d91907a4345273bb6f175c9ec966cbdaf8a409",
  "releaseId": "interior-01-1.6.1-8da56de8d28f",
  "templateSourceHash": "b30123b6ce349b43ceaed173292cef86fdd3fac30e5706efcae0dfb5b4b1ba7a",
  "packageHash": "540de6a90ac7d7fec7764fd2993ecf6b7100bc10af219c8eac7e9911db9c29f4",
  "durationMs": {
    "total": 8329,
    "install": 1693,
    "preflight": 236,
    "nextBuild": 5791,
    "qa": 36
  },
  "qa": {
    "pass": true,
    "files": 224,
    "bytes": 8394578,
    "htmlPages": 26
  },
  "routes": {
    "home": 1,
    "portfolio.index": 1,
    "portfolio.page": 0,
    "portfolio.detail": 19,
    "portfolio3d": 1,
    "about": 1,
    "contact": 1
  },
  "pruned": [
    "portfolio.page"
  ],
  "warnings": [],
  "previous": "a4777cf9b71a0da0f7f52651ec027a219d7f09ce2e8f75ac4552a028cbfd413f"
}
./node_modules/.bin/tsx --tsconfig platform/tsconfig.json  boost-interior-dem  18.31s user 6.72s system 264% cpu 9.480 total
