[boost-interior-demo] release interior-01-1.6.1-8da56de8d28f · buildInputId 32303241c78f10e5…
[boost-interior-demo] pruned routes with no page: portfolio.page
[boost-interior-demo] integration: 19 records → _integration/portfolio.d56509c8100a56fdf9644baff78ff9e1.json (170 ms)
[boost-interior-demo] built in 8s → data/site-builds/boost-interior-demo/packages/32303241c78f10e5edc3a42686680aa5238a8aa76c3192795dc351ffbe55c650
{
  "status": "built",
  "siteId": "boost-interior-demo",
  "buildInputId": "32303241c78f10e5edc3a42686680aa5238a8aa76c3192795dc351ffbe55c650",
  "releaseId": "interior-01-1.6.1-8da56de8d28f",
  "templateSourceHash": "b30123b6ce349b43ceaed173292cef86fdd3fac30e5706efcae0dfb5b4b1ba7a",
  "packageHash": "ada03d20d4c0688316e274a724d4298aa031128098ed23b591a5b65c004a25d6",
  "durationMs": {
    "total": 8043,
    "install": 1471,
    "preflight": 251,
    "nextBuild": 5732,
    "qa": 37
  },
  "qa": {
    "pass": true,
    "files": 199,
    "bytes": 8304918,
    "htmlPages": 26
  },
  "routes": {
    "home": 1,
    "portfolio.index": 1,
    "portfolio.page": 0,
    "portfolio.detail": 19,
    "portfolio3d": 1,
    "about": 1,
    "contact": 1
  },
  "pruned": [
    "portfolio.page"
  ],
  "warnings": [],
  "previous": "a4777cf9b71a0da0f7f52651ec027a219d7f09ce2e8f75ac4552a028cbfd413f"
}
