[boost-interior-demo] package ada03d20d4c06883… (build 32303241c78f10e5…, interior-01-1.6.1-8da56de8d28f) · 199 files · 8304918 B · host interior-demo.boostweb.co.kr
[boost-interior-demo] store: wrangler --remote boost-sites-artifacts · concurrency 4
[boost-interior-demo] uploaded 199/199
[boost-interior-demo] verified 199/199 (sha256 + size)
[boost-interior-demo] sealed sites/boost-interior-demo/packages/ada03d20d4c0688316e274a724d4298aa031128098ed23b591a5b65c004a25d6/_package.json
[boost-interior-demo] activate: false → routing/interior-demo.boostweb.co.kr.json not read, not written
{
  "status": "uploaded",
  "siteId": "boost-interior-demo",
  "hostname": "interior-demo.boostweb.co.kr",
  "bucket": "boost-sites-artifacts",
  "packagePrefix": "sites/boost-interior-demo/packages/ada03d20d4c0688316e274a724d4298aa031128098ed23b591a5b65c004a25d6/",
  "routingKey": "routing/interior-demo.boostweb.co.kr.json",
  "packageHash": "ada03d20d4c0688316e274a724d4298aa031128098ed23b591a5b65c004a25d6",
  "buildInputId": "32303241c78f10e5edc3a42686680aa5238a8aa76c3192795dc351ffbe55c650",
  "releaseId": "interior-01-1.6.1-8da56de8d28f",
  "bakedOrigin": "https://interior-demo.boostweb.co.kr",
  "files": 199,
  "bytes": 8304918,
  "objectsPlanned": 201,
  "byContentType": {
    "text/html; charset=utf-8": 26,
    "text/plain; charset=utf-8": 101,
    "application/json": 2,
    "text/javascript; charset=utf-8": 16,
    "text/css; charset=utf-8": 1,
    "image/jpeg": 51,
    "image/svg+xml": 1,
    "application/xml": 1
  },
  "byCachePolicy": {
    "revalidate: public, max-age=0, must-revalidate": 130,
    "next-static: public, max-age=31536000, immutable": 17,
    "content-addressed: public, max-age=31536000, immutable": 52
  },
  "warnings": [],
  "upload": "uploaded",
  "uploaded": 199,
  "verified": 199,
  "pointerWrite": "not-activated"
}
