[boost-interior-demo] release interior-01-1.6.1-8da56de8d28f · buildInputId 01f7ac782e5c6724…
[boost-interior-demo] pruned routes with no page: portfolio.page
[boost-interior-demo] integration: 8 records → _integration/portfolio.968afbccb944940d8d3c099dd54df5be.json (160 ms)
[boost-interior-demo] built in 8s → data/site-builds/boost-interior-demo/packages/01f7ac782e5c67246443ef7a074ab20a60305b10912a11512c0be3b0d5d4cd3d
{
  "status": "built",
  "siteId": "boost-interior-demo",
  "buildInputId": "01f7ac782e5c67246443ef7a074ab20a60305b10912a11512c0be3b0d5d4cd3d",
  "releaseId": "interior-01-1.6.1-8da56de8d28f",
  "templateSourceHash": "b30123b6ce349b43ceaed173292cef86fdd3fac30e5706efcae0dfb5b4b1ba7a",
  "packageHash": "e562dedd17e9b7aeaf44e3c12e5474de40b155427bea97679c7ac11f57d47be8",
  "durationMs": {
    "total": 8144,
    "install": 1431,
    "preflight": 219,
    "nextBuild": 5981,
    "qa": 28
  },
  "qa": {
    "pass": true,
    "files": 144,
    "bytes": 7379519,
    "htmlPages": 15
  },
  "routes": {
    "home": 1,
    "portfolio.index": 1,
    "portfolio.page": 0,
    "portfolio.detail": 8,
    "portfolio3d": 1,
    "about": 1,
    "contact": 1
  },
  "pruned": [
    "portfolio.page"
  ],
  "warnings": [],
  "previous": "ddbc72ad3fe018cf354d12b625436b60c169683474845081f9cf73fcf522a38a"
}
exit=0
