[boost-interior-demo] package e562dedd17e9b7ae… (build 01f7ac782e5c6724…, interior-01-1.6.1-8da56de8d28f) · 144 files · 7379519 B · host interior-demo.boostweb.co.kr

DRY RUN — nothing written. Target bucket: boost-sites-artifacts (remote)
store consulted READ-ONLY (wrangler --remote boost-sites-artifacts [read-only]): seal absent → would upload 144, would skip 0; host serves b10d430b2da3d954e5d2b59f8baec8933583c2eb94f7a713e0a7670cb8699535 (interior-01-1.6.1-8da56de8d28f) → pointer write
key	content-type	cache-control	size
sites/boost-interior-demo/packages/e562dedd17e9b7aeaf44e3c12e5474de40b155427bea97679c7ac11f57d47be8/3d-portfolio.html	text/html; charset=utf-8	public, max-age=0, must-revalidate	19573
sites/boost-interior-demo/packages/e562dedd17e9b7aeaf44e3c12e5474de40b155427bea97679c7ac11f57d47be8/3d-portfolio.txt	text/plain; charset=utf-8	public, max-age=0, must-revalidate	11692
sites/boost-interior-demo/packages/e562dedd17e9b7aeaf44e3c12e5474de40b155427bea97679c7ac11f57d47be8/3d-portfolio/__next.3d-portfolio.__PAGE__.txt	text/plain; charset=utf-8	public, max-age=0, must-revalidate	10577
sites/boost-interior-demo/packages/e562dedd17e9b7aeaf44e3c12e5474de40b155427bea97679c7ac11f57d47be8/3d-portfolio/__next._full.txt	text/plain; charset=utf-8	public, max-age=0, must-revalidate	11692
sites/boost-interior-demo/packages/e562dedd17e9b7aeaf44e3c12e5474de40b155427bea97679c7ac11f57d47be8/3d-portfolio/__next._tree.txt	text/plain; charset=utf-8	public, max-age=0, must-revalidate	387
sites/boost-interior-demo/packages/e562dedd17e9b7aeaf44e3c12e5474de40b155427bea97679c7ac11f57d47be8/404.html	text/html; charset=utf-8	public, max-age=0, must-revalidate	15826
sites/boost-interior-demo/packages/e562dedd17e9b7aeaf44e3c12e5474de40b155427bea97679c7ac11f57d47be8/__next.__PAGE__.txt	text/plain; charset=utf-8	public, max-age=0, must-revalidate	27156
sites/boost-interior-demo/packages/e562dedd17e9b7aeaf44e3c12e5474de40b155427bea97679c7ac11f57d47be8/__next._full.txt	text/plain; charset=utf-8	public, max-age=0, must-revalidate	28078
sites/boost-interior-demo/packages/e562dedd17e9b7aeaf44e3c12e5474de40b155427bea97679c7ac11f57d47be8/__next._tree.txt	text/plain; charset=utf-8	public, max-age=0, must-revalidate	308
sites/boost-interior-demo/packages/e562dedd17e9b7aeaf44e3c12e5474de40b155427bea97679c7ac11f57d47be8/_integration/manifest.json	application/json	public, max-age=0, must-revalidate	274
sites/boost-interior-demo/packages/e562dedd17e9b7aeaf44e3c12e5474de40b155427bea97679c7ac11f57d47be8/_integration/portfolio.968afbccb944940d8d3c099dd54df5be.json	application/json	public, max-age=0, must-revalidate	12060
sites/boost-interior-demo/packages/e562dedd17e9b7aeaf44e3c12e5474de40b155427bea97679c7ac11f57d47be8/_next/static/01f7ac782e5c67246443ef7a074ab20a/_buildManifest.js	text/javascript; charset=utf-8	public, max-age=31536000, immutable	219
sites/boost-interior-demo/packages/e562dedd17e9b7aeaf44e3c12e5474de40b155427bea97679c7ac11f57d47be8/_next/static/01f7ac782e5c67246443ef7a074ab20a/_clientMiddlewareManifest.js	text/javascript; charset=utf-8	public, max-age=31536000, immutable	96
sites/boost-interior-demo/packages/e562dedd17e9b7aeaf44e3c12e5474de40b155427bea97679c7ac11f57d47be8/_next/static/01f7ac782e5c67246443ef7a074ab20a/_ssgManifest.js	text/javascript; charset=utf-8	public, max-age=31536000, immutable	109
sites/boost-interior-demo/packages/e562dedd17e9b7aeaf44e3c12e5474de40b155427bea97679c7ac11f57d47be8/_next/static/chunks/03av4zwinu01d.js	text/javascript; charset=utf-8	public, max-age=31536000, immutable	8923
sites/boost-interior-demo/packages/e562dedd17e9b7aeaf44e3c12e5474de40b155427bea97679c7ac11f57d47be8/_next/static/chunks/0cz1d0mv5g_q7.js	text/javascript; charset=utf-8	public, max-age=31536000, immutable	112594
sites/boost-interior-demo/packages/e562dedd17e9b7aeaf44e3c12e5474de40b155427bea97679c7ac11f57d47be8/_next/static/chunks/0rnsp54yxojro.js	text/javascript; charset=utf-8	public, max-age=31536000, immutable	14429
sites/boost-interior-demo/packages/e562dedd17e9b7aeaf44e3c12e5474de40b155427bea97679c7ac11f57d47be8/_next/static/chunks/12l5746ts8j5e.css	text/css; charset=utf-8	public, max-age=31536000, immutable	37643
sites/boost-interior-demo/packages/e562dedd17e9b7aeaf44e3c12e5474de40b155427bea97679c7ac11f57d47be8/_next/static/chunks/1fx8wyr62n54x.js	text/javascript; charset=utf-8	public, max-age=31536000, immutable	229075
sites/boost-interior-demo/packages/e562dedd17e9b7aeaf44e3c12e5474de40b155427bea97679c7ac11f57d47be8/_next/static/chunks/1ri8bud4-mtcj.js	text/javascript; charset=utf-8	public, max-age=31536000, immutable	14379
sites/boost-interior-demo/packages/e562dedd17e9b7aeaf44e3c12e5474de40b155427bea97679c7ac11f57d47be8/_next/static/chunks/1yjyq_0ur7v-3.js	text/javascript; charset=utf-8	public, max-age=31536000, immutable	3701
sites/boost-interior-demo/packages/e562dedd17e9b7aeaf44e3c12e5474de40b155427bea97679c7ac11f57d47be8/_next/static/chunks/22lgiphrawvbj.js	text/javascript; charset=utf-8	public, max-age=31536000, immutable	29003
sites/boost-interior-demo/packages/e562dedd17e9b7aeaf44e3c12e5474de40b155427bea97679c7ac11f57d47be8/_next/static/chunks/2fo9hoy1stmbs.js	text/javascript; charset=utf-8	public, max-age=31536000, immutable	163778
sites/boost-interior-demo/packages/e562dedd17e9b7aeaf44e3c12e5474de40b155427bea97679c7ac11f57d47be8/_next/static/chunks/332uslzbhf388.js	text/javascript; charset=utf-8	public, max-age=31536000, immutable	23133
sites/boost-interior-demo/packages/e562dedd17e9b7aeaf44e3c12e5474de40b155427bea97679c7ac11f57d47be8/_next/static/chunks/3dv1jar9uk9_d.js	text/javascript; charset=utf-8	public, max-age=31536000, immutable	10849
sites/boost-interior-demo/packages/e562dedd17e9b7aeaf44e3c12e5474de40b155427bea97679c7ac11f57d47be8/_next/static/chunks/3vdwcw6eu3y_c.js	text/javascript; charset=utf-8	public, max-age=31536000, immutable	7274
sites/boost-interior-demo/packages/e562dedd17e9b7aeaf44e3c12e5474de40b155427bea97679c7ac11f57d47be8/_next/static/chunks/3yh5jaalv1u8v.js	text/javascript; charset=utf-8	public, max-age=31536000, immutable	5364
sites/boost-interior-demo/packages/e562dedd17e9b7aeaf44e3c12e5474de40b155427bea97679c7ac11f57d47be8/_next/static/chunks/turbopack-3oqcsbkplb52c.js	text/javascript; charset=utf-8	public, max-age=31536000, immutable	9652
sites/boost-interior-demo/packages/e562dedd17e9b7aeaf44e3c12e5474de40b155427bea97679c7ac11f57d47be8/_not-found.html	text/html; charset=utf-8	public, max-age=0, must-revalidate	15826
sites/boost-interior-demo/packages/e562dedd17e9b7aeaf44e3c12e5474de40b155427bea97679c7ac11f57d47be8/_not-found.txt	text/plain; charset=utf-8	public, max-age=0, must-revalidate	9799
sites/boost-interior-demo/packages/e562dedd17e9b7aeaf44e3c12e5474de40b155427bea97679c7ac11f57d47be8/_not-found/__next._full.txt	text/plain; charset=utf-8	public, max-age=0, must-revalidate	9799
sites/boost-interior-demo/packages/e562dedd17e9b7aeaf44e3c12e5474de40b155427bea97679c7ac11f57d47be8/_not-found/__next._not-found.__PAGE__.txt	text/plain; charset=utf-8	public, max-age=0, must-revalidate	8686
sites/boost-interior-demo/packages/e562dedd17e9b7aeaf44e3c12e5474de40b155427bea97679c7ac11f57d47be8/_not-found/__next._tree.txt	text/plain; charset=utf-8	public, max-age=0, must-revalidate	386
sites/boost-interior-demo/packages/e562dedd17e9b7aeaf44e3c12e5474de40b155427bea97679c7ac11f57d47be8/about.html	text/html; charset=utf-8	public, max-age=0, must-revalidate	26996
sites/boost-interior-demo/packages/e562dedd17e9b7aeaf44e3c12e5474de40b155427bea97679c7ac11f57d47be8/about.txt	text/plain; charset=utf-8	public, max-age=0, must-revalidate	15638
sites/boost-interior-demo/packages/e562dedd17e9b7aeaf44e3c12e5474de40b155427bea97679c7ac11f57d47be8/about/__next._full.txt	text/plain; charset=utf-8	public, max-age=0, must-revalidate	15638
sites/boost-interior-demo/packages/e562dedd17e9b7aeaf44e3c12e5474de40b155427bea97679c7ac11f57d47be8/about/__next._tree.txt	text/plain; charset=utf-8	public, max-age=0, must-revalidate	428
sites/boost-interior-demo/packages/e562dedd17e9b7aeaf44e3c12e5474de40b155427bea97679c7ac11f57d47be8/about/__next.about.__PAGE__.txt	text/plain; charset=utf-8	public, max-age=0, must-revalidate	14549
sites/boost-interior-demo/packages/e562dedd17e9b7aeaf44e3c12e5474de40b155427bea97679c7ac11f57d47be8/assets/03c625140dc4df674fb8.jpg	image/jpeg	public, max-age=31536000, immutable	104478
sites/boost-interior-demo/packages/e562dedd17e9b7aeaf44e3c12e5474de40b155427bea97679c7ac11f57d47be8/assets/0600f0ac3c687ecd0dd0.jpg	image/jpeg	public, max-age=31536000, immutable	121887
sites/boost-interior-demo/packages/e562dedd17e9b7aeaf44e3c12e5474de40b155427bea97679c7ac11f57d47be8/assets/07ec6b76f44294d581b4.jpg	image/jpeg	public, max-age=31536000, immutable	107546
sites/boost-interior-demo/packages/e562dedd17e9b7aeaf44e3c12e5474de40b155427bea97679c7ac11f57d47be8/assets/08264a88e6ee7942e653.jpg	image/jpeg	public, max-age=31536000, immutable	161536
sites/boost-interior-demo/packages/e562dedd17e9b7aeaf44e3c12e5474de40b155427bea97679c7ac11f57d47be8/assets/182b10d12703311adcc0.jpg	image/jpeg	public, max-age=31536000, immutable	82703
sites/boost-interior-demo/packages/e562dedd17e9b7aeaf44e3c12e5474de40b155427bea97679c7ac11f57d47be8/assets/199fd9974b0751f2895f.jpg	image/jpeg	public, max-age=31536000, immutable	80183
sites/boost-interior-demo/packages/e562dedd17e9b7aeaf44e3c12e5474de40b155427bea97679c7ac11f57d47be8/assets/1c6712572d180dc7c452.jpg	image/jpeg	public, max-age=31536000, immutable	117246
sites/boost-interior-demo/packages/e562dedd17e9b7aeaf44e3c12e5474de40b155427bea97679c7ac11f57d47be8/assets/28e509d82b6fed55b059.jpg	image/jpeg	public, max-age=31536000, immutable	41346
sites/boost-interior-demo/packages/e562dedd17e9b7aeaf44e3c12e5474de40b155427bea97679c7ac11f57d47be8/assets/2b91ee6881f22ef144f7.jpg	image/jpeg	public, max-age=31536000, immutable	64413
sites/boost-interior-demo/packages/e562dedd17e9b7aeaf44e3c12e5474de40b155427bea97679c7ac11f57d47be8/assets/32ad6fbb9b421e99a85e.jpg	image/jpeg	public, max-age=31536000, immutable	101056
sites/boost-interior-demo/packages/e562dedd17e9b7aeaf44e3c12e5474de40b155427bea97679c7ac11f57d47be8/assets/33888d63a7dbd1775c78.jpg	image/jpeg	public, max-age=31536000, immutable	113405
sites/boost-interior-demo/packages/e562dedd17e9b7aeaf44e3c12e5474de40b155427bea97679c7ac11f57d47be8/assets/355dc4cf898996bc71c4.jpg	image/jpeg	public, max-age=31536000, immutable	113234
sites/boost-interior-demo/packages/e562dedd17e9b7aeaf44e3c12e5474de40b155427bea97679c7ac11f57d47be8/assets/35bdc95c6927ab36d473.jpg	image/jpeg	public, max-age=31536000, immutable	73157
sites/boost-interior-demo/packages/e562dedd17e9b7aeaf44e3c12e5474de40b155427bea97679c7ac11f57d47be8/assets/4343da24fbd05fdf1803.jpg	image/jpeg	public, max-age=31536000, immutable	74267
sites/boost-interior-demo/packages/e562dedd17e9b7aeaf44e3c12e5474de40b155427bea97679c7ac11f57d47be8/assets/48935a1375b5da6944fe.jpg	image/jpeg	public, max-age=31536000, immutable	74411
sites/boost-interior-demo/packages/e562dedd17e9b7aeaf44e3c12e5474de40b155427bea97679c7ac11f57d47be8/assets/4af2694f60ddc99e52c8.jpg	image/jpeg	public, max-age=31536000, immutable	104536
sites/boost-interior-demo/packages/e562dedd17e9b7aeaf44e3c12e5474de40b155427bea97679c7ac11f57d47be8/assets/4b97ec9364e732e50f19.jpg	image/jpeg	public, max-age=31536000, immutable	121576
sites/boost-interior-demo/packages/e562dedd17e9b7aeaf44e3c12e5474de40b155427bea97679c7ac11f57d47be8/assets/4be5034c5e9fbb7ddbc4.jpg	image/jpeg	public, max-age=31536000, immutable	185197
sites/boost-interior-demo/packages/e562dedd17e9b7aeaf44e3c12e5474de40b155427bea97679c7ac11f57d47be8/assets/4e9e56896ab0d2b54fcb.jpg	image/jpeg	public, max-age=31536000, immutable	90457
sites/boost-interior-demo/packages/e562dedd17e9b7aeaf44e3c12e5474de40b155427bea97679c7ac11f57d47be8/assets/56a3843724daa6937333.jpg	image/jpeg	public, max-age=31536000, immutable	92166
sites/boost-interior-demo/packages/e562dedd17e9b7aeaf44e3c12e5474de40b155427bea97679c7ac11f57d47be8/assets/577175ea94dda5ded468.jpg	image/jpeg	public, max-age=31536000, immutable	70084
sites/boost-interior-demo/packages/e562dedd17e9b7aeaf44e3c12e5474de40b155427bea97679c7ac11f57d47be8/assets/609e7b56f7660f5d1f9d.jpg	image/jpeg	public, max-age=31536000, immutable	79062
sites/boost-interior-demo/packages/e562dedd17e9b7aeaf44e3c12e5474de40b155427bea97679c7ac11f57d47be8/assets/663c832e823436b12617.jpg	image/jpeg	public, max-age=31536000, immutable	103403
sites/boost-interior-demo/packages/e562dedd17e9b7aeaf44e3c12e5474de40b155427bea97679c7ac11f57d47be8/assets/6cfd586c71fbe0ba477f.jpg	image/jpeg	public, max-age=31536000, immutable	94499
sites/boost-interior-demo/packages/e562dedd17e9b7aeaf44e3c12e5474de40b155427bea97679c7ac11f57d47be8/assets/7195aa06baefdddd0b4f.jpg	image/jpeg	public, max-age=31536000, immutable	109938
sites/boost-interior-demo/packages/e562dedd17e9b7aeaf44e3c12e5474de40b155427bea97679c7ac11f57d47be8/assets/75080da815b0adb4c7c2.jpg	image/jpeg	public, max-age=31536000, immutable	137779
sites/boost-interior-demo/packages/e562dedd17e9b7aeaf44e3c12e5474de40b155427bea97679c7ac11f57d47be8/assets/7ec4f2edabb354feed2b.jpg	image/jpeg	public, max-age=31536000, immutable	81423
sites/boost-interior-demo/packages/e562dedd17e9b7aeaf44e3c12e5474de40b155427bea97679c7ac11f57d47be8/assets/856ec64c8be5f6116330.jpg	image/jpeg	public, max-age=31536000, immutable	210048
sites/boost-interior-demo/packages/e562dedd17e9b7aeaf44e3c12e5474de40b155427bea97679c7ac11f57d47be8/assets/8653c74f8aa70a30f10a.jpg	image/jpeg	public, max-age=31536000, immutable	128635
sites/boost-interior-demo/packages/e562dedd17e9b7aeaf44e3c12e5474de40b155427bea97679c7ac11f57d47be8/assets/8b1f5ef894985ebb1ef9.jpg	image/jpeg	public, max-age=31536000, immutable	92326
sites/boost-interior-demo/packages/e562dedd17e9b7aeaf44e3c12e5474de40b155427bea97679c7ac11f57d47be8/assets/8daebf386f8059ddefbf.jpg	image/jpeg	public, max-age=31536000, immutable	109777
sites/boost-interior-demo/packages/e562dedd17e9b7aeaf44e3c12e5474de40b155427bea97679c7ac11f57d47be8/assets/8f3c4902540b7804ba70.jpg	image/jpeg	public, max-age=31536000, immutable	80717
sites/boost-interior-demo/packages/e562dedd17e9b7aeaf44e3c12e5474de40b155427bea97679c7ac11f57d47be8/assets/a0cc4c543e356c7500b0.jpg	image/jpeg	public, max-age=31536000, immutable	97490
sites/boost-interior-demo/packages/e562dedd17e9b7aeaf44e3c12e5474de40b155427bea97679c7ac11f57d47be8/assets/a22c7c19f9eec1cbe28c.jpg	image/jpeg	public, max-age=31536000, immutable	131923
sites/boost-interior-demo/packages/e562dedd17e9b7aeaf44e3c12e5474de40b155427bea97679c7ac11f57d47be8/assets/a616c97fe4f8a313857d.jpg	image/jpeg	public, max-age=31536000, immutable	78799
sites/boost-interior-demo/packages/e562dedd17e9b7aeaf44e3c12e5474de40b155427bea97679c7ac11f57d47be8/assets/a8561a8687889c451aab.jpg	image/jpeg	public, max-age=31536000, immutable	127374
sites/boost-interior-demo/packages/e562dedd17e9b7aeaf44e3c12e5474de40b155427bea97679c7ac11f57d47be8/assets/abf30eeda1c2ecb6ec9d.jpg	image/jpeg	public, max-age=31536000, immutable	140353
sites/boost-interior-demo/packages/e562dedd17e9b7aeaf44e3c12e5474de40b155427bea97679c7ac11f57d47be8/assets/ae004e4b853e6c005daa.jpg	image/jpeg	public, max-age=31536000, immutable	108473
sites/boost-interior-demo/packages/e562dedd17e9b7aeaf44e3c12e5474de40b155427bea97679c7ac11f57d47be8/assets/b079d5a93c72855ef8b1.jpg	image/jpeg	public, max-age=31536000, immutable	102996
sites/boost-interior-demo/packages/e562dedd17e9b7aeaf44e3c12e5474de40b155427bea97679c7ac11f57d47be8/assets/b3db719ea85bd69cade6.jpg	image/jpeg	public, max-age=31536000, immutable	178543
sites/boost-interior-demo/packages/e562dedd17e9b7aeaf44e3c12e5474de40b155427bea97679c7ac11f57d47be8/assets/b5a1855e08067d3f99a6.jpg	image/jpeg	public, max-age=31536000, immutable	51886
sites/boost-interior-demo/packages/e562dedd17e9b7aeaf44e3c12e5474de40b155427bea97679c7ac11f57d47be8/assets/b8128017c5b56ba994ef.jpg	image/jpeg	public, max-age=31536000, immutable	101693
sites/boost-interior-demo/packages/e562dedd17e9b7aeaf44e3c12e5474de40b155427bea97679c7ac11f57d47be8/assets/c4b8793c0ec308e9cf15.jpg	image/jpeg	public, max-age=31536000, immutable	105675
sites/boost-interior-demo/packages/e562dedd17e9b7aeaf44e3c12e5474de40b155427bea97679c7ac11f57d47be8/assets/c562c8736b1f564a52ea.jpg	image/jpeg	public, max-age=31536000, immutable	103435
sites/boost-interior-demo/packages/e562dedd17e9b7aeaf44e3c12e5474de40b155427bea97679c7ac11f57d47be8/assets/c57b5e6d1063af11ee9d.jpg	image/jpeg	public, max-age=31536000, immutable	96324
sites/boost-interior-demo/packages/e562dedd17e9b7aeaf44e3c12e5474de40b155427bea97679c7ac11f57d47be8/assets/cd3e8a9229bd532c8354.jpg	image/jpeg	public, max-age=31536000, immutable	76842
sites/boost-interior-demo/packages/e562dedd17e9b7aeaf44e3c12e5474de40b155427bea97679c7ac11f57d47be8/assets/e3bde7e30b04ce357a9f.jpg	image/jpeg	public, max-age=31536000, immutable	169480
sites/boost-interior-demo/packages/e562dedd17e9b7aeaf44e3c12e5474de40b155427bea97679c7ac11f57d47be8/assets/eedea9f15df0a895a8d6.jpg	image/jpeg	public, max-age=31536000, immutable	108458
sites/boost-interior-demo/packages/e562dedd17e9b7aeaf44e3c12e5474de40b155427bea97679c7ac11f57d47be8/assets/f0e9c3eb5d869b3fc459.jpg	image/jpeg	public, max-age=31536000, immutable	145581
sites/boost-interior-demo/packages/e562dedd17e9b7aeaf44e3c12e5474de40b155427bea97679c7ac11f57d47be8/assets/f7772497b1c65dd37094.jpg	image/jpeg	public, max-age=31536000, immutable	86069
sites/boost-interior-demo/packages/e562dedd17e9b7aeaf44e3c12e5474de40b155427bea97679c7ac11f57d47be8/assets/f7fc7d18036335e53d7b.svg	image/svg+xml	public, max-age=31536000, immutable	625
sites/boost-interior-demo/packages/e562dedd17e9b7aeaf44e3c12e5474de40b155427bea97679c7ac11f57d47be8/assets/fe692f4427f5f1c8f80f.jpg	image/jpeg	public, max-age=31536000, immutable	138810
sites/boost-interior-demo/packages/e562dedd17e9b7aeaf44e3c12e5474de40b155427bea97679c7ac11f57d47be8/contact.html	text/html; charset=utf-8	public, max-age=0, must-revalidate	23515
sites/boost-interior-demo/packages/e562dedd17e9b7aeaf44e3c12e5474de40b155427bea97679c7ac11f57d47be8/contact.txt	text/plain; charset=utf-8	public, max-age=0, must-revalidate	12900
sites/boost-interior-demo/packages/e562dedd17e9b7aeaf44e3c12e5474de40b155427bea97679c7ac11f57d47be8/contact/__next._full.txt	text/plain; charset=utf-8	public, max-age=0, must-revalidate	12900
sites/boost-interior-demo/packages/e562dedd17e9b7aeaf44e3c12e5474de40b155427bea97679c7ac11f57d47be8/contact/__next._tree.txt	text/plain; charset=utf-8	public, max-age=0, must-revalidate	382
sites/boost-interior-demo/packages/e562dedd17e9b7aeaf44e3c12e5474de40b155427bea97679c7ac11f57d47be8/contact/__next.contact.__PAGE__.txt	text/plain; charset=utf-8	public, max-age=0, must-revalidate	11838
sites/boost-interior-demo/packages/e562dedd17e9b7aeaf44e3c12e5474de40b155427bea97679c7ac11f57d47be8/index.html	text/html; charset=utf-8	public, max-age=0, must-revalidate	57062
sites/boost-interior-demo/packages/e562dedd17e9b7aeaf44e3c12e5474de40b155427bea97679c7ac11f57d47be8/index.txt	text/plain; charset=utf-8	public, max-age=0, must-revalidate	28078
sites/boost-interior-demo/packages/e562dedd17e9b7aeaf44e3c12e5474de40b155427bea97679c7ac11f57d47be8/portfolio.html	text/html; charset=utf-8	public, max-age=0, must-revalidate	43895
sites/boost-interior-demo/packages/e562dedd17e9b7aeaf44e3c12e5474de40b155427bea97679c7ac11f57d47be8/portfolio.txt	text/plain; charset=utf-8	public, max-age=0, must-revalidate	23968
sites/boost-interior-demo/packages/e562dedd17e9b7aeaf44e3c12e5474de40b155427bea97679c7ac11f57d47be8/portfolio/__next._full.txt	text/plain; charset=utf-8	public, max-age=0, must-revalidate	23968
sites/boost-interior-demo/packages/e562dedd17e9b7aeaf44e3c12e5474de40b155427bea97679c7ac11f57d47be8/portfolio/__next._tree.txt	text/plain; charset=utf-8	public, max-age=0, must-revalidate	432
sites/boost-interior-demo/packages/e562dedd17e9b7aeaf44e3c12e5474de40b155427bea97679c7ac11f57d47be8/portfolio/__next.portfolio.__PAGE__.txt	text/plain; charset=utf-8	public, max-age=0, must-revalidate	22871
sites/boost-interior-demo/packages/e562dedd17e9b7aeaf44e3c12e5474de40b155427bea97679c7ac11f57d47be8/portfolio/buk-32py-kitchen-bathroom-renewal.html	text/html; charset=utf-8	public, max-age=0, must-revalidate	38614
sites/boost-interior-demo/packages/e562dedd17e9b7aeaf44e3c12e5474de40b155427bea97679c7ac11f57d47be8/portfolio/buk-32py-kitchen-bathroom-renewal.txt	text/plain; charset=utf-8	public, max-age=0, must-revalidate	17389
sites/boost-interior-demo/packages/e562dedd17e9b7aeaf44e3c12e5474de40b155427bea97679c7ac11f57d47be8/portfolio/buk-32py-kitchen-bathroom-renewal/__next._full.txt	text/plain; charset=utf-8	public, max-age=0, must-revalidate	17389
sites/boost-interior-demo/packages/e562dedd17e9b7aeaf44e3c12e5474de40b155427bea97679c7ac11f57d47be8/portfolio/buk-32py-kitchen-bathroom-renewal/__next._tree.txt	text/plain; charset=utf-8	public, max-age=0, must-revalidate	519
sites/boost-interior-demo/packages/e562dedd17e9b7aeaf44e3c12e5474de40b155427bea97679c7ac11f57d47be8/portfolio/buk-32py-kitchen-bathroom-renewal/__next.portfolio.$d$slug.__PAGE__.txt	text/plain; charset=utf-8	public, max-age=0, must-revalidate	15972
sites/boost-interior-demo/packages/e562dedd17e9b7aeaf44e3c12e5474de40b155427bea97679c7ac11f57d47be8/portfolio/dalseo-24py-white-natural-newlywed-home.html	text/html; charset=utf-8	public, max-age=0, must-revalidate	35576
sites/boost-interior-demo/packages/e562dedd17e9b7aeaf44e3c12e5474de40b155427bea97679c7ac11f57d47be8/portfolio/dalseo-24py-white-natural-newlywed-home.txt	text/plain; charset=utf-8	public, max-age=0, must-revalidate	17325
sites/boost-interior-demo/packages/e562dedd17e9b7aeaf44e3c12e5474de40b155427bea97679c7ac11f57d47be8/portfolio/dalseo-24py-white-natural-newlywed-home/__next._full.txt	text/plain; charset=utf-8	public, max-age=0, must-revalidate	17325
sites/boost-interior-demo/packages/e562dedd17e9b7aeaf44e3c12e5474de40b155427bea97679c7ac11f57d47be8/portfolio/dalseo-24py-white-natural-newlywed-home/__next._tree.txt	text/plain; charset=utf-8	public, max-age=0, must-revalidate	525
sites/boost-interior-demo/packages/e562dedd17e9b7aeaf44e3c12e5474de40b155427bea97679c7ac11f57d47be8/portfolio/dalseo-24py-white-natural-newlywed-home/__next.portfolio.$d$slug.__PAGE__.txt	text/plain; charset=utf-8	public, max-age=0, must-revalidate	15830
sites/boost-interior-demo/packages/e562dedd17e9b7aeaf44e3c12e5474de40b155427bea97679c7ac11f57d47be8/portfolio/dong-29py-bright-natural-remodeling.html	text/html; charset=utf-8	public, max-age=0, must-revalidate	34378
sites/boost-interior-demo/packages/e562dedd17e9b7aeaf44e3c12e5474de40b155427bea97679c7ac11f57d47be8/portfolio/dong-29py-bright-natural-remodeling.txt	text/plain; charset=utf-8	public, max-age=0, must-revalidate	16714
sites/boost-interior-demo/packages/e562dedd17e9b7aeaf44e3c12e5474de40b155427bea97679c7ac11f57d47be8/portfolio/dong-29py-bright-natural-remodeling/__next._full.txt	text/plain; charset=utf-8	public, max-age=0, must-revalidate	16714
sites/boost-interior-demo/packages/e562dedd17e9b7aeaf44e3c12e5474de40b155427bea97679c7ac11f57d47be8/portfolio/dong-29py-bright-natural-remodeling/__next._tree.txt	text/plain; charset=utf-8	public, max-age=0, must-revalidate	521
sites/boost-interior-demo/packages/e562dedd17e9b7aeaf44e3c12e5474de40b155427bea97679c7ac11f57d47be8/portfolio/dong-29py-bright-natural-remodeling/__next.portfolio.$d$slug.__PAGE__.txt	text/plain; charset=utf-8	public, max-age=0, must-revalidate	15237
sites/boost-interior-demo/packages/e562dedd17e9b7aeaf44e3c12e5474de40b155427bea97679c7ac11f57d47be8/portfolio/gyeongsan-34py-entrance-living-remodeling.html	text/html; charset=utf-8	public, max-age=0, must-revalidate	35799
sites/boost-interior-demo/packages/e562dedd17e9b7aeaf44e3c12e5474de40b155427bea97679c7ac11f57d47be8/portfolio/gyeongsan-34py-entrance-living-remodeling.txt	text/plain; charset=utf-8	public, max-age=0, must-revalidate	17246
sites/boost-interior-demo/packages/e562dedd17e9b7aeaf44e3c12e5474de40b155427bea97679c7ac11f57d47be8/portfolio/gyeongsan-34py-entrance-living-remodeling/__next._full.txt	text/plain; charset=utf-8	public, max-age=0, must-revalidate	17246
sites/boost-interior-demo/packages/e562dedd17e9b7aeaf44e3c12e5474de40b155427bea97679c7ac11f57d47be8/portfolio/gyeongsan-34py-entrance-living-remodeling/__next._tree.txt	text/plain; charset=utf-8	public, max-age=0, must-revalidate	527
sites/boost-interior-demo/packages/e562dedd17e9b7aeaf44e3c12e5474de40b155427bea97679c7ac11f57d47be8/portfolio/gyeongsan-34py-entrance-living-remodeling/__next.portfolio.$d$slug.__PAGE__.txt	text/plain; charset=utf-8	public, max-age=0, must-revalidate	15779
sites/boost-interior-demo/packages/e562dedd17e9b7aeaf44e3c12e5474de40b155427bea97679c7ac11f57d47be8/portfolio/jung-19py-compact-white-minimal-remodeling.html	text/html; charset=utf-8	public, max-age=0, must-revalidate	34803
sites/boost-interior-demo/packages/e562dedd17e9b7aeaf44e3c12e5474de40b155427bea97679c7ac11f57d47be8/portfolio/jung-19py-compact-white-minimal-remodeling.txt	text/plain; charset=utf-8	public, max-age=0, must-revalidate	17005
sites/boost-interior-demo/packages/e562dedd17e9b7aeaf44e3c12e5474de40b155427bea97679c7ac11f57d47be8/portfolio/jung-19py-compact-white-minimal-remodeling/__next._full.txt	text/plain; charset=utf-8	public, max-age=0, must-revalidate	17005
sites/boost-interior-demo/packages/e562dedd17e9b7aeaf44e3c12e5474de40b155427bea97679c7ac11f57d47be8/portfolio/jung-19py-compact-white-minimal-remodeling/__next._tree.txt	text/plain; charset=utf-8	public, max-age=0, must-revalidate	528
sites/boost-interior-demo/packages/e562dedd17e9b7aeaf44e3c12e5474de40b155427bea97679c7ac11f57d47be8/portfolio/jung-19py-compact-white-minimal-remodeling/__next.portfolio.$d$slug.__PAGE__.txt	text/plain; charset=utf-8	public, max-age=0, must-revalidate	15516
sites/boost-interior-demo/packages/e562dedd17e9b7aeaf44e3c12e5474de40b155427bea97679c7ac11f57d47be8/portfolio/suseong-42py-family-storage-remodeling.html	text/html; charset=utf-8	public, max-age=0, must-revalidate	37664
sites/boost-interior-demo/packages/e562dedd17e9b7aeaf44e3c12e5474de40b155427bea97679c7ac11f57d47be8/portfolio/suseong-42py-family-storage-remodeling.txt	text/plain; charset=utf-8	public, max-age=0, must-revalidate	17806
sites/boost-interior-demo/packages/e562dedd17e9b7aeaf44e3c12e5474de40b155427bea97679c7ac11f57d47be8/portfolio/suseong-42py-family-storage-remodeling/__next._full.txt	text/plain; charset=utf-8	public, max-age=0, must-revalidate	17806
sites/boost-interior-demo/packages/e562dedd17e9b7aeaf44e3c12e5474de40b155427bea97679c7ac11f57d47be8/portfolio/suseong-42py-family-storage-remodeling/__next._tree.txt	text/plain; charset=utf-8	public, max-age=0, must-revalidate	524
sites/boost-interior-demo/packages/e562dedd17e9b7aeaf44e3c12e5474de40b155427bea97679c7ac11f57d47be8/portfolio/suseong-42py-family-storage-remodeling/__next.portfolio.$d$slug.__PAGE__.txt	text/plain; charset=utf-8	public, max-age=0, must-revalidate	16313
sites/boost-interior-demo/packages/e562dedd17e9b7aeaf44e3c12e5474de40b155427bea97679c7ac11f57d47be8/portfolio/suseong-51py-new-apartment-home-styling.html	text/html; charset=utf-8	public, max-age=0, must-revalidate	34299
sites/boost-interior-demo/packages/e562dedd17e9b7aeaf44e3c12e5474de40b155427bea97679c7ac11f57d47be8/portfolio/suseong-51py-new-apartment-home-styling.txt	text/plain; charset=utf-8	public, max-age=0, must-revalidate	16740
sites/boost-interior-demo/packages/e562dedd17e9b7aeaf44e3c12e5474de40b155427bea97679c7ac11f57d47be8/portfolio/suseong-51py-new-apartment-home-styling/__next._full.txt	text/plain; charset=utf-8	public, max-age=0, must-revalidate	16740
sites/boost-interior-demo/packages/e562dedd17e9b7aeaf44e3c12e5474de40b155427bea97679c7ac11f57d47be8/portfolio/suseong-51py-new-apartment-home-styling/__next._tree.txt	text/plain; charset=utf-8	public, max-age=0, must-revalidate	525
sites/boost-interior-demo/packages/e562dedd17e9b7aeaf44e3c12e5474de40b155427bea97679c7ac11f57d47be8/portfolio/suseong-51py-new-apartment-home-styling/__next.portfolio.$d$slug.__PAGE__.txt	text/plain; charset=utf-8	public, max-age=0, must-revalidate	15255
sites/boost-interior-demo/packages/e562dedd17e9b7aeaf44e3c12e5474de40b155427bea97679c7ac11f57d47be8/portfolio/suseong-white-34py-apartment-remodeling.html	text/html; charset=utf-8	public, max-age=0, must-revalidate	53149
sites/boost-interior-demo/packages/e562dedd17e9b7aeaf44e3c12e5474de40b155427bea97679c7ac11f57d47be8/portfolio/suseong-white-34py-apartment-remodeling.txt	text/plain; charset=utf-8	public, max-age=0, must-revalidate	20077
sites/boost-interior-demo/packages/e562dedd17e9b7aeaf44e3c12e5474de40b155427bea97679c7ac11f57d47be8/portfolio/suseong-white-34py-apartment-remodeling/__next._full.txt	text/plain; charset=utf-8	public, max-age=0, must-revalidate	20077
sites/boost-interior-demo/packages/e562dedd17e9b7aeaf44e3c12e5474de40b155427bea97679c7ac11f57d47be8/portfolio/suseong-white-34py-apartment-remodeling/__next._tree.txt	text/plain; charset=utf-8	public, max-age=0, must-revalidate	525
sites/boost-interior-demo/packages/e562dedd17e9b7aeaf44e3c12e5474de40b155427bea97679c7ac11f57d47be8/portfolio/suseong-white-34py-apartment-remodeling/__next.portfolio.$d$slug.__PAGE__.txt	text/plain; charset=utf-8	public, max-age=0, must-revalidate	18402
sites/boost-interior-demo/packages/e562dedd17e9b7aeaf44e3c12e5474de40b155427bea97679c7ac11f57d47be8/robots.txt	text/plain; charset=utf-8	public, max-age=0, must-revalidate	82
sites/boost-interior-demo/packages/e562dedd17e9b7aeaf44e3c12e5474de40b155427bea97679c7ac11f57d47be8/sitemap.xml	application/xml	public, max-age=0, must-revalidate	1335
sites/boost-interior-demo/packages/e562dedd17e9b7aeaf44e3c12e5474de40b155427bea97679c7ac11f57d47be8/_package.json	application/json	no-store	40592	(SEAL, written last)
routing/interior-demo.boostweb.co.kr.json	application/json	no-store	-	(POINTER, written after the verified seal)
{
  "schemaVersion": 1,
  "hostname": "interior-demo.boostweb.co.kr",
  "siteId": "boost-interior-demo",
  "packageHash": "e562dedd17e9b7aeaf44e3c12e5474de40b155427bea97679c7ac11f57d47be8",
  "buildInputId": "01f7ac782e5c67246443ef7a074ab20a60305b10912a11512c0be3b0d5d4cd3d",
  "releaseId": "interior-01-1.6.1-8da56de8d28f",
  "publishedAt": "<set at publish time>",
  "previous": {
    "siteId": "boost-interior-demo",
    "packageHash": "b10d430b2da3d954e5d2b59f8baec8933583c2eb94f7a713e0a7670cb8699535",
    "buildInputId": "ddbc72ad3fe018cf354d12b625436b60c169683474845081f9cf73fcf522a38a",
    "releaseId": "interior-01-1.6.1-8da56de8d28f",
    "publishedAt": "2026-09-29T11:20:22.266Z"
  }
}
{
  "status": "dry-run",
  "siteId": "boost-interior-demo",
  "hostname": "interior-demo.boostweb.co.kr",
  "bucket": "boost-sites-artifacts",
  "packagePrefix": "sites/boost-interior-demo/packages/e562dedd17e9b7aeaf44e3c12e5474de40b155427bea97679c7ac11f57d47be8/",
  "routingKey": "routing/interior-demo.boostweb.co.kr.json",
  "packageHash": "e562dedd17e9b7aeaf44e3c12e5474de40b155427bea97679c7ac11f57d47be8",
  "buildInputId": "01f7ac782e5c67246443ef7a074ab20a60305b10912a11512c0be3b0d5d4cd3d",
  "releaseId": "interior-01-1.6.1-8da56de8d28f",
  "bakedOrigin": "https://interior-demo.boostweb.co.kr",
  "files": 144,
  "bytes": 7379519,
  "objectsPlanned": 146,
  "byContentType": {
    "text/html; charset=utf-8": 15,
    "text/plain; charset=utf-8": 57,
    "application/json": 2,
    "text/javascript; charset=utf-8": 16,
    "text/css; charset=utf-8": 1,
    "image/jpeg": 51,
    "image/svg+xml": 1,
    "application/xml": 1
  },
  "byCachePolicy": {
    "revalidate: public, max-age=0, must-revalidate": 75,
    "next-static: public, max-age=31536000, immutable": 17,
    "content-addressed: public, max-age=31536000, immutable": 52
  },
  "warnings": [],
  "storeCheck": {
    "store": "wrangler --remote boost-sites-artifacts [read-only]",
    "seal": "absent",
    "wouldUpload": 144,
    "wouldSkip": 0,
    "live": {
      "siteId": "boost-interior-demo",
      "packageHash": "b10d430b2da3d954e5d2b59f8baec8933583c2eb94f7a713e0a7670cb8699535",
      "buildInputId": "ddbc72ad3fe018cf354d12b625436b60c169683474845081f9cf73fcf522a38a",
      "releaseId": "interior-01-1.6.1-8da56de8d28f",
      "publishedAt": "2026-09-29T11:20:22.266Z"
    },
    "pointerAction": "write"
  }
}
