[boost-interior-demo] package e562dedd17e9b7ae… (build 01f7ac782e5c6724…, interior-01-1.6.1-8da56de8d28f) · 144 files · 7379519 B · host interior-demo.boostweb.co.kr
[boost-interior-demo] store: wrangler --remote boost-sites-artifacts · concurrency 4
[boost-interior-demo] seal present and identical → immutable skip (0 uploads)
[boost-interior-demo] routing/interior-demo.boostweb.co.kr.json → e562dedd17e9b7ae… (previous b10d430b2da3d954…)
{
  "status": "published",
  "siteId": "boost-interior-demo",
  "hostname": "interior-demo.boostweb.co.kr",
  "bucket": "boost-sites-artifacts",
  "packagePrefix": "sites/boost-interior-demo/packages/e562dedd17e9b7aeaf44e3c12e5474de40b155427bea97679c7ac11f57d47be8/",
  "routingKey": "routing/interior-demo.boostweb.co.kr.json",
  "packageHash": "e562dedd17e9b7aeaf44e3c12e5474de40b155427bea97679c7ac11f57d47be8",
  "buildInputId": "01f7ac782e5c67246443ef7a074ab20a60305b10912a11512c0be3b0d5d4cd3d",
  "releaseId": "interior-01-1.6.1-8da56de8d28f",
  "bakedOrigin": "https://interior-demo.boostweb.co.kr",
  "files": 144,
  "bytes": 7379519,
  "objectsPlanned": 146,
  "byContentType": {
    "text/html; charset=utf-8": 15,
    "text/plain; charset=utf-8": 57,
    "application/json": 2,
    "text/javascript; charset=utf-8": 16,
    "text/css; charset=utf-8": 1,
    "image/jpeg": 51,
    "image/svg+xml": 1,
    "application/xml": 1
  },
  "byCachePolicy": {
    "revalidate: public, max-age=0, must-revalidate": 75,
    "next-static: public, max-age=31536000, immutable": 17,
    "content-addressed: public, max-age=31536000, immutable": 52
  },
  "warnings": [],
  "upload": "skipped-sealed",
  "uploaded": 0,
  "verified": 0,
  "pointerWrite": "written",
  "previous": {
    "siteId": "boost-interior-demo",
    "packageHash": "b10d430b2da3d954e5d2b59f8baec8933583c2eb94f7a713e0a7670cb8699535",
    "buildInputId": "ddbc72ad3fe018cf354d12b625436b60c169683474845081f9cf73fcf522a38a",
    "releaseId": "interior-01-1.6.1-8da56de8d28f",
    "publishedAt": "2026-09-29T11:20:22.266Z"
  }
}
