  ok   M no source placement field exists in the canonical model (projects, banners, reviews refuse them)
  ok   P reviews: no generated origin exists; no rating/date/photo/identity fields; text is plain + bounded
  ok   banners: PROVISIONAL; CTA is a closed target (project | contact), never a URL; ≤ 8 slides; image required
  ok   reader: reviews/banners are closed queries in STORED order; drafts only in preview; bad limits throw
  ok   Z home content uses NO per-item slots: slots are fixed section copy/link/media; items are content
  ok   settings: homepage defaults; projects-b OFF by default (never silently duplicates A); strict keys
  ok   AA Template imports/identifiers remain within the gate (no timers, window, fetch, Date, Intl …)
  ok   Y (static) reduced motion never hides content: no opacity/visibility/display rule inside the reduced-motion block
  ok   builder warns (never silently drops): unserved CTA project, contact CTA without destination, /path link that is not a page
  ok   B all three sites pin + were built with the SAME release ≥ 1.3.0, not newer than the current template version (verified)
  ok   C old 1.2.0 (and 1.1.0) releases: hash + every file unchanged, read-only, no Step 5 files; the 1.3.0 release unchanged + read-only
  ok   rollback: each site's previous package = an older release (≥ 1.2.0, < current), intact
  ok   D homepage section order is exactly hero · intro · projects-a · projects-b · reviews · image-band between header/footer; CTA outside the flow
  ok   E fixture-large: every intended section renders with its data (3 slides, intro+media+link, A 8, B 6, 6 reviews, band, CTA)
  ok   F fixture-small: SAME Template, Korean slots, warm theme, different hero/intro/queries/reviews/band/CTA label
  ok   G fixture-empty: no projects A/B, no reviews/band/CTA, no portfolio nav or route, no empty wrappers
  ok   H hero with >1 slides ships working-control markup: prev/next, pause, one dot per slide, one active slide
  ok   I hero with 1 slide: no prev/next, no dots, no pause, not announced as a carousel
  ok   K/L/N projects A/B: SAME collection, different subsets per settings, cards link to real detail pages
  ok   O reviews: non-empty → published only, stored order, limit; empty collection → whole section absent
  ok   Q image band: media present → renders; absent → no wrapper
  ok   R floating CTA: valid destination → crawlable <a href> in the static HTML; none → absent
  ok   S/T/W all homepage media resolve through the AssetResolver to local, present, hashed package files
  ok   U no source hostname/API/runtime/brand/widget leakage in any package (package QA + explicit scan)
  ok   AB same input stays deterministic: prepareSiteInput twice = the current package's buildInputId
  ok   AC the new release changes every site's buildInputId (and the release part of it)
  ok   AD portfolio list/pages/details/filters/404 regression-free: every non-home page's <main> byte-identical to the previous package (React useId values canonicalised)
  ok   AE sitemap.xml + robots.txt byte-identical to the previous package (no route-count drift); home <title> unchanged (its canonical arrives with 1.5.2: ia152.test.ts)
  ok   J/O/Q/R absent data → absent sections: 0 published slides, no reviews doc, no band media, CTA disabled; dead /path link hidden + warned
  ok   hero CTA targets: unserved (draft) project → slide without CTA; unknown project → build FAILS; no email → no contact CTA; live /path link kept
  ok   P reference-fixture reviews/banners under data/sites → FAIL; preview mode serves drafts, public never
  ok   old-release compatibility: 1.2.0-shaped data re-pinned to 1.2.0 reproduces the site's recorded 1.2.0 buildInputId
step5: 32 passed, 0 failed
