[boost-interior-demo] release interior-01-1.6.1-8da56de8d28f · buildInputId a4777cf9b71a0da0…
[boost-interior-demo] pruned routes with no page: portfolio.page
[boost-interior-demo] integration: 19 records → _integration/portfolio.d56509c8100a56fdf9644baff78ff9e1.json (142 ms)
[boost-interior-demo] built in 7s → data/site-builds/boost-interior-demo/packages/a4777cf9b71a0da0f7f52651ec027a219d7f09ce2e8f75ac4552a028cbfd413f
{
  "status": "built",
  "siteId": "boost-interior-demo",
  "buildInputId": "a4777cf9b71a0da0f7f52651ec027a219d7f09ce2e8f75ac4552a028cbfd413f",
  "releaseId": "interior-01-1.6.1-8da56de8d28f",
  "templateSourceHash": "b30123b6ce349b43ceaed173292cef86fdd3fac30e5706efcae0dfb5b4b1ba7a",
  "packageHash": "3846a29d30ef1d48e58b0c507075918424350870b096294a83678eb87ba20aaf",
  "durationMs": {
    "total": 7220,
    "install": 1326,
    "preflight": 198,
    "nextBuild": 5213,
    "qa": 34
  },
  "qa": {
    "pass": true,
    "files": 224,
    "bytes": 8375907,
    "htmlPages": 26
  },
  "routes": {
    "home": 1,
    "portfolio.index": 1,
    "portfolio.page": 0,
    "portfolio.detail": 19,
    "portfolio3d": 1,
    "about": 1,
    "contact": 1
  },
  "pruned": [
    "portfolio.page"
  ],
  "warnings": [],
  "previous": "0f80b2395724a721024bd43bcfdac383ba5328e820f2210eebe595002727127a"
}
