[boost-interior-demo] package 3846a29d30ef1d48… (build a4777cf9b71a0da0…, interior-01-1.6.1-8da56de8d28f) · 224 files · 8375907 B · host interior-demo.boostweb.co.kr

DRY RUN — nothing written. Target bucket: boost-sites-artifacts (remote)
store consulted READ-ONLY (wrangler --remote boost-sites-artifacts [read-only]): seal absent → would upload 224, would skip 0; host serves 286d44ab7d1f0c1202e992d8e17e384c6391d5c59d1a1eb321808f0dcc468e9e (interior-01-1.5.2-d87807590d64) → pointer write
key	content-type	cache-control	size
sites/boost-interior-demo/packages/3846a29d30ef1d48e58b0c507075918424350870b096294a83678eb87ba20aaf/3d-portfolio.html	text/html; charset=utf-8	public, max-age=0, must-revalidate	20335
sites/boost-interior-demo/packages/3846a29d30ef1d48e58b0c507075918424350870b096294a83678eb87ba20aaf/3d-portfolio.txt	text/plain; charset=utf-8	public, max-age=0, must-revalidate	12092
sites/boost-interior-demo/packages/3846a29d30ef1d48e58b0c507075918424350870b096294a83678eb87ba20aaf/3d-portfolio/__next.3d-portfolio.__PAGE__.txt	text/plain; charset=utf-8	public, max-age=0, must-revalidate	5951
sites/boost-interior-demo/packages/3846a29d30ef1d48e58b0c507075918424350870b096294a83678eb87ba20aaf/3d-portfolio/__next._full.txt	text/plain; charset=utf-8	public, max-age=0, must-revalidate	12092
sites/boost-interior-demo/packages/3846a29d30ef1d48e58b0c507075918424350870b096294a83678eb87ba20aaf/3d-portfolio/__next._index.txt	text/plain; charset=utf-8	public, max-age=0, must-revalidate	5557
sites/boost-interior-demo/packages/3846a29d30ef1d48e58b0c507075918424350870b096294a83678eb87ba20aaf/3d-portfolio/__next._tree.txt	text/plain; charset=utf-8	public, max-age=0, must-revalidate	387
sites/boost-interior-demo/packages/3846a29d30ef1d48e58b0c507075918424350870b096294a83678eb87ba20aaf/404.html	text/html; charset=utf-8	public, max-age=0, must-revalidate	16575
sites/boost-interior-demo/packages/3846a29d30ef1d48e58b0c507075918424350870b096294a83678eb87ba20aaf/__next.__PAGE__.txt	text/plain; charset=utf-8	public, max-age=0, must-revalidate	22409
sites/boost-interior-demo/packages/3846a29d30ef1d48e58b0c507075918424350870b096294a83678eb87ba20aaf/__next._full.txt	text/plain; charset=utf-8	public, max-age=0, must-revalidate	28458
sites/boost-interior-demo/packages/3846a29d30ef1d48e58b0c507075918424350870b096294a83678eb87ba20aaf/__next._index.txt	text/plain; charset=utf-8	public, max-age=0, must-revalidate	5557
sites/boost-interior-demo/packages/3846a29d30ef1d48e58b0c507075918424350870b096294a83678eb87ba20aaf/__next._tree.txt	text/plain; charset=utf-8	public, max-age=0, must-revalidate	308
sites/boost-interior-demo/packages/3846a29d30ef1d48e58b0c507075918424350870b096294a83678eb87ba20aaf/_integration/manifest.json	application/json	public, max-age=0, must-revalidate	274
sites/boost-interior-demo/packages/3846a29d30ef1d48e58b0c507075918424350870b096294a83678eb87ba20aaf/_integration/portfolio.d56509c8100a56fdf9644baff78ff9e1.json	application/json	public, max-age=0, must-revalidate	11608
sites/boost-interior-demo/packages/3846a29d30ef1d48e58b0c507075918424350870b096294a83678eb87ba20aaf/_next/static/a4777cf9b71a0da0f7f52651ec027a21/_buildManifest.js	text/javascript; charset=utf-8	public, max-age=31536000, immutable	219
sites/boost-interior-demo/packages/3846a29d30ef1d48e58b0c507075918424350870b096294a83678eb87ba20aaf/_next/static/a4777cf9b71a0da0f7f52651ec027a21/_clientMiddlewareManifest.js	text/javascript; charset=utf-8	public, max-age=31536000, immutable	96
sites/boost-interior-demo/packages/3846a29d30ef1d48e58b0c507075918424350870b096294a83678eb87ba20aaf/_next/static/a4777cf9b71a0da0f7f52651ec027a21/_ssgManifest.js	text/javascript; charset=utf-8	public, max-age=31536000, immutable	109
sites/boost-interior-demo/packages/3846a29d30ef1d48e58b0c507075918424350870b096294a83678eb87ba20aaf/_next/static/chunks/03av4zwinu01d.js	text/javascript; charset=utf-8	public, max-age=31536000, immutable	8923
sites/boost-interior-demo/packages/3846a29d30ef1d48e58b0c507075918424350870b096294a83678eb87ba20aaf/_next/static/chunks/0cz1d0mv5g_q7.js	text/javascript; charset=utf-8	public, max-age=31536000, immutable	112594
sites/boost-interior-demo/packages/3846a29d30ef1d48e58b0c507075918424350870b096294a83678eb87ba20aaf/_next/static/chunks/0rnsp54yxojro.js	text/javascript; charset=utf-8	public, max-age=31536000, immutable	14429
sites/boost-interior-demo/packages/3846a29d30ef1d48e58b0c507075918424350870b096294a83678eb87ba20aaf/_next/static/chunks/12l5746ts8j5e.css	text/css; charset=utf-8	public, max-age=31536000, immutable	37643
sites/boost-interior-demo/packages/3846a29d30ef1d48e58b0c507075918424350870b096294a83678eb87ba20aaf/_next/static/chunks/1fx8wyr62n54x.js	text/javascript; charset=utf-8	public, max-age=31536000, immutable	229075
sites/boost-interior-demo/packages/3846a29d30ef1d48e58b0c507075918424350870b096294a83678eb87ba20aaf/_next/static/chunks/1ri8bud4-mtcj.js	text/javascript; charset=utf-8	public, max-age=31536000, immutable	14379
sites/boost-interior-demo/packages/3846a29d30ef1d48e58b0c507075918424350870b096294a83678eb87ba20aaf/_next/static/chunks/1yjyq_0ur7v-3.js	text/javascript; charset=utf-8	public, max-age=31536000, immutable	3701
sites/boost-interior-demo/packages/3846a29d30ef1d48e58b0c507075918424350870b096294a83678eb87ba20aaf/_next/static/chunks/22lgiphrawvbj.js	text/javascript; charset=utf-8	public, max-age=31536000, immutable	29003
sites/boost-interior-demo/packages/3846a29d30ef1d48e58b0c507075918424350870b096294a83678eb87ba20aaf/_next/static/chunks/2fo9hoy1stmbs.js	text/javascript; charset=utf-8	public, max-age=31536000, immutable	163778
sites/boost-interior-demo/packages/3846a29d30ef1d48e58b0c507075918424350870b096294a83678eb87ba20aaf/_next/static/chunks/332uslzbhf388.js	text/javascript; charset=utf-8	public, max-age=31536000, immutable	23133
sites/boost-interior-demo/packages/3846a29d30ef1d48e58b0c507075918424350870b096294a83678eb87ba20aaf/_next/static/chunks/3dv1jar9uk9_d.js	text/javascript; charset=utf-8	public, max-age=31536000, immutable	10849
sites/boost-interior-demo/packages/3846a29d30ef1d48e58b0c507075918424350870b096294a83678eb87ba20aaf/_next/static/chunks/3vdwcw6eu3y_c.js	text/javascript; charset=utf-8	public, max-age=31536000, immutable	7274
sites/boost-interior-demo/packages/3846a29d30ef1d48e58b0c507075918424350870b096294a83678eb87ba20aaf/_next/static/chunks/3yh5jaalv1u8v.js	text/javascript; charset=utf-8	public, max-age=31536000, immutable	5364
sites/boost-interior-demo/packages/3846a29d30ef1d48e58b0c507075918424350870b096294a83678eb87ba20aaf/_next/static/chunks/turbopack-3oqcsbkplb52c.js	text/javascript; charset=utf-8	public, max-age=31536000, immutable	9652
sites/boost-interior-demo/packages/3846a29d30ef1d48e58b0c507075918424350870b096294a83678eb87ba20aaf/_not-found.html	text/html; charset=utf-8	public, max-age=0, must-revalidate	16575
sites/boost-interior-demo/packages/3846a29d30ef1d48e58b0c507075918424350870b096294a83678eb87ba20aaf/_not-found.txt	text/plain; charset=utf-8	public, max-age=0, must-revalidate	10189
sites/boost-interior-demo/packages/3846a29d30ef1d48e58b0c507075918424350870b096294a83678eb87ba20aaf/_not-found/__next._full.txt	text/plain; charset=utf-8	public, max-age=0, must-revalidate	10189
sites/boost-interior-demo/packages/3846a29d30ef1d48e58b0c507075918424350870b096294a83678eb87ba20aaf/_not-found/__next._index.txt	text/plain; charset=utf-8	public, max-age=0, must-revalidate	5557
sites/boost-interior-demo/packages/3846a29d30ef1d48e58b0c507075918424350870b096294a83678eb87ba20aaf/_not-found/__next._not-found.__PAGE__.txt	text/plain; charset=utf-8	public, max-age=0, must-revalidate	4010
sites/boost-interior-demo/packages/3846a29d30ef1d48e58b0c507075918424350870b096294a83678eb87ba20aaf/_not-found/__next._tree.txt	text/plain; charset=utf-8	public, max-age=0, must-revalidate	386
sites/boost-interior-demo/packages/3846a29d30ef1d48e58b0c507075918424350870b096294a83678eb87ba20aaf/about.html	text/html; charset=utf-8	public, max-age=0, must-revalidate	27745
sites/boost-interior-demo/packages/3846a29d30ef1d48e58b0c507075918424350870b096294a83678eb87ba20aaf/about.txt	text/plain; charset=utf-8	public, max-age=0, must-revalidate	16028
sites/boost-interior-demo/packages/3846a29d30ef1d48e58b0c507075918424350870b096294a83678eb87ba20aaf/about/__next._full.txt	text/plain; charset=utf-8	public, max-age=0, must-revalidate	16028
sites/boost-interior-demo/packages/3846a29d30ef1d48e58b0c507075918424350870b096294a83678eb87ba20aaf/about/__next._index.txt	text/plain; charset=utf-8	public, max-age=0, must-revalidate	5557
sites/boost-interior-demo/packages/3846a29d30ef1d48e58b0c507075918424350870b096294a83678eb87ba20aaf/about/__next._tree.txt	text/plain; charset=utf-8	public, max-age=0, must-revalidate	428
sites/boost-interior-demo/packages/3846a29d30ef1d48e58b0c507075918424350870b096294a83678eb87ba20aaf/about/__next.about.__PAGE__.txt	text/plain; charset=utf-8	public, max-age=0, must-revalidate	9931
sites/boost-interior-demo/packages/3846a29d30ef1d48e58b0c507075918424350870b096294a83678eb87ba20aaf/assets/03c625140dc4df674fb8.jpg	image/jpeg	public, max-age=31536000, immutable	104478
sites/boost-interior-demo/packages/3846a29d30ef1d48e58b0c507075918424350870b096294a83678eb87ba20aaf/assets/0600f0ac3c687ecd0dd0.jpg	image/jpeg	public, max-age=31536000, immutable	121887
sites/boost-interior-demo/packages/3846a29d30ef1d48e58b0c507075918424350870b096294a83678eb87ba20aaf/assets/07ec6b76f44294d581b4.jpg	image/jpeg	public, max-age=31536000, immutable	107546
sites/boost-interior-demo/packages/3846a29d30ef1d48e58b0c507075918424350870b096294a83678eb87ba20aaf/assets/08264a88e6ee7942e653.jpg	image/jpeg	public, max-age=31536000, immutable	161536
sites/boost-interior-demo/packages/3846a29d30ef1d48e58b0c507075918424350870b096294a83678eb87ba20aaf/assets/182b10d12703311adcc0.jpg	image/jpeg	public, max-age=31536000, immutable	82703
sites/boost-interior-demo/packages/3846a29d30ef1d48e58b0c507075918424350870b096294a83678eb87ba20aaf/assets/199fd9974b0751f2895f.jpg	image/jpeg	public, max-age=31536000, immutable	80183
sites/boost-interior-demo/packages/3846a29d30ef1d48e58b0c507075918424350870b096294a83678eb87ba20aaf/assets/1c6712572d180dc7c452.jpg	image/jpeg	public, max-age=31536000, immutable	117246
sites/boost-interior-demo/packages/3846a29d30ef1d48e58b0c507075918424350870b096294a83678eb87ba20aaf/assets/28e509d82b6fed55b059.jpg	image/jpeg	public, max-age=31536000, immutable	41346
sites/boost-interior-demo/packages/3846a29d30ef1d48e58b0c507075918424350870b096294a83678eb87ba20aaf/assets/2b91ee6881f22ef144f7.jpg	image/jpeg	public, max-age=31536000, immutable	64413
sites/boost-interior-demo/packages/3846a29d30ef1d48e58b0c507075918424350870b096294a83678eb87ba20aaf/assets/32ad6fbb9b421e99a85e.jpg	image/jpeg	public, max-age=31536000, immutable	101056
sites/boost-interior-demo/packages/3846a29d30ef1d48e58b0c507075918424350870b096294a83678eb87ba20aaf/assets/33888d63a7dbd1775c78.jpg	image/jpeg	public, max-age=31536000, immutable	113405
sites/boost-interior-demo/packages/3846a29d30ef1d48e58b0c507075918424350870b096294a83678eb87ba20aaf/assets/355dc4cf898996bc71c4.jpg	image/jpeg	public, max-age=31536000, immutable	113234
sites/boost-interior-demo/packages/3846a29d30ef1d48e58b0c507075918424350870b096294a83678eb87ba20aaf/assets/35bdc95c6927ab36d473.jpg	image/jpeg	public, max-age=31536000, immutable	73157
sites/boost-interior-demo/packages/3846a29d30ef1d48e58b0c507075918424350870b096294a83678eb87ba20aaf/assets/4343da24fbd05fdf1803.jpg	image/jpeg	public, max-age=31536000, immutable	74267
sites/boost-interior-demo/packages/3846a29d30ef1d48e58b0c507075918424350870b096294a83678eb87ba20aaf/assets/48935a1375b5da6944fe.jpg	image/jpeg	public, max-age=31536000, immutable	74411
sites/boost-interior-demo/packages/3846a29d30ef1d48e58b0c507075918424350870b096294a83678eb87ba20aaf/assets/4af2694f60ddc99e52c8.jpg	image/jpeg	public, max-age=31536000, immutable	104536
sites/boost-interior-demo/packages/3846a29d30ef1d48e58b0c507075918424350870b096294a83678eb87ba20aaf/assets/4b97ec9364e732e50f19.jpg	image/jpeg	public, max-age=31536000, immutable	121576
sites/boost-interior-demo/packages/3846a29d30ef1d48e58b0c507075918424350870b096294a83678eb87ba20aaf/assets/4be5034c5e9fbb7ddbc4.jpg	image/jpeg	public, max-age=31536000, immutable	185197
sites/boost-interior-demo/packages/3846a29d30ef1d48e58b0c507075918424350870b096294a83678eb87ba20aaf/assets/4e9e56896ab0d2b54fcb.jpg	image/jpeg	public, max-age=31536000, immutable	90457
sites/boost-interior-demo/packages/3846a29d30ef1d48e58b0c507075918424350870b096294a83678eb87ba20aaf/assets/56a3843724daa6937333.jpg	image/jpeg	public, max-age=31536000, immutable	92166
sites/boost-interior-demo/packages/3846a29d30ef1d48e58b0c507075918424350870b096294a83678eb87ba20aaf/assets/577175ea94dda5ded468.jpg	image/jpeg	public, max-age=31536000, immutable	70084
sites/boost-interior-demo/packages/3846a29d30ef1d48e58b0c507075918424350870b096294a83678eb87ba20aaf/assets/609e7b56f7660f5d1f9d.jpg	image/jpeg	public, max-age=31536000, immutable	79062
sites/boost-interior-demo/packages/3846a29d30ef1d48e58b0c507075918424350870b096294a83678eb87ba20aaf/assets/663c832e823436b12617.jpg	image/jpeg	public, max-age=31536000, immutable	103403
sites/boost-interior-demo/packages/3846a29d30ef1d48e58b0c507075918424350870b096294a83678eb87ba20aaf/assets/6cfd586c71fbe0ba477f.jpg	image/jpeg	public, max-age=31536000, immutable	94499
sites/boost-interior-demo/packages/3846a29d30ef1d48e58b0c507075918424350870b096294a83678eb87ba20aaf/assets/7195aa06baefdddd0b4f.jpg	image/jpeg	public, max-age=31536000, immutable	109938
sites/boost-interior-demo/packages/3846a29d30ef1d48e58b0c507075918424350870b096294a83678eb87ba20aaf/assets/75080da815b0adb4c7c2.jpg	image/jpeg	public, max-age=31536000, immutable	137779
sites/boost-interior-demo/packages/3846a29d30ef1d48e58b0c507075918424350870b096294a83678eb87ba20aaf/assets/7ec4f2edabb354feed2b.jpg	image/jpeg	public, max-age=31536000, immutable	81423
sites/boost-interior-demo/packages/3846a29d30ef1d48e58b0c507075918424350870b096294a83678eb87ba20aaf/assets/856ec64c8be5f6116330.jpg	image/jpeg	public, max-age=31536000, immutable	210048
sites/boost-interior-demo/packages/3846a29d30ef1d48e58b0c507075918424350870b096294a83678eb87ba20aaf/assets/8653c74f8aa70a30f10a.jpg	image/jpeg	public, max-age=31536000, immutable	128635
sites/boost-interior-demo/packages/3846a29d30ef1d48e58b0c507075918424350870b096294a83678eb87ba20aaf/assets/8b1f5ef894985ebb1ef9.jpg	image/jpeg	public, max-age=31536000, immutable	92326
sites/boost-interior-demo/packages/3846a29d30ef1d48e58b0c507075918424350870b096294a83678eb87ba20aaf/assets/8daebf386f8059ddefbf.jpg	image/jpeg	public, max-age=31536000, immutable	109777
sites/boost-interior-demo/packages/3846a29d30ef1d48e58b0c507075918424350870b096294a83678eb87ba20aaf/assets/8f3c4902540b7804ba70.jpg	image/jpeg	public, max-age=31536000, immutable	80717
sites/boost-interior-demo/packages/3846a29d30ef1d48e58b0c507075918424350870b096294a83678eb87ba20aaf/assets/a0cc4c543e356c7500b0.jpg	image/jpeg	public, max-age=31536000, immutable	97490
sites/boost-interior-demo/packages/3846a29d30ef1d48e58b0c507075918424350870b096294a83678eb87ba20aaf/assets/a22c7c19f9eec1cbe28c.jpg	image/jpeg	public, max-age=31536000, immutable	131923
sites/boost-interior-demo/packages/3846a29d30ef1d48e58b0c507075918424350870b096294a83678eb87ba20aaf/assets/a616c97fe4f8a313857d.jpg	image/jpeg	public, max-age=31536000, immutable	78799
sites/boost-interior-demo/packages/3846a29d30ef1d48e58b0c507075918424350870b096294a83678eb87ba20aaf/assets/a8561a8687889c451aab.jpg	image/jpeg	public, max-age=31536000, immutable	127374
sites/boost-interior-demo/packages/3846a29d30ef1d48e58b0c507075918424350870b096294a83678eb87ba20aaf/assets/abf30eeda1c2ecb6ec9d.jpg	image/jpeg	public, max-age=31536000, immutable	140353
sites/boost-interior-demo/packages/3846a29d30ef1d48e58b0c507075918424350870b096294a83678eb87ba20aaf/assets/ae004e4b853e6c005daa.jpg	image/jpeg	public, max-age=31536000, immutable	108473
sites/boost-interior-demo/packages/3846a29d30ef1d48e58b0c507075918424350870b096294a83678eb87ba20aaf/assets/b079d5a93c72855ef8b1.jpg	image/jpeg	public, max-age=31536000, immutable	102996
sites/boost-interior-demo/packages/3846a29d30ef1d48e58b0c507075918424350870b096294a83678eb87ba20aaf/assets/b3db719ea85bd69cade6.jpg	image/jpeg	public, max-age=31536000, immutable	178543
sites/boost-interior-demo/packages/3846a29d30ef1d48e58b0c507075918424350870b096294a83678eb87ba20aaf/assets/b5a1855e08067d3f99a6.jpg	image/jpeg	public, max-age=31536000, immutable	51886
sites/boost-interior-demo/packages/3846a29d30ef1d48e58b0c507075918424350870b096294a83678eb87ba20aaf/assets/b8128017c5b56ba994ef.jpg	image/jpeg	public, max-age=31536000, immutable	101693
sites/boost-interior-demo/packages/3846a29d30ef1d48e58b0c507075918424350870b096294a83678eb87ba20aaf/assets/c4b8793c0ec308e9cf15.jpg	image/jpeg	public, max-age=31536000, immutable	105675
sites/boost-interior-demo/packages/3846a29d30ef1d48e58b0c507075918424350870b096294a83678eb87ba20aaf/assets/c562c8736b1f564a52ea.jpg	image/jpeg	public, max-age=31536000, immutable	103435
sites/boost-interior-demo/packages/3846a29d30ef1d48e58b0c507075918424350870b096294a83678eb87ba20aaf/assets/c57b5e6d1063af11ee9d.jpg	image/jpeg	public, max-age=31536000, immutable	96324
sites/boost-interior-demo/packages/3846a29d30ef1d48e58b0c507075918424350870b096294a83678eb87ba20aaf/assets/cd3e8a9229bd532c8354.jpg	image/jpeg	public, max-age=31536000, immutable	76842
sites/boost-interior-demo/packages/3846a29d30ef1d48e58b0c507075918424350870b096294a83678eb87ba20aaf/assets/e3bde7e30b04ce357a9f.jpg	image/jpeg	public, max-age=31536000, immutable	169480
sites/boost-interior-demo/packages/3846a29d30ef1d48e58b0c507075918424350870b096294a83678eb87ba20aaf/assets/eedea9f15df0a895a8d6.jpg	image/jpeg	public, max-age=31536000, immutable	108458
sites/boost-interior-demo/packages/3846a29d30ef1d48e58b0c507075918424350870b096294a83678eb87ba20aaf/assets/f0e9c3eb5d869b3fc459.jpg	image/jpeg	public, max-age=31536000, immutable	145581
sites/boost-interior-demo/packages/3846a29d30ef1d48e58b0c507075918424350870b096294a83678eb87ba20aaf/assets/f7772497b1c65dd37094.jpg	image/jpeg	public, max-age=31536000, immutable	86069
sites/boost-interior-demo/packages/3846a29d30ef1d48e58b0c507075918424350870b096294a83678eb87ba20aaf/assets/f7fc7d18036335e53d7b.svg	image/svg+xml	public, max-age=31536000, immutable	625
sites/boost-interior-demo/packages/3846a29d30ef1d48e58b0c507075918424350870b096294a83678eb87ba20aaf/assets/fe692f4427f5f1c8f80f.jpg	image/jpeg	public, max-age=31536000, immutable	138810
sites/boost-interior-demo/packages/3846a29d30ef1d48e58b0c507075918424350870b096294a83678eb87ba20aaf/contact.html	text/html; charset=utf-8	public, max-age=0, must-revalidate	24264
sites/boost-interior-demo/packages/3846a29d30ef1d48e58b0c507075918424350870b096294a83678eb87ba20aaf/contact.txt	text/plain; charset=utf-8	public, max-age=0, must-revalidate	13290
sites/boost-interior-demo/packages/3846a29d30ef1d48e58b0c507075918424350870b096294a83678eb87ba20aaf/contact/__next._full.txt	text/plain; charset=utf-8	public, max-age=0, must-revalidate	13290
sites/boost-interior-demo/packages/3846a29d30ef1d48e58b0c507075918424350870b096294a83678eb87ba20aaf/contact/__next._index.txt	text/plain; charset=utf-8	public, max-age=0, must-revalidate	5557
sites/boost-interior-demo/packages/3846a29d30ef1d48e58b0c507075918424350870b096294a83678eb87ba20aaf/contact/__next._tree.txt	text/plain; charset=utf-8	public, max-age=0, must-revalidate	382
sites/boost-interior-demo/packages/3846a29d30ef1d48e58b0c507075918424350870b096294a83678eb87ba20aaf/contact/__next.contact.__PAGE__.txt	text/plain; charset=utf-8	public, max-age=0, must-revalidate	7220
sites/boost-interior-demo/packages/3846a29d30ef1d48e58b0c507075918424350870b096294a83678eb87ba20aaf/index.html	text/html; charset=utf-8	public, max-age=0, must-revalidate	57798
sites/boost-interior-demo/packages/3846a29d30ef1d48e58b0c507075918424350870b096294a83678eb87ba20aaf/index.txt	text/plain; charset=utf-8	public, max-age=0, must-revalidate	28458
sites/boost-interior-demo/packages/3846a29d30ef1d48e58b0c507075918424350870b096294a83678eb87ba20aaf/portfolio.html	text/html; charset=utf-8	public, max-age=0, must-revalidate	66558
sites/boost-interior-demo/packages/3846a29d30ef1d48e58b0c507075918424350870b096294a83678eb87ba20aaf/portfolio.txt	text/plain; charset=utf-8	public, max-age=0, must-revalidate	37446
sites/boost-interior-demo/packages/3846a29d30ef1d48e58b0c507075918424350870b096294a83678eb87ba20aaf/portfolio/__next._full.txt	text/plain; charset=utf-8	public, max-age=0, must-revalidate	37446
sites/boost-interior-demo/packages/3846a29d30ef1d48e58b0c507075918424350870b096294a83678eb87ba20aaf/portfolio/__next._index.txt	text/plain; charset=utf-8	public, max-age=0, must-revalidate	5557
sites/boost-interior-demo/packages/3846a29d30ef1d48e58b0c507075918424350870b096294a83678eb87ba20aaf/portfolio/__next._tree.txt	text/plain; charset=utf-8	public, max-age=0, must-revalidate	432
sites/boost-interior-demo/packages/3846a29d30ef1d48e58b0c507075918424350870b096294a83678eb87ba20aaf/portfolio/__next.portfolio.__PAGE__.txt	text/plain; charset=utf-8	public, max-age=0, must-revalidate	31341
sites/boost-interior-demo/packages/3846a29d30ef1d48e58b0c507075918424350870b096294a83678eb87ba20aaf/portfolio/buk-112m2-living-room-flooring-renewal.html	text/html; charset=utf-8	public, max-age=0, must-revalidate	29377
sites/boost-interior-demo/packages/3846a29d30ef1d48e58b0c507075918424350870b096294a83678eb87ba20aaf/portfolio/buk-112m2-living-room-flooring-renewal.txt	text/plain; charset=utf-8	public, max-age=0, must-revalidate	17100
sites/boost-interior-demo/packages/3846a29d30ef1d48e58b0c507075918424350870b096294a83678eb87ba20aaf/portfolio/buk-112m2-living-room-flooring-renewal/__next._full.txt	text/plain; charset=utf-8	public, max-age=0, must-revalidate	17100
sites/boost-interior-demo/packages/3846a29d30ef1d48e58b0c507075918424350870b096294a83678eb87ba20aaf/portfolio/buk-112m2-living-room-flooring-renewal/__next._index.txt	text/plain; charset=utf-8	public, max-age=0, must-revalidate	5557
sites/boost-interior-demo/packages/3846a29d30ef1d48e58b0c507075918424350870b096294a83678eb87ba20aaf/portfolio/buk-112m2-living-room-flooring-renewal/__next._tree.txt	text/plain; charset=utf-8	public, max-age=0, must-revalidate	524
sites/boost-interior-demo/packages/3846a29d30ef1d48e58b0c507075918424350870b096294a83678eb87ba20aaf/portfolio/buk-112m2-living-room-flooring-renewal/__next.portfolio.$d$slug.__PAGE__.txt	text/plain; charset=utf-8	public, max-age=0, must-revalidate	10688
sites/boost-interior-demo/packages/3846a29d30ef1d48e58b0c507075918424350870b096294a83678eb87ba20aaf/portfolio/buk-20py-villa-full-remodeling.html	text/html; charset=utf-8	public, max-age=0, must-revalidate	30251
sites/boost-interior-demo/packages/3846a29d30ef1d48e58b0c507075918424350870b096294a83678eb87ba20aaf/portfolio/buk-20py-villa-full-remodeling.txt	text/plain; charset=utf-8	public, max-age=0, must-revalidate	17563
sites/boost-interior-demo/packages/3846a29d30ef1d48e58b0c507075918424350870b096294a83678eb87ba20aaf/portfolio/buk-20py-villa-full-remodeling/__next._full.txt	text/plain; charset=utf-8	public, max-age=0, must-revalidate	17563
sites/boost-interior-demo/packages/3846a29d30ef1d48e58b0c507075918424350870b096294a83678eb87ba20aaf/portfolio/buk-20py-villa-full-remodeling/__next._index.txt	text/plain; charset=utf-8	public, max-age=0, must-revalidate	5557
sites/boost-interior-demo/packages/3846a29d30ef1d48e58b0c507075918424350870b096294a83678eb87ba20aaf/portfolio/buk-20py-villa-full-remodeling/__next._tree.txt	text/plain; charset=utf-8	public, max-age=0, must-revalidate	516
sites/boost-interior-demo/packages/3846a29d30ef1d48e58b0c507075918424350870b096294a83678eb87ba20aaf/portfolio/buk-20py-villa-full-remodeling/__next.portfolio.$d$slug.__PAGE__.txt	text/plain; charset=utf-8	public, max-age=0, must-revalidate	11167
sites/boost-interior-demo/packages/3846a29d30ef1d48e58b0c507075918424350870b096294a83678eb87ba20aaf/portfolio/buk-32py-kitchen-bathroom-renewal.html	text/html; charset=utf-8	public, max-age=0, must-revalidate	39377
sites/boost-interior-demo/packages/3846a29d30ef1d48e58b0c507075918424350870b096294a83678eb87ba20aaf/portfolio/buk-32py-kitchen-bathroom-renewal.txt	text/plain; charset=utf-8	public, max-age=0, must-revalidate	17790
sites/boost-interior-demo/packages/3846a29d30ef1d48e58b0c507075918424350870b096294a83678eb87ba20aaf/portfolio/buk-32py-kitchen-bathroom-renewal/__next._full.txt	text/plain; charset=utf-8	public, max-age=0, must-revalidate	17790
sites/boost-interior-demo/packages/3846a29d30ef1d48e58b0c507075918424350870b096294a83678eb87ba20aaf/portfolio/buk-32py-kitchen-bathroom-renewal/__next._index.txt	text/plain; charset=utf-8	public, max-age=0, must-revalidate	5557
sites/boost-interior-demo/packages/3846a29d30ef1d48e58b0c507075918424350870b096294a83678eb87ba20aaf/portfolio/buk-32py-kitchen-bathroom-renewal/__next._tree.txt	text/plain; charset=utf-8	public, max-age=0, must-revalidate	519
sites/boost-interior-demo/packages/3846a29d30ef1d48e58b0c507075918424350870b096294a83678eb87ba20aaf/portfolio/buk-32py-kitchen-bathroom-renewal/__next.portfolio.$d$slug.__PAGE__.txt	text/plain; charset=utf-8	public, max-age=0, must-revalidate	11354
sites/boost-interior-demo/packages/3846a29d30ef1d48e58b0c507075918424350870b096294a83678eb87ba20aaf/portfolio/dalseo-24py-white-natural-newlywed-home.html	text/html; charset=utf-8	public, max-age=0, must-revalidate	36339
sites/boost-interior-demo/packages/3846a29d30ef1d48e58b0c507075918424350870b096294a83678eb87ba20aaf/portfolio/dalseo-24py-white-natural-newlywed-home.txt	text/plain; charset=utf-8	public, max-age=0, must-revalidate	17726
sites/boost-interior-demo/packages/3846a29d30ef1d48e58b0c507075918424350870b096294a83678eb87ba20aaf/portfolio/dalseo-24py-white-natural-newlywed-home/__next._full.txt	text/plain; charset=utf-8	public, max-age=0, must-revalidate	17726
sites/boost-interior-demo/packages/3846a29d30ef1d48e58b0c507075918424350870b096294a83678eb87ba20aaf/portfolio/dalseo-24py-white-natural-newlywed-home/__next._index.txt	text/plain; charset=utf-8	public, max-age=0, must-revalidate	5557
sites/boost-interior-demo/packages/3846a29d30ef1d48e58b0c507075918424350870b096294a83678eb87ba20aaf/portfolio/dalseo-24py-white-natural-newlywed-home/__next._tree.txt	text/plain; charset=utf-8	public, max-age=0, must-revalidate	525
sites/boost-interior-demo/packages/3846a29d30ef1d48e58b0c507075918424350870b096294a83678eb87ba20aaf/portfolio/dalseo-24py-white-natural-newlywed-home/__next.portfolio.$d$slug.__PAGE__.txt	text/plain; charset=utf-8	public, max-age=0, must-revalidate	11212
sites/boost-interior-demo/packages/3846a29d30ef1d48e58b0c507075918424350870b096294a83678eb87ba20aaf/portfolio/dalseo-34py-value-full-remodeling.html	text/html; charset=utf-8	public, max-age=0, must-revalidate	31271
sites/boost-interior-demo/packages/3846a29d30ef1d48e58b0c507075918424350870b096294a83678eb87ba20aaf/portfolio/dalseo-34py-value-full-remodeling.txt	text/plain; charset=utf-8	public, max-age=0, must-revalidate	18076
sites/boost-interior-demo/packages/3846a29d30ef1d48e58b0c507075918424350870b096294a83678eb87ba20aaf/portfolio/dalseo-34py-value-full-remodeling/__next._full.txt	text/plain; charset=utf-8	public, max-age=0, must-revalidate	18076
sites/boost-interior-demo/packages/3846a29d30ef1d48e58b0c507075918424350870b096294a83678eb87ba20aaf/portfolio/dalseo-34py-value-full-remodeling/__next._index.txt	text/plain; charset=utf-8	public, max-age=0, must-revalidate	5557
sites/boost-interior-demo/packages/3846a29d30ef1d48e58b0c507075918424350870b096294a83678eb87ba20aaf/portfolio/dalseo-34py-value-full-remodeling/__next._tree.txt	text/plain; charset=utf-8	public, max-age=0, must-revalidate	519
sites/boost-interior-demo/packages/3846a29d30ef1d48e58b0c507075918424350870b096294a83678eb87ba20aaf/portfolio/dalseo-34py-value-full-remodeling/__next.portfolio.$d$slug.__PAGE__.txt	text/plain; charset=utf-8	public, max-age=0, must-revalidate	11674
sites/boost-interior-demo/packages/3846a29d30ef1d48e58b0c507075918424350870b096294a83678eb87ba20aaf/portfolio/dalseo-84m2-kitchen-only-renewal.html	text/html; charset=utf-8	public, max-age=0, must-revalidate	30146
sites/boost-interior-demo/packages/3846a29d30ef1d48e58b0c507075918424350870b096294a83678eb87ba20aaf/portfolio/dalseo-84m2-kitchen-only-renewal.txt	text/plain; charset=utf-8	public, max-age=0, must-revalidate	17504
sites/boost-interior-demo/packages/3846a29d30ef1d48e58b0c507075918424350870b096294a83678eb87ba20aaf/portfolio/dalseo-84m2-kitchen-only-renewal/__next._full.txt	text/plain; charset=utf-8	public, max-age=0, must-revalidate	17504
sites/boost-interior-demo/packages/3846a29d30ef1d48e58b0c507075918424350870b096294a83678eb87ba20aaf/portfolio/dalseo-84m2-kitchen-only-renewal/__next._index.txt	text/plain; charset=utf-8	public, max-age=0, must-revalidate	5557
sites/boost-interior-demo/packages/3846a29d30ef1d48e58b0c507075918424350870b096294a83678eb87ba20aaf/portfolio/dalseo-84m2-kitchen-only-renewal/__next._tree.txt	text/plain; charset=utf-8	public, max-age=0, must-revalidate	518
sites/boost-interior-demo/packages/3846a29d30ef1d48e58b0c507075918424350870b096294a83678eb87ba20aaf/portfolio/dalseo-84m2-kitchen-only-renewal/__next.portfolio.$d$slug.__PAGE__.txt	text/plain; charset=utf-8	public, max-age=0, must-revalidate	11104
sites/boost-interior-demo/packages/3846a29d30ef1d48e58b0c507075918424350870b096294a83678eb87ba20aaf/portfolio/dalseong-32py-whole-flat-wallpaper-flooring.html	text/html; charset=utf-8	public, max-age=0, must-revalidate	28514
sites/boost-interior-demo/packages/3846a29d30ef1d48e58b0c507075918424350870b096294a83678eb87ba20aaf/portfolio/dalseong-32py-whole-flat-wallpaper-flooring.txt	text/plain; charset=utf-8	public, max-age=0, must-revalidate	16651
sites/boost-interior-demo/packages/3846a29d30ef1d48e58b0c507075918424350870b096294a83678eb87ba20aaf/portfolio/dalseong-32py-whole-flat-wallpaper-flooring/__next._full.txt	text/plain; charset=utf-8	public, max-age=0, must-revalidate	16651
sites/boost-interior-demo/packages/3846a29d30ef1d48e58b0c507075918424350870b096294a83678eb87ba20aaf/portfolio/dalseong-32py-whole-flat-wallpaper-flooring/__next._index.txt	text/plain; charset=utf-8	public, max-age=0, must-revalidate	5557
sites/boost-interior-demo/packages/3846a29d30ef1d48e58b0c507075918424350870b096294a83678eb87ba20aaf/portfolio/dalseong-32py-whole-flat-wallpaper-flooring/__next._tree.txt	text/plain; charset=utf-8	public, max-age=0, must-revalidate	529
sites/boost-interior-demo/packages/3846a29d30ef1d48e58b0c507075918424350870b096294a83678eb87ba20aaf/portfolio/dalseong-32py-whole-flat-wallpaper-flooring/__next.portfolio.$d$slug.__PAGE__.txt	text/plain; charset=utf-8	public, max-age=0, must-revalidate	10227
sites/boost-interior-demo/packages/3846a29d30ef1d48e58b0c507075918424350870b096294a83678eb87ba20aaf/portfolio/dong-26py-warm-wood-full-remodeling.html	text/html; charset=utf-8	public, max-age=0, must-revalidate	29843
sites/boost-interior-demo/packages/3846a29d30ef1d48e58b0c507075918424350870b096294a83678eb87ba20aaf/portfolio/dong-26py-warm-wood-full-remodeling.txt	text/plain; charset=utf-8	public, max-age=0, must-revalidate	17344
sites/boost-interior-demo/packages/3846a29d30ef1d48e58b0c507075918424350870b096294a83678eb87ba20aaf/portfolio/dong-26py-warm-wood-full-remodeling/__next._full.txt	text/plain; charset=utf-8	public, max-age=0, must-revalidate	17344
sites/boost-interior-demo/packages/3846a29d30ef1d48e58b0c507075918424350870b096294a83678eb87ba20aaf/portfolio/dong-26py-warm-wood-full-remodeling/__next._index.txt	text/plain; charset=utf-8	public, max-age=0, must-revalidate	5557
sites/boost-interior-demo/packages/3846a29d30ef1d48e58b0c507075918424350870b096294a83678eb87ba20aaf/portfolio/dong-26py-warm-wood-full-remodeling/__next._tree.txt	text/plain; charset=utf-8	public, max-age=0, must-revalidate	521
sites/boost-interior-demo/packages/3846a29d30ef1d48e58b0c507075918424350870b096294a83678eb87ba20aaf/portfolio/dong-26py-warm-wood-full-remodeling/__next.portfolio.$d$slug.__PAGE__.txt	text/plain; charset=utf-8	public, max-age=0, must-revalidate	10938
sites/boost-interior-demo/packages/3846a29d30ef1d48e58b0c507075918424350870b096294a83678eb87ba20aaf/portfolio/dong-29py-bright-natural-remodeling.html	text/html; charset=utf-8	public, max-age=0, must-revalidate	35141
sites/boost-interior-demo/packages/3846a29d30ef1d48e58b0c507075918424350870b096294a83678eb87ba20aaf/portfolio/dong-29py-bright-natural-remodeling.txt	text/plain; charset=utf-8	public, max-age=0, must-revalidate	17115
sites/boost-interior-demo/packages/3846a29d30ef1d48e58b0c507075918424350870b096294a83678eb87ba20aaf/portfolio/dong-29py-bright-natural-remodeling/__next._full.txt	text/plain; charset=utf-8	public, max-age=0, must-revalidate	17115
sites/boost-interior-demo/packages/3846a29d30ef1d48e58b0c507075918424350870b096294a83678eb87ba20aaf/portfolio/dong-29py-bright-natural-remodeling/__next._index.txt	text/plain; charset=utf-8	public, max-age=0, must-revalidate	5557
sites/boost-interior-demo/packages/3846a29d30ef1d48e58b0c507075918424350870b096294a83678eb87ba20aaf/portfolio/dong-29py-bright-natural-remodeling/__next._tree.txt	text/plain; charset=utf-8	public, max-age=0, must-revalidate	521
sites/boost-interior-demo/packages/3846a29d30ef1d48e58b0c507075918424350870b096294a83678eb87ba20aaf/portfolio/dong-29py-bright-natural-remodeling/__next.portfolio.$d$slug.__PAGE__.txt	text/plain; charset=utf-8	public, max-age=0, must-revalidate	10619
sites/boost-interior-demo/packages/3846a29d30ef1d48e58b0c507075918424350870b096294a83678eb87ba20aaf/portfolio/gyeongsan-34py-entrance-living-remodeling.html	text/html; charset=utf-8	public, max-age=0, must-revalidate	36562
sites/boost-interior-demo/packages/3846a29d30ef1d48e58b0c507075918424350870b096294a83678eb87ba20aaf/portfolio/gyeongsan-34py-entrance-living-remodeling.txt	text/plain; charset=utf-8	public, max-age=0, must-revalidate	17647
sites/boost-interior-demo/packages/3846a29d30ef1d48e58b0c507075918424350870b096294a83678eb87ba20aaf/portfolio/gyeongsan-34py-entrance-living-remodeling/__next._full.txt	text/plain; charset=utf-8	public, max-age=0, must-revalidate	17647
sites/boost-interior-demo/packages/3846a29d30ef1d48e58b0c507075918424350870b096294a83678eb87ba20aaf/portfolio/gyeongsan-34py-entrance-living-remodeling/__next._index.txt	text/plain; charset=utf-8	public, max-age=0, must-revalidate	5557
sites/boost-interior-demo/packages/3846a29d30ef1d48e58b0c507075918424350870b096294a83678eb87ba20aaf/portfolio/gyeongsan-34py-entrance-living-remodeling/__next._tree.txt	text/plain; charset=utf-8	public, max-age=0, must-revalidate	527
sites/boost-interior-demo/packages/3846a29d30ef1d48e58b0c507075918424350870b096294a83678eb87ba20aaf/portfolio/gyeongsan-34py-entrance-living-remodeling/__next.portfolio.$d$slug.__PAGE__.txt	text/plain; charset=utf-8	public, max-age=0, must-revalidate	11161
sites/boost-interior-demo/packages/3846a29d30ef1d48e58b0c507075918424350870b096294a83678eb87ba20aaf/portfolio/gyeongsan-38py-kitchen-two-bathrooms-renewal.html	text/html; charset=utf-8	public, max-age=0, must-revalidate	30036
sites/boost-interior-demo/packages/3846a29d30ef1d48e58b0c507075918424350870b096294a83678eb87ba20aaf/portfolio/gyeongsan-38py-kitchen-two-bathrooms-renewal.txt	text/plain; charset=utf-8	public, max-age=0, must-revalidate	17462
sites/boost-interior-demo/packages/3846a29d30ef1d48e58b0c507075918424350870b096294a83678eb87ba20aaf/portfolio/gyeongsan-38py-kitchen-two-bathrooms-renewal/__next._full.txt	text/plain; charset=utf-8	public, max-age=0, must-revalidate	17462
sites/boost-interior-demo/packages/3846a29d30ef1d48e58b0c507075918424350870b096294a83678eb87ba20aaf/portfolio/gyeongsan-38py-kitchen-two-bathrooms-renewal/__next._index.txt	text/plain; charset=utf-8	public, max-age=0, must-revalidate	5557
sites/boost-interior-demo/packages/3846a29d30ef1d48e58b0c507075918424350870b096294a83678eb87ba20aaf/portfolio/gyeongsan-38py-kitchen-two-bathrooms-renewal/__next._tree.txt	text/plain; charset=utf-8	public, max-age=0, must-revalidate	530
sites/boost-interior-demo/packages/3846a29d30ef1d48e58b0c507075918424350870b096294a83678eb87ba20aaf/portfolio/gyeongsan-38py-kitchen-two-bathrooms-renewal/__next.portfolio.$d$slug.__PAGE__.txt	text/plain; charset=utf-8	public, max-age=0, must-revalidate	11038
sites/boost-interior-demo/packages/3846a29d30ef1d48e58b0c507075918424350870b096294a83678eb87ba20aaf/portfolio/jung-19py-compact-white-minimal-remodeling.html	text/html; charset=utf-8	public, max-age=0, must-revalidate	35566
sites/boost-interior-demo/packages/3846a29d30ef1d48e58b0c507075918424350870b096294a83678eb87ba20aaf/portfolio/jung-19py-compact-white-minimal-remodeling.txt	text/plain; charset=utf-8	public, max-age=0, must-revalidate	17406
sites/boost-interior-demo/packages/3846a29d30ef1d48e58b0c507075918424350870b096294a83678eb87ba20aaf/portfolio/jung-19py-compact-white-minimal-remodeling/__next._full.txt	text/plain; charset=utf-8	public, max-age=0, must-revalidate	17406
sites/boost-interior-demo/packages/3846a29d30ef1d48e58b0c507075918424350870b096294a83678eb87ba20aaf/portfolio/jung-19py-compact-white-minimal-remodeling/__next._index.txt	text/plain; charset=utf-8	public, max-age=0, must-revalidate	5557
sites/boost-interior-demo/packages/3846a29d30ef1d48e58b0c507075918424350870b096294a83678eb87ba20aaf/portfolio/jung-19py-compact-white-minimal-remodeling/__next._tree.txt	text/plain; charset=utf-8	public, max-age=0, must-revalidate	528
sites/boost-interior-demo/packages/3846a29d30ef1d48e58b0c507075918424350870b096294a83678eb87ba20aaf/portfolio/jung-19py-compact-white-minimal-remodeling/__next.portfolio.$d$slug.__PAGE__.txt	text/plain; charset=utf-8	public, max-age=0, must-revalidate	10898
sites/boost-interior-demo/packages/3846a29d30ef1d48e58b0c507075918424350870b096294a83678eb87ba20aaf/portfolio/jung-single-bathroom-renewal.html	text/html; charset=utf-8	public, max-age=0, must-revalidate	28719
sites/boost-interior-demo/packages/3846a29d30ef1d48e58b0c507075918424350870b096294a83678eb87ba20aaf/portfolio/jung-single-bathroom-renewal.txt	text/plain; charset=utf-8	public, max-age=0, must-revalidate	16733
sites/boost-interior-demo/packages/3846a29d30ef1d48e58b0c507075918424350870b096294a83678eb87ba20aaf/portfolio/jung-single-bathroom-renewal/__next._full.txt	text/plain; charset=utf-8	public, max-age=0, must-revalidate	16733
sites/boost-interior-demo/packages/3846a29d30ef1d48e58b0c507075918424350870b096294a83678eb87ba20aaf/portfolio/jung-single-bathroom-renewal/__next._index.txt	text/plain; charset=utf-8	public, max-age=0, must-revalidate	5557
sites/boost-interior-demo/packages/3846a29d30ef1d48e58b0c507075918424350870b096294a83678eb87ba20aaf/portfolio/jung-single-bathroom-renewal/__next._tree.txt	text/plain; charset=utf-8	public, max-age=0, must-revalidate	514
sites/boost-interior-demo/packages/3846a29d30ef1d48e58b0c507075918424350870b096294a83678eb87ba20aaf/portfolio/jung-single-bathroom-renewal/__next.portfolio.$d$slug.__PAGE__.txt	text/plain; charset=utf-8	public, max-age=0, must-revalidate	10339
sites/boost-interior-demo/packages/3846a29d30ef1d48e58b0c507075918424350870b096294a83678eb87ba20aaf/portfolio/seo-30py-entrance-storage-renewal.html	text/html; charset=utf-8	public, max-age=0, must-revalidate	29832
sites/boost-interior-demo/packages/3846a29d30ef1d48e58b0c507075918424350870b096294a83678eb87ba20aaf/portfolio/seo-30py-entrance-storage-renewal.txt	text/plain; charset=utf-8	public, max-age=0, must-revalidate	17328
sites/boost-interior-demo/packages/3846a29d30ef1d48e58b0c507075918424350870b096294a83678eb87ba20aaf/portfolio/seo-30py-entrance-storage-renewal/__next._full.txt	text/plain; charset=utf-8	public, max-age=0, must-revalidate	17328
sites/boost-interior-demo/packages/3846a29d30ef1d48e58b0c507075918424350870b096294a83678eb87ba20aaf/portfolio/seo-30py-entrance-storage-renewal/__next._index.txt	text/plain; charset=utf-8	public, max-age=0, must-revalidate	5557
sites/boost-interior-demo/packages/3846a29d30ef1d48e58b0c507075918424350870b096294a83678eb87ba20aaf/portfolio/seo-30py-entrance-storage-renewal/__next._tree.txt	text/plain; charset=utf-8	public, max-age=0, must-revalidate	519
sites/boost-interior-demo/packages/3846a29d30ef1d48e58b0c507075918424350870b096294a83678eb87ba20aaf/portfolio/seo-30py-entrance-storage-renewal/__next.portfolio.$d$slug.__PAGE__.txt	text/plain; charset=utf-8	public, max-age=0, must-revalidate	10926
sites/boost-interior-demo/packages/3846a29d30ef1d48e58b0c507075918424350870b096294a83678eb87ba20aaf/portfolio/suseong-34py-expansion-windows-full-remodeling.html	text/html; charset=utf-8	public, max-age=0, must-revalidate	30058
sites/boost-interior-demo/packages/3846a29d30ef1d48e58b0c507075918424350870b096294a83678eb87ba20aaf/portfolio/suseong-34py-expansion-windows-full-remodeling.txt	text/plain; charset=utf-8	public, max-age=0, must-revalidate	17466
sites/boost-interior-demo/packages/3846a29d30ef1d48e58b0c507075918424350870b096294a83678eb87ba20aaf/portfolio/suseong-34py-expansion-windows-full-remodeling/__next._full.txt	text/plain; charset=utf-8	public, max-age=0, must-revalidate	17466
sites/boost-interior-demo/packages/3846a29d30ef1d48e58b0c507075918424350870b096294a83678eb87ba20aaf/portfolio/suseong-34py-expansion-windows-full-remodeling/__next._index.txt	text/plain; charset=utf-8	public, max-age=0, must-revalidate	5557
sites/boost-interior-demo/packages/3846a29d30ef1d48e58b0c507075918424350870b096294a83678eb87ba20aaf/portfolio/suseong-34py-expansion-windows-full-remodeling/__next._tree.txt	text/plain; charset=utf-8	public, max-age=0, must-revalidate	532
sites/boost-interior-demo/packages/3846a29d30ef1d48e58b0c507075918424350870b096294a83678eb87ba20aaf/portfolio/suseong-34py-expansion-windows-full-remodeling/__next.portfolio.$d$slug.__PAGE__.txt	text/plain; charset=utf-8	public, max-age=0, must-revalidate	11038
sites/boost-interior-demo/packages/3846a29d30ef1d48e58b0c507075918424350870b096294a83678eb87ba20aaf/portfolio/suseong-42py-family-storage-remodeling.html	text/html; charset=utf-8	public, max-age=0, must-revalidate	38427
sites/boost-interior-demo/packages/3846a29d30ef1d48e58b0c507075918424350870b096294a83678eb87ba20aaf/portfolio/suseong-42py-family-storage-remodeling.txt	text/plain; charset=utf-8	public, max-age=0, must-revalidate	18207
sites/boost-interior-demo/packages/3846a29d30ef1d48e58b0c507075918424350870b096294a83678eb87ba20aaf/portfolio/suseong-42py-family-storage-remodeling/__next._full.txt	text/plain; charset=utf-8	public, max-age=0, must-revalidate	18207
sites/boost-interior-demo/packages/3846a29d30ef1d48e58b0c507075918424350870b096294a83678eb87ba20aaf/portfolio/suseong-42py-family-storage-remodeling/__next._index.txt	text/plain; charset=utf-8	public, max-age=0, must-revalidate	5557
sites/boost-interior-demo/packages/3846a29d30ef1d48e58b0c507075918424350870b096294a83678eb87ba20aaf/portfolio/suseong-42py-family-storage-remodeling/__next._tree.txt	text/plain; charset=utf-8	public, max-age=0, must-revalidate	524
sites/boost-interior-demo/packages/3846a29d30ef1d48e58b0c507075918424350870b096294a83678eb87ba20aaf/portfolio/suseong-42py-family-storage-remodeling/__next.portfolio.$d$slug.__PAGE__.txt	text/plain; charset=utf-8	public, max-age=0, must-revalidate	11695
sites/boost-interior-demo/packages/3846a29d30ef1d48e58b0c507075918424350870b096294a83678eb87ba20aaf/portfolio/suseong-48py-large-apartment-full-remodeling.html	text/html; charset=utf-8	public, max-age=0, must-revalidate	31048
sites/boost-interior-demo/packages/3846a29d30ef1d48e58b0c507075918424350870b096294a83678eb87ba20aaf/portfolio/suseong-48py-large-apartment-full-remodeling.txt	text/plain; charset=utf-8	public, max-age=0, must-revalidate	17976
sites/boost-interior-demo/packages/3846a29d30ef1d48e58b0c507075918424350870b096294a83678eb87ba20aaf/portfolio/suseong-48py-large-apartment-full-remodeling/__next._full.txt	text/plain; charset=utf-8	public, max-age=0, must-revalidate	17976
sites/boost-interior-demo/packages/3846a29d30ef1d48e58b0c507075918424350870b096294a83678eb87ba20aaf/portfolio/suseong-48py-large-apartment-full-remodeling/__next._index.txt	text/plain; charset=utf-8	public, max-age=0, must-revalidate	5557
sites/boost-interior-demo/packages/3846a29d30ef1d48e58b0c507075918424350870b096294a83678eb87ba20aaf/portfolio/suseong-48py-large-apartment-full-remodeling/__next._tree.txt	text/plain; charset=utf-8	public, max-age=0, must-revalidate	530
sites/boost-interior-demo/packages/3846a29d30ef1d48e58b0c507075918424350870b096294a83678eb87ba20aaf/portfolio/suseong-48py-large-apartment-full-remodeling/__next.portfolio.$d$slug.__PAGE__.txt	text/plain; charset=utf-8	public, max-age=0, must-revalidate	11552
sites/boost-interior-demo/packages/3846a29d30ef1d48e58b0c507075918424350870b096294a83678eb87ba20aaf/portfolio/suseong-51py-new-apartment-home-styling.html	text/html; charset=utf-8	public, max-age=0, must-revalidate	35062
sites/boost-interior-demo/packages/3846a29d30ef1d48e58b0c507075918424350870b096294a83678eb87ba20aaf/portfolio/suseong-51py-new-apartment-home-styling.txt	text/plain; charset=utf-8	public, max-age=0, must-revalidate	17141
sites/boost-interior-demo/packages/3846a29d30ef1d48e58b0c507075918424350870b096294a83678eb87ba20aaf/portfolio/suseong-51py-new-apartment-home-styling/__next._full.txt	text/plain; charset=utf-8	public, max-age=0, must-revalidate	17141
sites/boost-interior-demo/packages/3846a29d30ef1d48e58b0c507075918424350870b096294a83678eb87ba20aaf/portfolio/suseong-51py-new-apartment-home-styling/__next._index.txt	text/plain; charset=utf-8	public, max-age=0, must-revalidate	5557
sites/boost-interior-demo/packages/3846a29d30ef1d48e58b0c507075918424350870b096294a83678eb87ba20aaf/portfolio/suseong-51py-new-apartment-home-styling/__next._tree.txt	text/plain; charset=utf-8	public, max-age=0, must-revalidate	525
sites/boost-interior-demo/packages/3846a29d30ef1d48e58b0c507075918424350870b096294a83678eb87ba20aaf/portfolio/suseong-51py-new-apartment-home-styling/__next.portfolio.$d$slug.__PAGE__.txt	text/plain; charset=utf-8	public, max-age=0, must-revalidate	10637
sites/boost-interior-demo/packages/3846a29d30ef1d48e58b0c507075918424350870b096294a83678eb87ba20aaf/portfolio/suseong-white-34py-apartment-remodeling.html	text/html; charset=utf-8	public, max-age=0, must-revalidate	53912
sites/boost-interior-demo/packages/3846a29d30ef1d48e58b0c507075918424350870b096294a83678eb87ba20aaf/portfolio/suseong-white-34py-apartment-remodeling.txt	text/plain; charset=utf-8	public, max-age=0, must-revalidate	20478
sites/boost-interior-demo/packages/3846a29d30ef1d48e58b0c507075918424350870b096294a83678eb87ba20aaf/portfolio/suseong-white-34py-apartment-remodeling/__next._full.txt	text/plain; charset=utf-8	public, max-age=0, must-revalidate	20478
sites/boost-interior-demo/packages/3846a29d30ef1d48e58b0c507075918424350870b096294a83678eb87ba20aaf/portfolio/suseong-white-34py-apartment-remodeling/__next._index.txt	text/plain; charset=utf-8	public, max-age=0, must-revalidate	5557
sites/boost-interior-demo/packages/3846a29d30ef1d48e58b0c507075918424350870b096294a83678eb87ba20aaf/portfolio/suseong-white-34py-apartment-remodeling/__next._tree.txt	text/plain; charset=utf-8	public, max-age=0, must-revalidate	525
sites/boost-interior-demo/packages/3846a29d30ef1d48e58b0c507075918424350870b096294a83678eb87ba20aaf/portfolio/suseong-white-34py-apartment-remodeling/__next.portfolio.$d$slug.__PAGE__.txt	text/plain; charset=utf-8	public, max-age=0, must-revalidate	13783
sites/boost-interior-demo/packages/3846a29d30ef1d48e58b0c507075918424350870b096294a83678eb87ba20aaf/robots.txt	text/plain; charset=utf-8	public, max-age=0, must-revalidate	82
sites/boost-interior-demo/packages/3846a29d30ef1d48e58b0c507075918424350870b096294a83678eb87ba20aaf/sitemap.xml	application/xml	public, max-age=0, must-revalidate	2533
sites/boost-interior-demo/packages/3846a29d30ef1d48e58b0c507075918424350870b096294a83678eb87ba20aaf/_package.json	application/json	no-store	64998	(SEAL, written last)
routing/interior-demo.boostweb.co.kr.json	application/json	no-store	-	(POINTER, written after the verified seal)
{
  "schemaVersion": 1,
  "hostname": "interior-demo.boostweb.co.kr",
  "siteId": "boost-interior-demo",
  "packageHash": "3846a29d30ef1d48e58b0c507075918424350870b096294a83678eb87ba20aaf",
  "buildInputId": "a4777cf9b71a0da0f7f52651ec027a219d7f09ce2e8f75ac4552a028cbfd413f",
  "releaseId": "interior-01-1.6.1-8da56de8d28f",
  "publishedAt": "<set at publish time>",
  "previous": {
    "siteId": "boost-interior-demo",
    "packageHash": "286d44ab7d1f0c1202e992d8e17e384c6391d5c59d1a1eb321808f0dcc468e9e",
    "buildInputId": "0f80b2395724a721024bd43bcfdac383ba5328e820f2210eebe595002727127a",
    "releaseId": "interior-01-1.5.2-d87807590d64",
    "publishedAt": "2026-09-22T13:07:36.229Z"
  }
}
{
  "status": "dry-run",
  "siteId": "boost-interior-demo",
  "hostname": "interior-demo.boostweb.co.kr",
  "bucket": "boost-sites-artifacts",
  "packagePrefix": "sites/boost-interior-demo/packages/3846a29d30ef1d48e58b0c507075918424350870b096294a83678eb87ba20aaf/",
  "routingKey": "routing/interior-demo.boostweb.co.kr.json",
  "packageHash": "3846a29d30ef1d48e58b0c507075918424350870b096294a83678eb87ba20aaf",
  "buildInputId": "a4777cf9b71a0da0f7f52651ec027a219d7f09ce2e8f75ac4552a028cbfd413f",
  "releaseId": "interior-01-1.6.1-8da56de8d28f",
  "bakedOrigin": "https://interior-demo.boostweb.co.kr",
  "files": 224,
  "bytes": 8375907,
  "objectsPlanned": 226,
  "byContentType": {
    "text/html; charset=utf-8": 26,
    "text/plain; charset=utf-8": 126,
    "application/json": 2,
    "text/javascript; charset=utf-8": 16,
    "text/css; charset=utf-8": 1,
    "image/jpeg": 51,
    "image/svg+xml": 1,
    "application/xml": 1
  },
  "byCachePolicy": {
    "revalidate: public, max-age=0, must-revalidate": 155,
    "next-static: public, max-age=31536000, immutable": 17,
    "content-addressed: public, max-age=31536000, immutable": 52
  },
  "warnings": [],
  "storeCheck": {
    "store": "wrangler --remote boost-sites-artifacts [read-only]",
    "seal": "absent",
    "wouldUpload": 224,
    "wouldSkip": 0,
    "live": {
      "siteId": "boost-interior-demo",
      "packageHash": "286d44ab7d1f0c1202e992d8e17e384c6391d5c59d1a1eb321808f0dcc468e9e",
      "buildInputId": "0f80b2395724a721024bd43bcfdac383ba5328e820f2210eebe595002727127a",
      "releaseId": "interior-01-1.5.2-d87807590d64",
      "publishedAt": "2026-09-22T13:07:36.229Z"
    },
    "pointerAction": "write"
  }
}
