[boost-interior-demo] package 3846a29d30ef1d48… (build a4777cf9b71a0da0…, interior-01-1.6.1-8da56de8d28f) · 224 files · 8375907 B · host interior-demo.boostweb.co.kr
[boost-interior-demo] store: wrangler --remote boost-sites-artifacts · concurrency 4
[boost-interior-demo] seal present and identical → immutable skip (0 uploads)
[boost-interior-demo] reverified 224/224 sealed objects (sha256 + size)
[boost-interior-demo] activate: false → routing/interior-demo.boostweb.co.kr.json not read, not written
{
  "status": "uploaded",
  "siteId": "boost-interior-demo",
  "hostname": "interior-demo.boostweb.co.kr",
  "bucket": "boost-sites-artifacts",
  "packagePrefix": "sites/boost-interior-demo/packages/3846a29d30ef1d48e58b0c507075918424350870b096294a83678eb87ba20aaf/",
  "routingKey": "routing/interior-demo.boostweb.co.kr.json",
  "packageHash": "3846a29d30ef1d48e58b0c507075918424350870b096294a83678eb87ba20aaf",
  "buildInputId": "a4777cf9b71a0da0f7f52651ec027a219d7f09ce2e8f75ac4552a028cbfd413f",
  "releaseId": "interior-01-1.6.1-8da56de8d28f",
  "bakedOrigin": "https://interior-demo.boostweb.co.kr",
  "files": 224,
  "bytes": 8375907,
  "objectsPlanned": 226,
  "byContentType": {
    "text/html; charset=utf-8": 26,
    "text/plain; charset=utf-8": 126,
    "application/json": 2,
    "text/javascript; charset=utf-8": 16,
    "text/css; charset=utf-8": 1,
    "image/jpeg": 51,
    "image/svg+xml": 1,
    "application/xml": 1
  },
  "byCachePolicy": {
    "revalidate: public, max-age=0, must-revalidate": 155,
    "next-static: public, max-age=31536000, immutable": 17,
    "content-addressed: public, max-age=31536000, immutable": 52
  },
  "warnings": [],
  "upload": "skipped-sealed",
  "uploaded": 0,
  "verified": 224,
  "pointerWrite": "not-activated"
}
