[boost-interior-demo] package 3846a29d30ef1d48… (build a4777cf9b71a0da0…, interior-01-1.6.1-8da56de8d28f) · 224 files · 8375907 B · host interior-demo.boostweb.co.kr
[boost-interior-demo] store: wrangler --remote boost-sites-artifacts · concurrency 4
[boost-interior-demo] seal present and identical → immutable skip (0 uploads)
[boost-interior-demo] routing/interior-demo.boostweb.co.kr.json → 3846a29d30ef1d48… (previous 286d44ab7d1f0c12…)
{
  "status": "published",
  "siteId": "boost-interior-demo",
  "hostname": "interior-demo.boostweb.co.kr",
  "bucket": "boost-sites-artifacts",
  "packagePrefix": "sites/boost-interior-demo/packages/3846a29d30ef1d48e58b0c507075918424350870b096294a83678eb87ba20aaf/",
  "routingKey": "routing/interior-demo.boostweb.co.kr.json",
  "packageHash": "3846a29d30ef1d48e58b0c507075918424350870b096294a83678eb87ba20aaf",
  "buildInputId": "a4777cf9b71a0da0f7f52651ec027a219d7f09ce2e8f75ac4552a028cbfd413f",
  "releaseId": "interior-01-1.6.1-8da56de8d28f",
  "bakedOrigin": "https://interior-demo.boostweb.co.kr",
  "files": 224,
  "bytes": 8375907,
  "objectsPlanned": 226,
  "byContentType": {
    "text/html; charset=utf-8": 26,
    "text/plain; charset=utf-8": 126,
    "application/json": 2,
    "text/javascript; charset=utf-8": 16,
    "text/css; charset=utf-8": 1,
    "image/jpeg": 51,
    "image/svg+xml": 1,
    "application/xml": 1
  },
  "byCachePolicy": {
    "revalidate: public, max-age=0, must-revalidate": 155,
    "next-static: public, max-age=31536000, immutable": 17,
    "content-addressed: public, max-age=31536000, immutable": 52
  },
  "warnings": [],
  "upload": "skipped-sealed",
  "uploaded": 0,
  "verified": 0,
  "pointerWrite": "written",
  "previous": {
    "siteId": "boost-interior-demo",
    "packageHash": "286d44ab7d1f0c1202e992d8e17e384c6391d5c59d1a1eb321808f0dcc468e9e",
    "buildInputId": "0f80b2395724a721024bd43bcfdac383ba5328e820f2210eebe595002727127a",
    "releaseId": "interior-01-1.5.2-d87807590d64",
    "publishedAt": "2026-09-27T16:56:35.580Z"
  }
}
