[boost-interior-demo] release interior-01-1.6.1-8da56de8d28f · buildInputId f4605daa2ef5c370…
[boost-interior-demo] pruned routes with no page: portfolio.page
[boost-interior-demo] integration: 8 records → _integration/portfolio.968afbccb944940d8d3c099dd54df5be.json (157 ms)
[boost-interior-demo] built in 8s → data/site-builds/boost-interior-demo/packages/f4605daa2ef5c370b734361fd8337582a0ccb6456637a20deeda36900ce118c6
{
  "status": "built",
  "siteId": "boost-interior-demo",
  "buildInputId": "f4605daa2ef5c370b734361fd8337582a0ccb6456637a20deeda36900ce118c6",
  "releaseId": "interior-01-1.6.1-8da56de8d28f",
  "templateSourceHash": "b30123b6ce349b43ceaed173292cef86fdd3fac30e5706efcae0dfb5b4b1ba7a",
  "packageHash": "ed388341e83905959490247db378a458b0d3c9cc274aa91a9ac7307a7aee7607",
  "durationMs": {
    "total": 7972,
    "install": 1609,
    "preflight": 213,
    "nextBuild": 5656,
    "qa": 21
  },
  "qa": {
    "pass": true,
    "files": 144,
    "bytes": 7377647,
    "htmlPages": 15
  },
  "routes": {
    "home": 1,
    "portfolio.index": 1,
    "portfolio.page": 0,
    "portfolio.detail": 8,
    "portfolio3d": 1,
    "about": 1,
    "contact": 1
  },
  "pruned": [
    "portfolio.page"
  ],
  "warnings": [],
  "previous": "71a906c1f284a94f22146096313421b0c5c519ee524468c4e602b0f037a0ada8"
}
./node_modules/.bin/tsx --tsconfig platform/tsconfig.json  boost-interior-dem  16.92s user 5.87s system 255% cpu 8.914 total
exit=0
