[boost-interior-demo] release interior-01-1.6.1-8da56de8d28f · buildInputId ddbc72ad3fe018cf…
[boost-interior-demo] pruned routes with no page: portfolio.page
[boost-interior-demo] integration: 8 records → _integration/portfolio.968afbccb944940d8d3c099dd54df5be.json (165 ms)
[boost-interior-demo] built in 8s → data/site-builds/boost-interior-demo/packages/ddbc72ad3fe018cf354d12b625436b60c169683474845081f9cf73fcf522a38a
{
  "status": "built",
  "siteId": "boost-interior-demo",
  "buildInputId": "ddbc72ad3fe018cf354d12b625436b60c169683474845081f9cf73fcf522a38a",
  "releaseId": "interior-01-1.6.1-8da56de8d28f",
  "templateSourceHash": "b30123b6ce349b43ceaed173292cef86fdd3fac30e5706efcae0dfb5b4b1ba7a",
  "packageHash": "b10d430b2da3d954e5d2b59f8baec8933583c2eb94f7a713e0a7670cb8699535",
  "durationMs": {
    "total": 7828,
    "install": 1452,
    "preflight": 216,
    "nextBuild": 5652,
    "qa": 26
  },
  "qa": {
    "pass": true,
    "files": 144,
    "bytes": 7379231,
    "htmlPages": 15
  },
  "routes": {
    "home": 1,
    "portfolio.index": 1,
    "portfolio.page": 0,
    "portfolio.detail": 8,
    "portfolio3d": 1,
    "about": 1,
    "contact": 1
  },
  "pruned": [
    "portfolio.page"
  ],
  "warnings": [],
  "previous": "71a906c1f284a94f22146096313421b0c5c519ee524468c4e602b0f037a0ada8"
}
./node_modules/.bin/tsx --tsconfig platform/tsconfig.json  boost-interior-dem  17.50s user 5.89s system 268% cpu 8.719 total
exit=0
