[boost-interior-demo] package ed388341e8390595… (build f4605daa2ef5c370…, interior-01-1.6.1-8da56de8d28f) · 144 files · 7377647 B · host interior-demo.boostweb.co.kr
[boost-interior-demo] store: wrangler --remote boost-sites-artifacts · concurrency 4
[boost-interior-demo] uploaded 144/144
[boost-interior-demo] verified 144/144 (sha256 + size)
[boost-interior-demo] sealed sites/boost-interior-demo/packages/ed388341e83905959490247db378a458b0d3c9cc274aa91a9ac7307a7aee7607/_package.json
[boost-interior-demo] activate: false → routing/interior-demo.boostweb.co.kr.json not read, not written
{
  "status": "uploaded",
  "siteId": "boost-interior-demo",
  "hostname": "interior-demo.boostweb.co.kr",
  "bucket": "boost-sites-artifacts",
  "packagePrefix": "sites/boost-interior-demo/packages/ed388341e83905959490247db378a458b0d3c9cc274aa91a9ac7307a7aee7607/",
  "routingKey": "routing/interior-demo.boostweb.co.kr.json",
  "packageHash": "ed388341e83905959490247db378a458b0d3c9cc274aa91a9ac7307a7aee7607",
  "buildInputId": "f4605daa2ef5c370b734361fd8337582a0ccb6456637a20deeda36900ce118c6",
  "releaseId": "interior-01-1.6.1-8da56de8d28f",
  "bakedOrigin": "https://interior-demo.boostweb.co.kr",
  "files": 144,
  "bytes": 7377647,
  "objectsPlanned": 146,
  "byContentType": {
    "text/html; charset=utf-8": 15,
    "text/plain; charset=utf-8": 57,
    "application/json": 2,
    "text/javascript; charset=utf-8": 16,
    "text/css; charset=utf-8": 1,
    "image/jpeg": 51,
    "image/svg+xml": 1,
    "application/xml": 1
  },
  "byCachePolicy": {
    "revalidate: public, max-age=0, must-revalidate": 75,
    "next-static: public, max-age=31536000, immutable": 17,
    "content-addressed: public, max-age=31536000, immutable": 52
  },
  "warnings": [],
  "upload": "uploaded",
  "uploaded": 144,
  "verified": 144,
  "pointerWrite": "not-activated"
}
exit=0
