2026-09-29T11:20:37Z
/ 200 text/html; charset=utf-8
/portfolio 200 text/html; charset=utf-8
/about 200 text/html; charset=utf-8
/contact 200 text/html; charset=utf-8
/3d-portfolio 200 text/html; charset=utf-8
/_integration/manifest.json 200 application/json
/sitemap.xml 200 application/xml
/robots.txt 200 text/plain; charset=utf-8
footer: data-footer-notice="">부스트 인테리어는 BoostChat 기능 시연을 위한 가상 인테리어 브랜드입니다. 포트폴리오·후기는 데모용 예시이고, 사진은 AI로 생성한 예시 이미지입니다.
manifest: {"schemaVersion":"0.1","site":{"id":"boost-interior-demo","publicOrigin":"https://interior-demo.boostweb.co.kr","locale":"ko-KR"},"resources":{"portfolio":{"href":"/_integration/portfolio.968afbccb944940d8d3c099dd54df5be.json","version":"968afbccb944940d8d3c099dd54df5be"}}}
doc version 968afbccb944940d8d3c099dd54df5be records 8 bi-01,bi-02,bi-03,bi-04,bi-05,bi-06,bi-07,bi-08
old 19-record doc portfolio.856361f52e3f1b5022cce13a31afc171.json: 404
sitemap locs:       13
detail /portfolio/suseong-white-34py-apartment-remodeling 200
synthetic /portfolio/dalseo-34py-value-full-remodeling 404
synthetic /portfolio/suseong-34py-expansion-windows-full-remodeling 404
synthetic /portfolio/buk-20py-villa-full-remodeling 404
synthetic /portfolio/dong-26py-warm-wood-full-remodeling 404
synthetic /portfolio/suseong-48py-large-apartment-full-remodeling 404
synthetic /portfolio/dalseo-84m2-kitchen-only-renewal 404
synthetic /portfolio/jung-single-bathroom-renewal 404
synthetic /portfolio/gyeongsan-38py-kitchen-two-bathrooms-renewal 404
synthetic /portfolio/buk-112m2-living-room-flooring-renewal 404
synthetic /portfolio/seo-30py-entrance-storage-renewal 404
synthetic /portfolio/dalseong-32py-whole-flat-wallpaper-flooring 404
pages with old notice: 0
