{
 "desktop-home": {
  "fcta": 0,
  "scripts": 1,
  "iframes": 1,
  "closed": {
   "x": 1280,
   "y": 814,
   "width": 68,
   "height": 68
  },
  "overflow": 0,
  "open": {
   "x": 976,
   "y": 322,
   "width": 372,
   "height": 560
  },
  "overflowOpen": 0,
  "errors": []
 },
 "desktop-detail": {
  "fcta": 0,
  "scripts": 1,
  "iframes": 1,
  "closed": {
   "x": 1280,
   "y": 814,
   "width": 68,
   "height": 68
  },
  "overflow": 0,
  "open": {
   "x": 976,
   "y": 322,
   "width": 372,
   "height": 560
  },
  "overflowOpen": 0,
  "errors": []
 },
 "desktop-contact": {
  "fcta": 0,
  "scripts": 1,
  "iframes": 1,
  "closed": {
   "x": 1280,
   "y": 814,
   "width": 68,
   "height": 68
  },
  "overflow": 0,
  "open": {
   "x": 976,
   "y": 322,
   "width": 372,
   "height": 560
  },
  "overflowOpen": 0,
  "errors": []
 },
 "mobile390-home": {
  "fcta": 0,
  "scripts": 1,
  "iframes": 1,
  "closed": {
   "x": 310,
   "y": 764,
   "width": 68,
   "height": 68
  },
  "overflow": 0,
  "open": {
   "x": 12,
   "y": 212,
   "width": 366,
   "height": 620
  },
  "overflowOpen": 0,
  "errors": []
 },
 "mobile390-detail": {
  "fcta": 0,
  "scripts": 1,
  "iframes": 1,
  "closed": {
   "x": 310,
   "y": 764,
   "width": 68,
   "height": 68
  },
  "overflow": 0,
  "open": {
   "x": 12,
   "y": 212,
   "width": 366,
   "height": 620
  },
  "overflowOpen": 0,
  "errors": []
 },
 "mobile390-contact": {
  "fcta": 0,
  "scripts": 1,
  "iframes": 1,
  "closed": {
   "x": 310,
   "y": 764,
   "width": 68,
   "height": 68
  },
  "overflow": 0,
  "open": {
   "x": 12,
   "y": 212,
   "width": 366,
   "height": 620
  },
  "overflowOpen": 0,
  "errors": []
 }
}
