[boost-interior-demo] package cd048406311f22b6… (build 18c0a5eff5abce3f…, interior-01-1.5.2-d87807590d64) · 156 files · 7390478 B · host interior-demo.boostweb.co.kr

DRY RUN — nothing written. Target bucket: boost-sites-artifacts (remote)
store NOT consulted (add --check-store): if the package is not sealed there yet, all 156 files are uploaded; if it is sealed identically, all are skipped
key	content-type	cache-control	size
routing/interior-demo.boostweb.co.kr.json	application/json	no-store	-	(POINTER, written after the verified seal; "previous" filled from the existing pointer at publish time)
{
  "schemaVersion": 1,
  "hostname": "interior-demo.boostweb.co.kr",
  "siteId": "boost-interior-demo",
  "packageHash": "cd048406311f22b63cf83bd240b0579e03b69f3b60def82527e6f863f8035202",
  "buildInputId": "18c0a5eff5abce3fef1cc3f86c0498a3a49dbd03350245eb84e56b46dc60911f",
  "releaseId": "interior-01-1.5.2-d87807590d64",
  "publishedAt": "<set at publish time>"
}
{
  "status": "dry-run",
  "siteId": "boost-interior-demo",
  "hostname": "interior-demo.boostweb.co.kr",
  "bucket": "boost-sites-artifacts",
  "packagePrefix": "sites/boost-interior-demo/packages/cd048406311f22b63cf83bd240b0579e03b69f3b60def82527e6f863f8035202/",
  "routingKey": "routing/interior-demo.boostweb.co.kr.json",
  "packageHash": "cd048406311f22b63cf83bd240b0579e03b69f3b60def82527e6f863f8035202",
  "buildInputId": "18c0a5eff5abce3fef1cc3f86c0498a3a49dbd03350245eb84e56b46dc60911f",
  "releaseId": "interior-01-1.5.2-d87807590d64",
  "bakedOrigin": "https://interior-demo.boostweb.co.kr",
  "files": 156,
  "bytes": 7390478,
  "objectsPlanned": 158,
  "byContentType": {
    "text/html; charset=utf-8": 15,
    "text/plain; charset=utf-8": 71,
    "text/javascript; charset=utf-8": 16,
    "text/css; charset=utf-8": 1,
    "image/jpeg": 51,
    "image/svg+xml": 1,
    "application/xml": 1
  },
  "byCachePolicy": {
    "revalidate: public, max-age=0, must-revalidate": 87,
    "next-static: public, max-age=31536000, immutable": 17,
    "content-addressed: public, max-age=31536000, immutable": 52
  },
  "warnings": [],
  "storeCheck": null
}
