[boost-interior-demo] package cd048406311f22b6… (build 18c0a5eff5abce3f…, interior-01-1.5.2-d87807590d64) · 156 files · 7390478 B · host interior-demo.boostweb.co.kr
[boost-interior-demo] store: wrangler --remote boost-sites-artifacts · concurrency 4
[boost-interior-demo] seal present and identical → immutable skip (0 uploads)
[boost-interior-demo] reverified 156/156 sealed objects (sha256 + size)
[boost-interior-demo] activate: false → routing/interior-demo.boostweb.co.kr.json not read, not written
{
  "status": "uploaded",
  "siteId": "boost-interior-demo",
  "hostname": "interior-demo.boostweb.co.kr",
  "bucket": "boost-sites-artifacts",
  "packagePrefix": "sites/boost-interior-demo/packages/cd048406311f22b63cf83bd240b0579e03b69f3b60def82527e6f863f8035202/",
  "routingKey": "routing/interior-demo.boostweb.co.kr.json",
  "packageHash": "cd048406311f22b63cf83bd240b0579e03b69f3b60def82527e6f863f8035202",
  "buildInputId": "18c0a5eff5abce3fef1cc3f86c0498a3a49dbd03350245eb84e56b46dc60911f",
  "releaseId": "interior-01-1.5.2-d87807590d64",
  "bakedOrigin": "https://interior-demo.boostweb.co.kr",
  "files": 156,
  "bytes": 7390478,
  "objectsPlanned": 158,
  "byContentType": {
    "text/html; charset=utf-8": 15,
    "text/plain; charset=utf-8": 71,
    "text/javascript; charset=utf-8": 16,
    "text/css; charset=utf-8": 1,
    "image/jpeg": 51,
    "image/svg+xml": 1,
    "application/xml": 1
  },
  "byCachePolicy": {
    "revalidate: public, max-age=0, must-revalidate": 87,
    "next-static: public, max-age=31536000, immutable": 17,
    "content-addressed: public, max-age=31536000, immutable": 52
  },
  "warnings": [],
  "upload": "skipped-sealed",
  "uploaded": 0,
  "verified": 156,
  "pointerWrite": "not-activated"
}
