Already up to date
Done in 164ms using pnpm v11.21.0
$ tsx scripts/smoke-recon-template.ts

== fixture SiteSpec → REAL reconstruction generator
  PASS  exact app generated
  PASS  data-wr-obs annotation present in exact app
  PASS  dynamic template node ids present

== template compile (no overrides)
  PASS  §1 hero headline slot exists
  PASS  §1 hero default value
  PASS  §1 hero has desktop+mobile static bindings
  PASS  §1 hero key is site-specific + role canonical
  PASS  §1 line-count constraint recorded from geometry (64px / 32px = 2 lines)
  PASS  §2 leading segment slot with raw trailing space
  PASS  §2 nested <strong> segment is its own slot
  PASS  §2 trailing segment slot with raw leading space
  PASS  §2 trailing segment addressed as childIndex 2 / textSegment 1
  PASS  §2 hero description role on first hero paragraph segment
  PASS  §3 CTA label slot
  PASS  §3 CTA href slot
  PASS  §3 label and href share a group but are independent slots
  PASS  §3 href classified internal
  PASS  §4 footer text promoted to global
  PASS  §4 global slot binds on both pages × both viewports
  PASS  §4 footer role
  PASS  §5 main content stays page-scoped (one slot per page)
  PASS  §5 page slots carry pageId + route
  PASS  §6 image slot exists
  PASS  §6 image value is an object with src+alt+srcset
  PASS  §6 image constraints: measured box + aspect ratio + object-fit
  PASS  §6 image src/alt/srcset are separate bindings with fields
  PASS  §7 aria-hidden text never became a slot
  PASS  §7 aria-hidden anchor never became a slot
  PASS  §7 exclusions counted with evidence
  PASS  §10 dynamic-template-only slot exists (Pricing href)
  PASS  §10 dynamic binding addressed by trigger + discoveryId + templateNodeId
  PASS  §10 dynamic template text slot exists
  PASS  §11 shared nav label slot spans static AND dynamic-template surfaces
  PASS  §11 shared slot is global (identical header on all pages)
  PASS  §11 shared slot binds 5 occurrences (2 pages × 2 viewports static + 1 dynamic)
  PASS  §11 navigation role
  PASS  compile validation: every binding resolves
  PASS  compile validation: defaults are a no-op

== determinism (same inputs + same run id → byte-identical artifact)
  PASS  artifact files byte-identical across compiles

== §8/§9 manual overrides (exclude / merge / rename / role / scope)
  PASS  §8 excluded slot is gone
  PASS  §9 merged slot holds both pages' bindings
  PASS  §9 merge source slot is gone
  PASS  §9 cross-page merge widened scope to global
  PASS  rename override applied
  PASS  role override applied
  PASS  overrides recorded on slots
  PASS  overridden compile still validates (defaults no-op)
  PASS  §9 merge with differing defaults is refused

== §12–§14 live half: parity, interactions, mutation, hydration
  [qa:template] next build (/Users/woops/projects/web-recon/data/.smoke-recon-template-96867/reconstructions/fixture-run/app)
  [qa:template] next build (/Users/woops/projects/web-recon/data/.smoke-recon-template-96867/recon-templates/fixture-a/app)
  [qa:template] parity / @390
  [qa:template] parity / @1440
  [qa:template] parity /about @390
  [qa:template] parity /about @1440
  [qa:template] parity / @1920
  [qa:template] parity / @2048
  [qa:template] interactions / @1440
  [qa:template] interactions / @390
  [qa:template] mutation overlay → /Users/woops/projects/web-recon/data/.smoke-recon-template-96867/recon-templates/fixture-a/report/mutation-overlay.json
  PASS  §12 parity pairs compared
  PASS  §12 default parity: content + structure + geometry identical
  PASS  interaction regression: trigger equivalent in template app
  PASS  §13 mutation checks ran
  PASS  §13 every mutated binding occurrence changed (incl. dynamic template)
  PASS  §13 a dynamic-template occurrence was verified after mounting
  PASS  §13 mutation left DOM structure unchanged
  PASS  §13 mutation runtime clean
  PASS  §14 hydration errors 0 across every capture
  PASS  §14 runtime errors 0 across every capture
  PASS  §14 no template-introduced runtime errors across every capture
  PASS  §15 serve-origin normalization equates ports
  PASS  §15 identical inherited error (different serve port) is NOT introduced
  PASS  §15 template-only error IS introduced (negative control)
  PASS  §15 exact-only error with clean template introduces nothing (negative control)
  PASS  §15 different asset URL is a different error, not normalized away

== §16 route scope policy at the compile seam
  PASS  §16 policy-free compile records an unapplied policy
  PASS  §16 policy-free compile leaves every route core-reconstruct
  PASS  §16 core-reconstruct slotizes the route
  PASS  §16 collection-index slotizes the route
  PASS  §16 collection-representative slotizes the route
  PASS  §16 structure-only route is still IN the site map
  PASS  §16 structure-only route yields ZERO slots (measured, was > 0 policy-free)
  PASS  §16 structure-only route declares slotCount 0 in the site map
  PASS  §16 no binding anywhere addresses the structure-only page
  PASS  §16 the home route keeps its slots under the policy
  PASS  §16 slot count fell against the policy-free compile
  PASS  §16 manifest records the policy honestly
  PASS  §16 policy changes NOTHING the app renders (byte-identical outside template-data/)
  PASS  §16 the structure-only page's runtime data is still in the template app
  PASS  §16 excluded route is dropped from site-map routes and listed with its reason
  PASS  §16 exclusion is declared as still-served by the copied exact app (honesty)
  PASS  §16 a rule that matches no route is refused, never silently ignored
  PASS  §16 a policy that leaves no slotized route is refused
  PASS  §16 same input + same policy → byte-identical slots.json / site-map.json

== §17 collections in the site map (detection and representation only)
  PASS  §17 first matching rule wins (the exception above the sweep)
  PASS  §17 collections survive into a schema-valid site map
  PASS  §17 collection reuses the family evidence the template boundary used to lose
  PASS  §17 member count is a crawl-capped FLOOR, and says so
  PASS  §17 estimated total stays null (no pagination detection exists in this repo)
  PASS  §17 renderPolicy reports what the policy actually did to the members
  PASS  §17 a one-member family is a page, not a collection
  PASS  §17 no index route is observed → indexRoute is null, never synthesized
  PASS  §17 fieldHints restate observed slot roles, nothing more

== §18 backward compatibility with pre-Task-27 artifacts
  PASS  §18 a Task 18/19 site-map.json (no scope, no routePolicy, no collections) still parses
  PASS  §18 a compilerVersion 2 manifest (no routePolicy, no new counts) still parses

== §19 live: a structure-only route still RENDERS the exact reconstruction
  [qa:template] next build (/Users/woops/projects/web-recon/data/.smoke-recon-template-96867/recon-templates/policy-structure-only/app)
  [qa:template] parity / @390
  [qa:template] parity / @1440
  [qa:template] parity /about @390
  [qa:template] parity /about @1440
  [qa:template] parity / @1920
  [qa:template] parity / @2048
  [qa:template] interactions / @1440
  [qa:template] interactions / @390
  PASS  §19 the structure-only route was actually compared
  PASS  §19 structure-only route: content + structure + geometry identical to the exact app
  PASS  §19 every route of the policied template still passes parity
  PASS  §19 policied template stays hydration- and runtime-clean

== §20 hardening: path-spelling determinism, shared pages, shadowed rules
  PASS  §20 the two spellings really are different strings (test is meaningful)
  PASS  §20 two compiles differing ONLY in path spelling are byte-identical
  PASS  §20 the recorded policyFile is repo-relative POSIX, never the raw argument
  PASS  §20 a structure-only route sharing a slotized page is counted
  PASS  §20 the machine-readable limitation says so, with the real count
  PASS  §20 the site map carries the same count for diffing
  PASS  §20 policyFile IS load-bearing on site-map bytes (negative control)
  PASS  §20 no shared page → the code is absent and the site map omits the count
  PASS  §20 the compiled 2-page fixture (no shared page) does NOT claim the code
  PASS  §20 a fully shadowed rule is refused, never silently ignored
  PASS  §20 first-match-wins still accepts an exception ABOVE its sweep (positive control)

109/109 checks passed
