[fixture-large] release interior-01-1.5.1-6bbdd07eb9bf · buildInputId 986ca47e4ffa4072…
[fixture-large] built in 11s → data/site-builds/fixture-large/packages/986ca47e4ffa4072881e2d282eecb36ea5fe6475dd44621ed609bdea68a1a10a
{
  "status": "built",
  "siteId": "fixture-large",
  "buildInputId": "986ca47e4ffa4072881e2d282eecb36ea5fe6475dd44621ed609bdea68a1a10a",
  "releaseId": "interior-01-1.5.1-6bbdd07eb9bf",
  "templateSourceHash": "10fdd0744f82b439072a9277ef6a516f462c529a8dac136f7a832c5c883cb46f",
  "packageHash": "68e08fb69927f3bd9040d2f061051d24f47607c83ffbecfa2834fbc39c6e886a",
  "durationMs": {
    "total": 11014,
    "install": 1783,
    "preflight": 304,
    "nextBuild": 7278,
    "qa": 265
  },
  "qa": {
    "pass": true,
    "files": 1010,
    "bytes": 17366589,
    "htmlPages": 185
  },
  "routes": {
    "home": 1,
    "portfolio.index": 1,
    "portfolio.page": 5,
    "portfolio.detail": 173,
    "portfolio3d": 1,
    "about": 1,
    "contact": 1
  },
  "pruned": [],
  "warnings": [],
  "previous": "571f0f32a8f7837648f7d874696f712360a7c21ef56d183e21bdde27f4b1faad"
}
