[boost-interior-demo] release interior-01-1.5.1-6bbdd07eb9bf · buildInputId aa71b829ec7046f2…
[boost-interior-demo] pruned routes with no page: portfolio.page
[boost-interior-demo] built in 14s → data/site-builds/boost-interior-demo/packages/aa71b829ec7046f223904d42d38d1fe58a7b3fc61a245d6d3f6a4112c710b171
{
  "status": "built",
  "siteId": "boost-interior-demo",
  "buildInputId": "aa71b829ec7046f223904d42d38d1fe58a7b3fc61a245d6d3f6a4112c710b171",
  "releaseId": "interior-01-1.5.1-6bbdd07eb9bf",
  "templateSourceHash": "10fdd0744f82b439072a9277ef6a516f462c529a8dac136f7a832c5c883cb46f",
  "packageHash": "613cd9e00e73d8428efcb9afa4249bb353952994c0653568da59adc407890266",
  "durationMs": {
    "total": 14153,
    "install": 2148,
    "preflight": 367,
    "nextBuild": 10886,
    "qa": 54
  },
  "qa": {
    "pass": true,
    "files": 156,
    "bytes": 7283710,
    "htmlPages": 15
  },
  "routes": {
    "home": 1,
    "portfolio.index": 1,
    "portfolio.page": 0,
    "portfolio.detail": 8,
    "portfolio3d": 1,
    "about": 1,
    "contact": 1
  },
  "pruned": [
    "portfolio.page"
  ],
  "warnings": [],
  "previous": "6c74d34c2ecdf84be601f3c4f7974378f4d138a7c44ee0fac86485c8e1e67c43"
}
