[fixture-small] release interior-01-1.5.1-6bbdd07eb9bf · buildInputId 36c3a04c9045e8dc…
[fixture-small] pruned routes with no page: portfolio.page
[fixture-small] built in 9s → data/site-builds/fixture-small/packages/36c3a04c9045e8dc6bd3b50e2796c176fb9c582f7ed222037710a161a2ab9bff
{
  "status": "built",
  "siteId": "fixture-small",
  "buildInputId": "36c3a04c9045e8dc6bd3b50e2796c176fb9c582f7ed222037710a161a2ab9bff",
  "releaseId": "interior-01-1.5.1-6bbdd07eb9bf",
  "templateSourceHash": "10fdd0744f82b439072a9277ef6a516f462c529a8dac136f7a832c5c883cb46f",
  "packageHash": "37ffbf669f75e2f5600bda4392303bd4d2f92d75f8df3a2bfc0b2b6da7d35544",
  "durationMs": {
    "total": 9496,
    "install": 1633,
    "preflight": 342,
    "nextBuild": 6987,
    "qa": 45
  },
  "qa": {
    "pass": true,
    "files": 145,
    "bytes": 2032218,
    "htmlPages": 19
  },
  "routes": {
    "home": 1,
    "portfolio.index": 1,
    "portfolio.page": 0,
    "portfolio.detail": 12,
    "portfolio3d": 1,
    "about": 1,
    "contact": 1
  },
  "pruned": [
    "portfolio.page"
  ],
  "warnings": [],
  "previous": "e2052ae25de68f525427c2ef276161833c291b47a2495008831561471fd85574"
}
