[fixture-empty] release interior-01-1.5.1-6bbdd07eb9bf · buildInputId 1deb02ecf2cafe84…
[fixture-empty] pruned routes with no page: portfolio.index, portfolio.page, portfolio.detail
[fixture-empty] built in 13s → data/site-builds/fixture-empty/packages/1deb02ecf2cafe84112ef4d45de01a538efd7ad39dcf286661ef5625020a6cba
{
  "status": "built",
  "siteId": "fixture-empty",
  "buildInputId": "1deb02ecf2cafe84112ef4d45de01a538efd7ad39dcf286661ef5625020a6cba",
  "releaseId": "interior-01-1.5.1-6bbdd07eb9bf",
  "templateSourceHash": "10fdd0744f82b439072a9277ef6a516f462c529a8dac136f7a832c5c883cb46f",
  "packageHash": "a93cac84296c00093ac37dc316d50d01d947e538fbf1e7e0ad1766504635ea80",
  "durationMs": {
    "total": 13092,
    "install": 1753,
    "preflight": 256,
    "nextBuild": 10740,
    "qa": 12
  },
  "qa": {
    "pass": true,
    "files": 44,
    "bytes": 828063,
    "htmlPages": 6
  },
  "routes": {
    "home": 1,
    "portfolio.index": 0,
    "portfolio.page": 0,
    "portfolio.detail": 0,
    "portfolio3d": 1,
    "about": 1,
    "contact": 1
  },
  "pruned": [
    "portfolio.index",
    "portfolio.page",
    "portfolio.detail"
  ],
  "warnings": [],
  "previous": "b3da982da0376c6e3670df3c4bb2165ced112b99c7b61990e74a94e24744babd"
}
