ok   fixture-large / m320 — 34/34 checks
ok   fixture-large / m390 — 40/40 checks
ok   fixture-large / m430 — 29/29 checks
ok   fixture-large / t800 — 36/36 checks
ok   fixture-large / d1000 — 36/36 checks
ok   fixture-large / d1440 — 38/38 checks
ok   fixture-large / d1920 — 30/30 checks
ok   fixture-large /portfolio m390 — 39/39 checks
ok   fixture-large /portfolio t800 — 38/38 checks
ok   fixture-large /portfolio d1000 — 38/38 checks
ok   fixture-large /portfolio d1440 — 39/39 checks
ok   fixture-large /portfolio/quarry-hill-kitchen-0174 m390 — 29/29 checks
ok   fixture-large /portfolio/quarry-hill-kitchen-0174 t800 — 29/29 checks
ok   fixture-large /portfolio/quarry-hill-kitchen-0174 d1440 — 47/47 checks
ok   fixture-large /portfolio/page/2 d1440 — 36/36 checks
ok   fixture-large /portfolio/page/2 m390 — 46/46 checks
ok   fixture-large /portfolio?type=kitchen&sort=oldest m390 — 29/29 checks
ok   fixture-large /portfolio m390 — 30/30 checks
ok   fixture-large /portfolio d1440 — 29/29 checks
ok   fixture-large /no-such-page m390 — 29/29 checks
ok   fixture-large /portfolio/no-such-project d1440 — 29/29 checks
ok   fixture-small / m320 — 34/34 checks
ok   fixture-small / m390 — 33/33 checks
ok   fixture-small / d1440 — 39/39 checks
ok   fixture-small /portfolio m390 — 32/32 checks
ok   fixture-small /portfolio d1440 — 32/32 checks
ok   fixture-small /portfolio/maru-project-001 m390 — 30/30 checks
ok   fixture-empty / m390 — 11/11 checks
ok   fixture-empty / d1440 — 10/10 checks
ok   fixture-empty /no-such-page d1440 — 11/11 checks
polish visual smoke: 962/962 checks, 30 visits
