[fixture-empty] release interior-01-1.5.0-75f173939e77 · buildInputId b3da982da0376c6e…
[fixture-empty] pruned routes with no page: portfolio.index, portfolio.page, portfolio.detail
[fixture-empty] built in 8s → data/site-builds/fixture-empty/packages/b3da982da0376c6e3670df3c4bb2165ced112b99c7b61990e74a94e24744babd
{
  "status": "built",
  "siteId": "fixture-empty",
  "buildInputId": "b3da982da0376c6e3670df3c4bb2165ced112b99c7b61990e74a94e24744babd",
  "releaseId": "interior-01-1.5.0-75f173939e77",
  "templateSourceHash": "24d23c8f432e9502bec0c24aa9e68db1a1a6c44406f568c78ec7a3d6054c8c6c",
  "packageHash": "05949a9db5e67e1b1a6ca88576e1f0f539c903b4f61ed4701f6e4310c4ded3c3",
  "durationMs": {
    "total": 7502,
    "install": 1519,
    "preflight": 226,
    "nextBuild": 5469,
    "qa": 10
  },
  "qa": {
    "pass": true,
    "files": 44,
    "bytes": 825922,
    "htmlPages": 6
  },
  "routes": {
    "home": 1,
    "portfolio.index": 0,
    "portfolio.page": 0,
    "portfolio.detail": 0,
    "portfolio3d": 1,
    "about": 1,
    "contact": 1
  },
  "pruned": [
    "portfolio.index",
    "portfolio.page",
    "portfolio.detail"
  ],
  "warnings": [],
  "previous": "33644914c7fcd91ee01fe2219edb6d35e0fc20b1b69c18635a6282bc886153d5"
}
