[fixture-small] release interior-01-1.5.0-75f173939e77 · buildInputId e2052ae25de68f52…
[fixture-small] pruned routes with no page: portfolio.page
[fixture-small] built in 8s → data/site-builds/fixture-small/packages/e2052ae25de68f525427c2ef276161833c291b47a2495008831561471fd85574
{
  "status": "built",
  "siteId": "fixture-small",
  "buildInputId": "e2052ae25de68f525427c2ef276161833c291b47a2495008831561471fd85574",
  "releaseId": "interior-01-1.5.0-75f173939e77",
  "templateSourceHash": "24d23c8f432e9502bec0c24aa9e68db1a1a6c44406f568c78ec7a3d6054c8c6c",
  "packageHash": "64b5ed080a3469c09ad379a54a1c4158b447a788fb2a2fe5b6d73db83af8f22c",
  "durationMs": {
    "total": 7971,
    "install": 1599,
    "preflight": 237,
    "nextBuild": 5786,
    "qa": 25
  },
  "qa": {
    "pass": true,
    "files": 145,
    "bytes": 2028529,
    "htmlPages": 19
  },
  "routes": {
    "home": 1,
    "portfolio.index": 1,
    "portfolio.page": 0,
    "portfolio.detail": 12,
    "portfolio3d": 1,
    "about": 1,
    "contact": 1
  },
  "pruned": [
    "portfolio.page"
  ],
  "warnings": [],
  "previous": "dd1d4b4ec395c4936d8285760a251ca5330fc1d2b5d21770296045358435900f"
}
