[boost-interior-demo] release interior-01-1.5.0-75f173939e77 · buildInputId 6c74d34c2ecdf84b…
[boost-interior-demo] pruned routes with no page: portfolio.page
[boost-interior-demo] built in 8s → data/site-builds/boost-interior-demo/packages/6c74d34c2ecdf84be601f3c4f7974378f4d138a7c44ee0fac86485c8e1e67c43
{
  "status": "built",
  "siteId": "boost-interior-demo",
  "buildInputId": "6c74d34c2ecdf84be601f3c4f7974378f4d138a7c44ee0fac86485c8e1e67c43",
  "releaseId": "interior-01-1.5.0-75f173939e77",
  "templateSourceHash": "24d23c8f432e9502bec0c24aa9e68db1a1a6c44406f568c78ec7a3d6054c8c6c",
  "packageHash": "c28ad0131b71f69394c408099b5a4486d2d9bd72136d77c369cdc7189a2e5aa7",
  "durationMs": {
    "total": 7806,
    "install": 1548,
    "preflight": 231,
    "nextBuild": 5641,
    "qa": 22
  },
  "qa": {
    "pass": true,
    "files": 156,
    "bytes": 7279757,
    "htmlPages": 15
  },
  "routes": {
    "home": 1,
    "portfolio.index": 1,
    "portfolio.page": 0,
    "portfolio.detail": 8,
    "portfolio3d": 1,
    "about": 1,
    "contact": 1
  },
  "pruned": [
    "portfolio.page"
  ],
  "warnings": [],
  "previous": "fb723e0924ace28520d2f236472b4ea791785baa22981d2cf7ab9784937060e0"
}
