[fixture-large] release interior-01-1.5.0-75f173939e77 · buildInputId 571f0f32a8f78376…
[fixture-large] built in 9s → data/site-builds/fixture-large/packages/571f0f32a8f7837648f7d874696f712360a7c21ef56d183e21bdde27f4b1faad
{
  "status": "built",
  "siteId": "fixture-large",
  "buildInputId": "571f0f32a8f7837648f7d874696f712360a7c21ef56d183e21bdde27f4b1faad",
  "releaseId": "interior-01-1.5.0-75f173939e77",
  "templateSourceHash": "24d23c8f432e9502bec0c24aa9e68db1a1a6c44406f568c78ec7a3d6054c8c6c",
  "packageHash": "74cfc723cce4459c4e6aee5ab572f1402c2380541b307b25fcc1bf9e8713cd37",
  "durationMs": {
    "total": 8764,
    "install": 1498,
    "preflight": 244,
    "nextBuild": 5935,
    "qa": 190
  },
  "qa": {
    "pass": true,
    "files": 1010,
    "bytes": 17362904,
    "htmlPages": 185
  },
  "routes": {
    "home": 1,
    "portfolio.index": 1,
    "portfolio.page": 5,
    "portfolio.detail": 173,
    "portfolio3d": 1,
    "about": 1,
    "contact": 1
  },
  "pruned": [],
  "warnings": [],
  "previous": "d0205d92843242c170ac35d03663d017c211d306a66dd7e96e0c5c349f2257dd"
}
