  ok   / @m390 (13/13)
  ok   / @t800 (13/13)
  ok   / @d1000 (13/13)
  ok   / @d1440 (13/13)
  ok   / @d1920 (13/13)
  ok   / @m320 (13/13)
  ok   /portfolio @m390 (13/13)
  ok   /portfolio @d1440 (13/13)
  ok   /portfolio?type=full-remodel&style=화이트 @m390 (13/13)
  ok   /portfolio?type=full-remodel&style=화이트 @d1440 (13/13)
  ok   /portfolio/suseong-white-34py-apartment-remodeling @m390 (13/13)
  ok   /portfolio/suseong-white-34py-apartment-remodeling @d1440 (13/13)
  ok   /portfolio/suseong-white-34py-apartment-remodeling @t800 (13/13)
  ok   /portfolio/buk-32py-kitchen-bathroom-renewal @m390 (13/13)
  ok   /portfolio/buk-32py-kitchen-bathroom-renewal @d1440 (13/13)
  ok   /no-such-page @m390 (13/13)
  ok   /no-such-page @d1440 (13/13)
  ok   filter contract (16/16)
{
  "visits": 18,
  "checks": 237,
  "passed": 237,
  "failed": 0,
  "failuresByCheck": {}
}
