site boost-interior-demo · release interior-01-1.4.2-a223ccd0759c

[A] home hero carousel arrows
  ok   320px: both arrows visible, non-empty, inside the hero box and inside the viewport
  ok   320px: nothing covers the arrows (elementFromPoint hits the arrow)
  ok   320px: arrows do not overlap the pager pill or the active slide's copy content
  ok   320px: hit target ≥ 36×36
  ok   320px: next changes the active slide, prev returns to the first one
  ok   320px: no horizontal page overflow
  ok   320px: no console / page error, no non-local request
  ok   360px: both arrows visible, non-empty, inside the hero box and inside the viewport
  ok   360px: nothing covers the arrows (elementFromPoint hits the arrow)
  ok   360px: arrows do not overlap the pager pill or the active slide's copy content
  ok   360px: hit target ≥ 36×36
  ok   360px: next changes the active slide, prev returns to the first one
  ok   360px: no horizontal page overflow
  ok   360px: no console / page error, no non-local request
  ok   390px: both arrows visible, non-empty, inside the hero box and inside the viewport
  ok   390px: nothing covers the arrows (elementFromPoint hits the arrow)
  ok   390px: arrows do not overlap the pager pill or the active slide's copy content
  ok   390px: hit target ≥ 36×36
  ok   390px: next changes the active slide, prev returns to the first one
  ok   390px: no horizontal page overflow
  ok   390px: no console / page error, no non-local request
  ok   430px: both arrows visible, non-empty, inside the hero box and inside the viewport
  ok   430px: nothing covers the arrows (elementFromPoint hits the arrow)
  ok   430px: arrows do not overlap the pager pill or the active slide's copy content
  ok   430px: hit target ≥ 36×36
  ok   430px: next changes the active slide, prev returns to the first one
  ok   430px: no horizontal page overflow
  ok   430px: no console / page error, no non-local request
  ok   600px: both arrows visible, non-empty, inside the hero box and inside the viewport
  ok   600px: nothing covers the arrows (elementFromPoint hits the arrow)
  ok   600px: arrows do not overlap the pager pill or the active slide's copy content
  ok   600px: hit target ≥ 36×36
  ok   600px: next changes the active slide, prev returns to the first one
  ok   600px: no horizontal page overflow
  ok   600px: no console / page error, no non-local request
  ok   768px: both arrows visible, non-empty, inside the hero box and inside the viewport
  ok   768px: nothing covers the arrows (elementFromPoint hits the arrow)
  ok   768px: arrows do not overlap the pager pill or the active slide's copy content
  ok   768px: hit target ≥ 36×36
  ok   768px: next changes the active slide, prev returns to the first one
  ok   768px: no horizontal page overflow
  ok   768px: no console / page error, no non-local request
  ok   820px: both arrows visible, non-empty, inside the hero box and inside the viewport
  ok   820px: nothing covers the arrows (elementFromPoint hits the arrow)
  ok   820px: arrows do not overlap the pager pill or the active slide's copy content
  ok   820px: hit target ≥ 36×36
  ok   820px: next changes the active slide, prev returns to the first one
  ok   820px: no horizontal page overflow
  ok   820px: no console / page error, no non-local request
  ok   899px: both arrows visible, non-empty, inside the hero box and inside the viewport
  ok   899px: nothing covers the arrows (elementFromPoint hits the arrow)
  ok   899px: arrows do not overlap the pager pill or the active slide's copy content
  ok   899px: hit target ≥ 36×36
  ok   899px: next changes the active slide, prev returns to the first one
  ok   899px: no horizontal page overflow
  ok   899px: no console / page error, no non-local request
  ok   900px: both arrows visible, non-empty, inside the hero box and inside the viewport
  ok   900px: nothing covers the arrows (elementFromPoint hits the arrow)
  ok   900px: arrows do not overlap the pager pill or the active slide's copy content
  ok   900px: hit target ≥ 44×44
  ok   900px: next changes the active slide, prev returns to the first one
  ok   900px: no horizontal page overflow
  ok   900px: no console / page error, no non-local request
  ok   1024px: both arrows visible, non-empty, inside the hero box and inside the viewport
  ok   1024px: nothing covers the arrows (elementFromPoint hits the arrow)
  ok   1024px: arrows do not overlap the pager pill or the active slide's copy content
  ok   1024px: hit target ≥ 44×44
  ok   1024px: next changes the active slide, prev returns to the first one
  ok   1024px: no horizontal page overflow
  ok   1024px: no console / page error, no non-local request
  ok   1280px: both arrows visible, non-empty, inside the hero box and inside the viewport
  ok   1280px: nothing covers the arrows (elementFromPoint hits the arrow)
  ok   1280px: arrows do not overlap the pager pill or the active slide's copy content
  ok   1280px: hit target ≥ 44×44
  ok   1280px: next changes the active slide, prev returns to the first one
  ok   1280px: no horizontal page overflow
  ok   1280px: no console / page error, no non-local request
  ok   1440px: both arrows visible, non-empty, inside the hero box and inside the viewport
  ok   1440px: nothing covers the arrows (elementFromPoint hits the arrow)
  ok   1440px: arrows do not overlap the pager pill or the active slide's copy content
  ok   1440px: hit target ≥ 44×44
  ok   1440px: next changes the active slide, prev returns to the first one
  ok   1440px: no horizontal page overflow
  ok   1440px: no console / page error, no non-local request
  ok   1920px: both arrows visible, non-empty, inside the hero box and inside the viewport
  ok   1920px: nothing covers the arrows (elementFromPoint hits the arrow)
  ok   1920px: arrows do not overlap the pager pill or the active slide's copy content
  ok   1920px: hit target ≥ 44×44
  ok   1920px: next changes the active slide, prev returns to the first one
  ok   1920px: no horizontal page overflow
  ok   1920px: no console / page error, no non-local request
  ok   negative control (fixture-empty, data-slides=1): one-slide hero renders no arrows and no pager

[B] detail gallery "전체" (all) tab
  ok   [1440] detail 200
  ok   [1440] first tab is "all", selected, text starts with 전체, count = sum of rooms (13)
  ok   [1440] room tab order unchanged (0..5)
  ok   [1440] "all" panel visible, all room panels hidden
  ok   [1440] "all" panel item count = sum (13)
  ok   [1440] "all" panel image order = room-by-room concatenation
  ok   [1440] "all" panel collapsed to 5 tiles with a "show more" button
  ok   [1440] "show more" expands "all" panel to all 13 tiles
  ok   [1440] clicking room tab 1 shows only panel 1
  ok   [1440] clicking "all" returns to the all panel
  ok   [1440] keyboard ArrowRight from "all" selects tab 0
  ok   [1440] keyboard Home selects "all"
  ok   [390] detail 200
  ok   [390] first tab is "all", selected, text starts with 전체, count = sum of rooms (13)
  ok   [390] room tab order unchanged (0..5)
  ok   [390] "all" panel visible, all room panels hidden
  ok   [390] "all" panel item count = sum (13)
  ok   [390] "all" panel image order = room-by-room concatenation
  ok   [390] "all" panel counter starts 1 / 13 and steps to 2 / 13
  ok   [390] clicking room tab 1 shows only panel 1
  ok   [390] clicking "all" returns to the all panel
  ok   [390] keyboard ArrowRight from "all" selects tab 0
  ok   [390] keyboard Home selects "all"

[C] photo viewer
  ok   [1440] server HTML has no viewer dialog markup
  ok   [1440] detail 200
  ok   [1440] no dialog before any click
  ok   [1440] open on 3rd photo: counter 3 / 13, badge 거실
  ok   [1440] viewer image src matches the tile, is loaded
  ok   [1440] viewer image fully inside the viewport and not cropped (aspect ratio within 1%)
  ok   [1440] html overflow hidden while the viewer is open
  ok   [1440] page scroll position unchanged after a scroll attempt while the viewer is open
  ok   [1440] next arrow: 4 / 13, badge 주방
  ok   [1440] stepping forward wraps around to 1 / 13
  ok   [1440] full lap of 13 "next" clicks tracks room boundaries and wraps back to 1 / 13
  ok   [1440] ArrowLeft from 1 / 13 wraps to 13 / 13
  ok   [1440] Escape closes the viewer, restores scroll, returns focus to the pressed zoom button
  ok   [1440] [data-viewer-close] closes the viewer
  ok   [1440] clicking the image itself does not close the viewer
  ok   [1440] clicking the backdrop below the stage closes the viewer
  ok   [1440] room-tab viewer: 1 / 3, badge 주방
  ok   [390] server HTML has no viewer dialog markup
  ok   [390] detail 200
  ok   [390] no dialog before any click
  ok   [390] open on 3rd photo: counter 3 / 13, badge 거실
  ok   [390] viewer image src matches the tile, is loaded
  ok   [390] viewer image fully inside the viewport and not cropped (aspect ratio within 1%)
  ok   [390] html overflow hidden while the viewer is open
  ok   [390] page scroll position unchanged after a scroll attempt while the viewer is open
  ok   [390] next arrow: 4 / 13, badge 주방
  ok   [390] stepping forward wraps around to 1 / 13
  ok   [390] full lap of 13 "next" clicks tracks room boundaries and wraps back to 1 / 13
  ok   [390] ArrowLeft from 1 / 13 wraps to 13 / 13
  ok   [390] Escape closes the viewer, restores scroll, returns focus to the pressed zoom button
  ok   [390] [data-viewer-close] closes the viewer
  ok   [390] clicking the image itself does not close the viewer
  ok   [390] clicking the backdrop below the stage closes the viewer
  ok   [390] room-tab viewer: 1 / 3, badge 주방
  ok   [390] touch swipe on the stage moves to the next photo
  ok   before/after: clicking the BA toggle itself does not open the viewer
  ok   before/after: viewer opens on the before image the seat was showing
  ok   strip end: rapid extra taps on "next" reach the last photo and never open the viewer

[D] footer notice
  ok   home@1440: footer notice exists, exact text, after facts, ≤13px, opacity<1
  ok   home@1440: footer notice not covered by the floating CTA
  ok   home@1440: no horizontal overflow
  ok   portfolio@1440: footer notice exists, exact text, after facts, ≤13px, opacity<1
  ok   portfolio@1440: footer notice not covered by the floating CTA
  ok   portfolio@1440: no horizontal overflow
  ok   detail@1440: footer notice exists, exact text, after facts, ≤13px, opacity<1
  ok   detail@1440: footer notice not covered by the floating CTA
  ok   detail@1440: no horizontal overflow
  ok   home@390: footer notice exists, exact text, after facts, ≤13px, opacity<1
  ok   home@390: footer notice not covered by the floating CTA
  ok   home@390: no horizontal overflow
  ok   portfolio@390: footer notice exists, exact text, after facts, ≤13px, opacity<1
  ok   portfolio@390: footer notice not covered by the floating CTA
  ok   portfolio@390: no horizontal overflow
  ok   detail@390: footer notice exists, exact text, after facts, ≤13px, opacity<1
  ok   detail@390: footer notice not covered by the floating CTA
  ok   detail@390: no horizontal overflow

[E] pages hygiene
  ok   home@1440: 200, 15 images, 0 broken, no overflow, no console error, no non-local request
  ok   portfolio@1440: 200, 10 images, 0 broken, no overflow, no console error, no non-local request
  ok   detail@1440: 200, 27 images, 0 broken, no overflow, no console error, no non-local request
  ok   home@390: 200, 15 images, 0 broken, no overflow, no console error, no non-local request
  ok   portfolio@390: 200, 10 images, 0 broken, no overflow, no console error, no non-local request
  ok   detail@390: 200, 27 images, 0 broken, no overflow, no console error, no non-local request

177 / 177 passed
