Already up to date
Done in 153ms using pnpm v11.21.0
$ tsx src/cli-release-build.ts data/stripe.com/release-projects/stripe.com-2026-08-19T06-36-35-798Z --dry-run
[release] hashed reconstruction: 9966b4745f76… (data/stripe.com/reconstructions/2026-08-17T21-38-04-901Z)
[release] hashed template: 662b81559987… (data/stripe.com/recon-templates/2026-08-18T10-45-40-007Z)
[release] hashed content: 29ec2f5e7f0f… (data/stripe.com/content-runs/2026-08-18T10-46-26-129Z)
[release] hashed theme: 08809e202471… (data/stripe.com/theme-runs/2026-08-18T12-07-34-566Z)
[release] hashed seo: 93db4c312e9b… (data/stripe.com/production-seo-plans/2026-08-18T19-26-12-572Z)
[release] hashed assets: 28d380141613… (data/stripe.com/asset-materializations/2026-08-19T05-54-55-204Z)
[release] hashed production: cdecc2aea04a… (data/stripe.com/production-specs/2026-08-19T06-36-35-798Z)

WOULD RUN
  (nothing — all stages fresh)

WOULD REUSE
  reconstruction
  template
  content
  theme
  seo
  assets
  production

